10-18 08:56:34.227   521  4444 E StatsCompanionService: 	at android.app.ApplicationPackageManager.getInstallSourceInfo(ApplicationPackageManager.java:2541)
10-18 08:56:34.227   521  4444 E StatsCompanionService: 	at com.android.server.stats.StatsCompanionService.getInstallerPackageName(Unknown Source:1)
10-18 08:56:34.227   521  4444 E StatsCompanionService: 	at com.android.server.stats.StatsCompanionService.lambda$informAllUids$0(Unknown Source:107)
10-18 08:56:34.227   521  4444 E StatsCompanionService: 	at com.android.server.stats.StatsCompanionService.$r8$lambda$VOiYvFUkZmZjyfB0dWDMf-akDT0(Unknown Source:0)
10-18 08:56:34.227   521  4444 E StatsCompanionService: 	at com.android.server.stats.StatsCompanionService$$ExternalSyntheticLambda1.run(Unknown Source:6)
10-18 08:56:34.227   521  4444 E StatsCompanionService: 	at android.os.Handler.handleCallback(Handler.java:942)
10-18 08:56:34.227   521  4444 E StatsCompanionService: 	at android.os.Handler.dispatchMessage(Handler.java:99)
10-18 08:56:34.227   521  4444 E StatsCompanionService: 	at android.os.Looper.loopOnce(Looper.java:201)
10-18 08:56:34.227   521  4444 E StatsCompanionService: 	at android.os.Looper.loop(Looper.java:288)
10-18 08:56:34.227   521  4444 E StatsCompanionService: 	at android.os.HandlerThread.run(HandlerThread.java:67)
10-18 08:56:35.594   521  4442 E SettingsToPropertiesMapper: adservices/disable_sdk_sandbox,adservices/enforce_broadcast_receiver_restrictions,adservices/fledge_ad_selection_enforce_foreground_status_custom_audience,adservices/fledge_custom_audience_max_count,adservices/fledge_custom_audience_max_num_ads,adservices/fledge_custom_audience_max_owner_count,adservices/fledge_custom_audience_per_app_max_count,adservices/fledge_js_isolate_enforce_max_heap_size,adservices/fledge_js_isolate_max_heap_size_bytes,adservices/sdk_request_permits_per_second,adservices/sdksandbox_customized_sdk_context_enabled,configuration/namespace_to_package_mapping,constrain_display_apis/always_constrain_display_apis,constrain_display_apis/never_constrain_display_apis,constrain_display_apis/never_constrain_display_apis_all_packages,device_policy_manager/disable_resources_updatability,flipendo/default_savings_mode_launch,flipendo/essential_apps,flipendo/flipendo_enabled_launch,flipendo/grayscale_enabled_launch,flipendo/lever_ble_scanning_enabled_launch,flipendo/lever_hotspot_enabled_launch,flipendo/lever_work_profile_enabled_launch,flipendo/resuspend_delay_minutes,namespace/key,namespace1/key1,namespace1/key2,namespace2/key1,namespace2/key2,package_manager_service/incfs_default_timeouts,package_manager_service/known_digesters_list,privacy/location_access_check_periodic_interval_millis,rollback/enable_rollback_timeout,rollback/watchdog_explicit_health_check_enabled,rollback/watchdog_request_timeout_millis,rollback/watchdog_trigger_failure_count,rollback/watchdog_trigger_failure_duration_millis,rollback_boot/rollback_lifetime_in_millis,systemui/nas_generate_actions,systemui/nas_generate_replies,systemui/nas_max_messages_to_extract,systemui/nas_max_suggestions,testspace/another,testspace/flagname,textclassifier/config_updater_model_enabled,textclassifier/key,textclassifier/key2,textclassifier/manifest_url_annotator_en,textclassifier/manifest_url_annotator_ru,textclassifier/model_download_backoff_delay_in_millis,textclassifier/model_download_manager_enabled,textclassifier/multi_language_support_enabled,textclassifier/testing_locale_list_override,textclassifier/textclassifier_service_package_override,window_manager/enable_default_rescind_bal_privileges_from_pending_intent_sender,wrong/nas_generate_replies, exceeds system property max length.
10-18 08:56:36.078   521   521 E DeviceConfig: Parsing int failed for location_mode
10-18 08:56:42.298   521   706 E ClipboardService: Denying clipboard access to com.android.chrome, application is not in focus nor is it a system service for user 0
10-18 08:56:42.304   521   707 E ClipboardService: Denying clipboard access to com.android.chrome, application is not in focus nor is it a system service for user 0
10-18 08:56:59.750   521   706 E ClipboardService: Denying clipboard access to com.android.chrome, application is not in focus nor is it a system service for user 0
10-18 08:56:59.765   521   707 E ClipboardService: Denying clipboard access to com.android.chrome, application is not in focus nor is it a system service for user 0
10-18 08:57:36.289  1735  1735 E A       : onError
10-18 08:57:36.289  1735  1735 E A       : com.google.android.apps.gsa.shared.speech.a.m: errorCode: 65561, engine: 2
10-18 08:57:36.289  1735  1735 E A       : 	at com.google.android.apps.gsa.staticplugins.dc.a.e.a(PG:3)
10-18 08:57:36.289  1735  1735 E A       : 	at com.google.android.apps.gsa.s3.n.hh(PG:1)
10-18 08:57:36.289  1735  1735 E A       : 	at com.google.cd.g.a.f.e(PG:2)
10-18 08:57:36.289  1735  1735 E A       : 	at com.google.android.apps.gsa.speech.k.a.g.d(PG:22)
10-18 08:57:36.289  1735  1735 E A       : 	at com.google.android.apps.gsa.speech.k.a.g.ks(PG:6)
10-18 08:57:36.289  1735  1735 E A       : 	at com.google.android.apps.gsa.s3.o.e(PG:14)
10-18 08:57:36.289  1735  1735 E A       : 	at com.google.android.apps.gsa.s3.p.run(PG:1)
10-18 08:57:36.289  1735  1735 E A       : 	at java.util.concurrent.Executors$RunnableAdapter.call(Executors.java:463)
10-18 08:57:36.289  1735  1735 E A       : 	at java.util.concurrent.FutureTask.run(FutureTask.java:264)
10-18 08:57:36.289  1735  1735 E A       : 	at com.google.android.apps.gsa.shared.util.c.a.e.run(PG:2)
10-18 08:57:36.289  1735  1735 E A       : 	at com.google.android.apps.gsa.shared.util.c.a.bi.run(PG:1)
10-18 08:57:36.289  1735  1735 E A       : 	at com.google.android.apps.gsa.shared.util.c.a.bi.run(PG:1)
10-18 08:57:36.289  1735  1735 E A       : 	at java.util.concurrent.ThreadPoolExecutor.runWorker(ThreadPoolExecutor.java:1137)
10-18 08:57:36.289  1735  1735 E A       : 	at java.util.concurrent.ThreadPoolExecutor$Worker.run(ThreadPoolExecutor.java:637)
10-18 08:57:36.289  1735  1735 E A       : 	at java.lang.Thread.run(Thread.java:1012)
10-18 08:57:36.289  1735  1735 E A       : 	at com.google.android.apps.gsa.shared.util.c.a.l.run(PG:5)
10-18 08:57:36.289  1735  1735 E A       : Caused by: com.google.android.apps.gsa.shared.speech.a.o: errorCode: 65586, engine: 2
10-18 08:57:36.289  1735  1735 E A       : 	... 15 more
10-18 08:57:36.289  1735  1735 E A       : Caused by: com.google.android.apps.gsa.shared.speech.a.k: errorCode: 401, engine: 2
10-18 08:57:36.289  1735  1735 E A       : 	at com.google.android.apps.gsa.assistant.shared.n.h.a(PG:5)
10-18 08:57:36.289  1735  1735 E A       : 	at com.google.android.apps.gsa.s3.producers.j.hE(PG:2)
10-18 08:57:36.289  1735  1735 E A       : 	at com.google.android.apps.gsa.speech.k.a.g.d(PG:16)
10-18 08:57:36.289  1735  1735 E A       : 	... 12 more
10-18 08:58:08.014   343   343 E android.hardware.power.stats@1.0-service-mock: Failed to getEnergyData
10-18 08:58:30.636  1186  4470 E GmsTaskScheduler: sendWakeUpEvent called on SchedulerClientBroadcastStrategy
10-18 08:58:30.641  1186  4470 E GmsTaskScheduler: sendWakeUpEvent called on SchedulerClientBroadcastStrategy
10-18 08:59:15.648  4533  4533 E Parcel  : Reading a NULL string not supported here.
10-18 08:59:15.727     0     0 E audit   : rate limit exceeded
10-18 08:59:15.785   148   148 E SELinux : avc:  denied  { find } for pid=4533 uid=2000 name=android.service.gatekeeper.IGateKeeperService scontext=u:r:shell:s0 tcontext=u:object_r:gatekeeper_service:s0 tclass=service_manager permissive=0
10-18 08:59:15.788  4533  4533 E Parcel  : Reading a NULL string not supported here.
10-18 08:59:15.809  4533  4533 E Parcel  : Reading a NULL string not supported here.
10-18 08:59:15.811  4533  4533 E Parcel  : Reading a NULL string not supported here.
10-18 08:59:15.819  4533  4533 E Parcel  : Reading a NULL string not supported here.
10-18 08:59:15.845  4533  4533 E Parcel  : Reading a NULL string not supported here.
10-18 08:59:15.852  4533  4533 E Parcel  : Reading a NULL string not supported here.
10-18 08:59:15.854  4533  4533 E Parcel  : Reading a NULL string not supported here.
10-18 08:59:15.868  4533  4533 E Parcel  : Reading a NULL string not supported here.
10-18 08:59:15.870  4533  4533 E Parcel  : Reading a NULL string not supported here.
10-18 08:59:15.872   148   148 E SELinux : avc:  denied  { find } for pid=4533 uid=2000 name=dnsresolver scontext=u:r:shell:s0 tcontext=u:object_r:dnsresolver_service:s0 tclass=service_manager permissive=0
10-18 08:59:15.909  4533  4533 E Parcel  : Reading a NULL string not supported here.
10-18 08:59:15.933  4533  4533 E Parcel  : Reading a NULL string not supported here.
10-18 08:59:15.947   148   148 E SELinux : avc:  denied  { find } for pid=4533 uid=2000 name=incident scontext=u:r:shell:s0 tcontext=u:object_r:incident_service:s0 tclass=service_manager permissive=0
10-18 08:59:15.971   148   148 E SELinux : avc:  denied  { find } for pid=4533 uid=2000 name=installd scontext=u:r:shell:s0 tcontext=u:object_r:installd_service:s0 tclass=service_manager permissive=0
10-18 08:59:16.005  4533  4533 E Parcel  : Reading a NULL string not supported here.
10-18 08:59:16.016  4533  4533 E Parcel  : Reading a NULL string not supported here.
10-18 08:59:16.019   148   148 E SELinux : avc:  denied  { find } for pid=4533 uid=2000 name=mdns scontext=u:r:shell:s0 tcontext=u:object_r:mdns_service:s0 tclass=service_manager permissive=0
10-18 08:59:16.136  4533  4533 E Parcel  : Reading a NULL string not supported here.
10-18 08:59:16.150   148   148 E SELinux : avc:  denied  { find } for pid=4533 uid=2000 name=netd scontext=u:r:shell:s0 tcontext=u:object_r:netd_service:s0 tclass=service_manager permissive=0
10-18 08:59:16.167  4533  4533 E Parcel  : Reading a NULL string not supported here.
10-18 08:59:16.196  4533  4533 E Parcel  : Reading a NULL string not supported here.
10-18 08:59:16.205  4533  4533 E Parcel  : Reading a NULL string not supported here.
10-18 08:59:16.235  4533  4533 E Parcel  : Reading a NULL string not supported here.
10-18 08:59:16.262  4533  4533 E Parcel  : Reading a NULL string not supported here.
10-18 08:59:16.293   148   148 E SELinux : avc:  denied  { find } for pid=4533 uid=2000 name=suspend_control scontext=u:r:shell:s0 tcontext=u:object_r:system_suspend_control_service:s0 tclass=service_manager permissive=0
10-18 08:59:16.295   148   148 E SELinux : avc:  denied  { find } for pid=4533 uid=2000 name=suspend_control_internal scontext=u:r:shell:s0 tcontext=u:object_r:system_suspend_control_internal_service:s0 tclass=service_manager permissive=0
10-18 08:59:16.299  4533  4533 E Parcel  : Reading a NULL string not supported here.
10-18 08:59:16.309  4533  4533 E Parcel  : Reading a NULL string not supported here.
10-18 08:59:16.358   148   148 E SELinux : avc:  denied  { find } for pid=4533 uid=2000 name=vold scontext=u:r:shell:s0 tcontext=u:object_r:vold_service:s0 tclass=service_manager permissive=0
10-18 08:59:23.315   416   446 E installd: Couldn't opendir /data/app/vmdl1156018828.tmp: No such file or directory
10-18 08:59:23.315   416   446 E installd: Failed to delete /data/app/vmdl1156018828.tmp: No such file or directory
10-18 08:59:23.540  1456  4543 E BackupHelper: Could not parse delayed permissions
10-18 08:59:23.540  1456  4543 E BackupHelper: java.io.FileNotFoundException: /data/user_de/0/com.google.android.permissioncontroller/files/delayed_restore_permissions.xml: open failed: ENOENT (No such file or directory)
10-18 08:59:23.540  1456  4543 E BackupHelper: 	at libcore.io.IoBridge.open(IoBridge.java:574)
10-18 08:59:23.540  1456  4543 E BackupHelper: 	at java.io.FileInputStream.<init>(FileInputStream.java:160)
10-18 08:59:23.540  1456  4543 E BackupHelper: 	at android.app.ContextImpl.openFileInput(ContextImpl.java:714)
10-18 08:59:23.540  1456  4543 E BackupHelper: 	at com.android.permissioncontroller.permission.service.BackupHelper.restoreDelayedState(BackupHelper.java:409)
10-18 08:59:23.540  1456  4543 E BackupHelper: 	at com.android.permissioncontroller.permission.service.PermissionControllerServiceImpl.onRestoreDelayedRuntimePermissionsBackup(PermissionControllerServiceImpl.java:422)
10-18 08:59:23.540  1456  4543 E BackupHelper: 	at com.android.permissioncontroller.permission.service.PermissionControllerServiceImpl.lambda$onApplyStagedRuntimePermissionBackup$4(PermissionControllerServiceImpl.java:416)
10-18 08:59:23.540  1456  4543 E BackupHelper: 	at com.android.permissioncontroller.permission.service.PermissionControllerServiceImpl.$r8$lambda$d0Nn-xRapZQvoyXU4vSZgmIHAHQ(Unknown Source:0)
10-18 08:59:23.540  1456  4543 E BackupHelper: 	at com.android.permissioncontroller.permission.service.PermissionControllerServiceImpl$$ExternalSyntheticLambda10.run(Unknown Source:8)
10-18 08:59:23.540  1456  4543 E BackupHelper: 	at android.os.AsyncTask$SerialExecutor$1.run(AsyncTask.java:305)
10-18 08:59:23.540  1456  4543 E BackupHelper: 	at java.util.concurrent.ThreadPoolExecutor.runWorker(ThreadPoolExecutor.java:1137)
10-18 08:59:23.540  1456  4543 E BackupHelper: 	at java.util.concurrent.ThreadPoolExecutor$Worker.run(ThreadPoolExecutor.java:637)
10-18 08:59:23.540  1456  4543 E BackupHelper: 	at java.lang.Thread.run(Thread.java:1012)
10-18 08:59:23.540  1456  4543 E BackupHelper: Caused by: android.system.ErrnoException: open failed: ENOENT (No such file or directory)
10-18 08:59:23.540  1456  4543 E BackupHelper: 	at libcore.io.Linux.open(Native Method)
10-18 08:59:23.540  1456  4543 E BackupHelper: 	at libcore.io.ForwardingOs.open(ForwardingOs.java:563)
10-18 08:59:23.540  1456  4543 E BackupHelper: 	at libcore.io.BlockGuardOs.open(BlockGuardOs.java:274)
10-18 08:59:23.540  1456  4543 E BackupHelper: 	at libcore.io.ForwardingOs.open(ForwardingOs.java:563)
10-18 08:59:23.540  1456  4543 E BackupHelper: 	at android.app.ActivityThread$AndroidOs.open(ActivityThread.java:7810)
10-18 08:59:23.540  1456  4543 E BackupHelper: 	at libcore.io.IoBridge.open(IoBridge.java:560)
10-18 08:59:23.540  1456  4543 E BackupHelper: 	... 11 more
10-18 08:59:25.377   723   832 E OpenGLRenderer: Unable to match the desired swap behavior.
10-18 08:59:25.586  1417  1843 E enyj    : *~*~*~ Previous channel {0} was not shutdown properly!!! ~*~*~*
10-18 08:59:25.586  1417  1843 E enyj    :     Make sure to call shutdown()/shutdownNow() and wait until awaitTermination() returns true.
10-18 08:59:25.586  1417  1843 E enyj    : java.lang.RuntimeException: ManagedChannel allocation site
10-18 08:59:25.586  1417  1843 E enyj    : 	at enyi.<init>(:com.google.android.gms@231818047@23.18.18 (190800-535401451):3)
10-18 08:59:25.586  1417  1843 E enyj    : 	at enyj.<init>(:com.google.android.gms@231818047@23.18.18 (190800-535401451):2)
10-18 08:59:25.586  1417  1843 E enyj    : 	at enyh.a(:com.google.android.gms@231818047@23.18.18 (190800-535401451):21)
10-18 08:59:25.586  1417  1843 E enyj    : 	at enqe.a(:com.google.android.gms@231818047@23.18.18 (190800-535401451):0)
10-18 08:59:25.586  1417  1843 E enyj    : 	at abxw.H(:com.google.android.gms@231818047@23.18.18 (190800-535401451):22)
10-18 08:59:25.586  1417  1843 E enyj    : 	at abxw.f(:com.google.android.gms@231818047@23.18.18 (190800-535401451):2)
10-18 08:59:25.586  1417  1843 E enyj    : 	at cdbp.a(:com.google.android.gms@231818047@23.18.18 (190800-535401451):6)
10-18 08:59:25.586  1417  1843 E enyj    : 	at cday.c(:com.google.android.gms@231818047@23.18.18 (190800-535401451):1)
10-18 08:59:25.586  1417  1843 E enyj    : 	at cday.a(:com.google.android.gms@231818047@23.18.18 (190800-535401451):0)
10-18 08:59:25.586  1417  1843 E enyj    : 	at zcr.run(:com.google.android.gms@231818047@23.18.18 (190800-535401451):1)
10-18 08:59:25.586  1417  1843 E enyj    : 	at aced.c(:com.google.android.gms@231818047@23.18.18 (190800-535401451):6)
10-18 08:59:25.586  1417  1843 E enyj    : 	at aced.run(:com.google.android.gms@231818047@23.18.18 (190800-535401451):7)
10-18 08:59:25.586  1417  1843 E enyj    : 	at java.util.concurrent.ThreadPoolExecutor.runWorker(ThreadPoolExecutor.java:1137)
10-18 08:59:25.586  1417  1843 E enyj    : 	at java.util.concurrent.ThreadPoolExecutor$Worker.run(ThreadPoolExecutor.java:637)
10-18 08:59:25.586  1417  1843 E enyj    : 	at acjn.run(:com.google.android.gms@231818047@23.18.18 (190800-535401451):0)
10-18 08:59:25.586  1417  1843 E enyj    : 	at java.lang.Thread.run(Thread.java:1012)
10-18 08:59:26.173   521   592 E VerityUtils: Failed to measure fs-verity, errno 1: /data/app/~~yVHET0dFXmMw1mUPh-Vecg==/com.livekitapp-b3PsNJQ2MRnn_bZKAILEuA==/base.apk
10-18 08:59:26.231  1063  1683 E OpenGLRenderer: Unable to match the desired swap behavior.
10-18 08:59:26.606  4566  4566 E org.webrtc.Logging: JavaAudioDeviceModule: HW AEC not supported
10-18 08:59:26.606  4566  4566 E org.webrtc.Logging: JavaAudioDeviceModule: HW NS not supported
10-18 08:59:28.397  4566  4610 E OpenGLRenderer: Unable to match the desired swap behavior.
10-18 08:59:28.840  4566  4610 E OpenGLRenderer: Unable to match the desired swap behavior.
10-18 08:59:28.927  4566  4566 E unknown:ReactHost: Unhandled SoftException
10-18 08:59:28.927  4566  4566 E unknown:ReactHost: com.facebook.react.bridge.ReactNoCrashSoftException: raiseSoftException(onWindowFocusChange(hasFocus = "true")): Tried to access onWindowFocusChange while context is not ready
10-18 08:59:28.927  4566  4566 E unknown:ReactHost: 	at com.facebook.react.runtime.ReactHostImpl.raiseSoftException(ReactHostImpl.kt:826)
10-18 08:59:28.927  4566  4566 E unknown:ReactHost: 	at com.facebook.react.runtime.ReactHostImpl.raiseSoftException$default(ReactHostImpl.kt:817)
10-18 08:59:28.927  4566  4566 E unknown:ReactHost: 	at com.facebook.react.runtime.ReactHostImpl.onWindowFocusChange(ReactHostImpl.kt:619)
10-18 08:59:28.927  4566  4566 E unknown:ReactHost: 	at com.facebook.react.ReactDelegate.onWindowFocusChanged(ReactDelegate.kt:232)
10-18 08:59:28.927  4566  4566 E unknown:ReactHost: 	at com.facebook.react.ReactActivityDelegate.onWindowFocusChanged(ReactActivityDelegate.java:236)
10-18 08:59:28.927  4566  4566 E unknown:ReactHost: 	at com.facebook.react.ReactActivity.onWindowFocusChanged(ReactActivity.java:158)
10-18 08:59:28.927  4566  4566 E unknown:ReactHost: 	at androidx.appcompat.view.WindowCallbackWrapper.onWindowFocusChanged(WindowCallbackWrapper.java:124)
10-18 08:59:28.927  4566  4566 E unknown:ReactHost: 	at com.android.internal.policy.DecorView.onWindowFocusChanged(DecorView.java:1793)
10-18 08:59:28.927  4566  4566 E unknown:ReactHost: 	at android.view.View.dispatchWindowFocusChanged(View.java:15323)
10-18 08:59:28.927  4566  4566 E unknown:ReactHost: 	at android.view.ViewGroup.dispatchWindowFocusChanged(ViewGroup.java:1508)
10-18 08:59:28.927  4566  4566 E unknown:ReactHost: 	at android.view.ViewRootImpl.dispatchFocusEvent(ViewRootImpl.java:3927)
10-18 08:59:28.927  4566  4566 E unknown:ReactHost: 	at android.view.ViewRootImpl.handleWindowFocusChanged(ViewRootImpl.java:3833)
10-18 08:59:28.927  4566  4566 E unknown:ReactHost: 	at android.view.ViewRootImpl.-$$Nest$mhandleWindowFocusChanged(Unknown Source:0)
10-18 08:59:28.927  4566  4566 E unknown:ReactHost: 	at android.view.ViewRootImpl$ViewRootHandler.handleMessageImpl(ViewRootImpl.java:5768)
10-18 08:59:28.927  4566  4566 E unknown:ReactHost: 	at android.view.ViewRootImpl$ViewRootHandler.handleMessage(ViewRootImpl.java:5682)
10-18 08:59:28.927  4566  4566 E unknown:ReactHost: 	at android.os.Handler.dispatchMessage(Handler.java:106)
10-18 08:59:28.927  4566  4566 E unknown:ReactHost: 	at android.os.Looper.loopOnce(Looper.java:201)
10-18 08:59:28.927  4566  4566 E unknown:ReactHost: 	at android.os.Looper.loop(Looper.java:288)
10-18 08:59:28.927  4566  4566 E unknown:ReactHost: 	at android.app.ActivityThread.main(ActivityThread.java:7924)
10-18 08:59:28.927  4566  4566 E unknown:ReactHost: 	at java.lang.reflect.Method.invoke(Native Method)
10-18 08:59:28.927  4566  4566 E unknown:ReactHost: 	at com.android.internal.os.RuntimeInit$MethodAndArgsCaller.run(RuntimeInit.java:548)
10-18 08:59:28.927  4566  4566 E unknown:ReactHost: 	at com.android.internal.os.ZygoteInit.main(ZygoteInit.java:936)
10-18 09:00:00.309   521   577 E system_server: Cannot read thread CPU times for PID 521
10-18 09:00:05.138  1735  2255 E OpenGLRenderer: Unable to match the desired swap behavior.
10-18 09:00:05.151  1063  1683 E OpenGLRenderer: Unable to match the desired swap behavior.
10-18 09:00:05.281   521   635 E HandwritingModeController: Cannot get requestId: Handwriting was not initialized.
10-18 09:00:07.966   343   343 E android.hardware.power.stats@1.0-service-mock: Failed to getEnergyData
10-18 09:00:12.409  1735  2255 E OpenGLRenderer: Unable to match the desired swap behavior.
10-18 09:00:12.439  1063  1683 E OpenGLRenderer: Unable to match the desired swap behavior.
10-18 09:00:12.500   521   635 E HandwritingModeController: Cannot get requestId: Handwriting was not initialized.
10-18 09:00:13.468  1417  2163 E constellation: [api_verify_phone_operation] Failed to generate Client Signature
10-18 09:00:13.468  1417  2163 E constellation: acwp: Stored private key deleted
10-18 09:00:13.468  1417  2163 E constellation: 	at acos.e(:com.google.android.gms@231818047@23.18.18 (190800-535401451):4)
10-18 09:00:13.468  1417  2163 E constellation: 	at acos.d(:com.google.android.gms@231818047@23.18.18 (190800-535401451):1)
10-18 09:00:13.468  1417  2163 E constellation: 	at acoa.c(:com.google.android.gms@231818047@23.18.18 (190800-535401451):22)
10-18 09:00:13.468  1417  2163 E constellation: 	at acoa.f(:com.google.android.gms@231818047@23.18.18 (190800-535401451):12)
10-18 09:00:13.468  1417  2163 E constellation: 	at avsy.eo(:com.google.android.gms@231818047@23.18.18 (190800-535401451):1)
10-18 09:00:13.468  1417  2163 E constellation: 	at avtf.run(:com.google.android.gms@231818047@23.18.18 (190800-535401451):14)
10-18 09:00:13.468  1417  2163 E constellation: 	at dfhf.run(:com.google.android.gms@231818047@23.18.18 (190800-535401451):2)
10-18 09:00:13.468  1417  2163 E constellation: 	at aced.c(:com.google.android.gms@231818047@23.18.18 (190800-535401451):6)
10-18 09:00:13.468  1417  2163 E constellation: 	at aced.run(:com.google.android.gms@231818047@23.18.18 (190800-535401451):7)
10-18 09:00:13.468  1417  2163 E constellation: 	at java.util.concurrent.ThreadPoolExecutor.runWorker(ThreadPoolExecutor.java:1137)
10-18 09:00:13.468  1417  2163 E constellation: 	at java.util.concurrent.ThreadPoolExecutor$Worker.run(ThreadPoolExecutor.java:637)
10-18 09:00:13.468  1417  2163 E constellation: 	at acjn.run(:com.google.android.gms@231818047@23.18.18 (190800-535401451):0)
10-18 09:00:13.468  1417  2163 E constellation: 	at java.lang.Thread.run(Thread.java:1012)
10-18 09:00:13.786  1063  1063 E PagedView: validateNewPage: failed to find a page > mMinScrollX
10-18 09:00:13.830   521  2626 E ActivityTaskManager: Could not find activity for task 619
10-18 09:00:13.873  4566  4619 E unknown:SurfaceMountingManager: Stopping surface [1]
10-18 09:00:13.875  4566  4566 E unknown:ReactNative: Tried to remove non-existent frame callback
10-18 09:00:13.904   521  2626 E WindowManager: setOnBackInvokedCallback(): No window state for package:com.livekitapp
10-18 09:00:14.172   521   550 E AppOps  : Bad call made by uid 10120. Package "com.google.android.gms" does not belong to uid 10120.
10-18 09:00:14.173   521   550 E AppOps  : Bad call made by uid 10120. Package "com.google.android.gms" does not belong to uid 10120.
10-18 09:00:14.174   521   550 E AppOps  : Bad call made by uid 10120. Package "com.google.android.gms" does not belong to uid 10120.
10-18 09:00:15.174   390   639 E SurfaceFlinger: Only WindowManager is allowed to use eEarlyWakeup[Start|End] flags
10-18 09:00:15.186  1063  1683 E OpenGLRenderer: Unable to match the desired swap behavior.
10-18 09:00:15.391   390   402 E SurfaceFlinger: Only WindowManager is allowed to use eEarlyWakeup[Start|End] flags
10-18 09:00:26.001  4728  4728 E Parcel  : Reading a NULL string not supported here.
10-18 09:00:26.026     0     0 E audit   : rate limit exceeded
10-18 09:00:26.083   148   148 E SELinux : avc:  denied  { find } for pid=4728 uid=2000 name=android.service.gatekeeper.IGateKeeperService scontext=u:r:shell:s0 tcontext=u:object_r:gatekeeper_service:s0 tclass=service_manager permissive=0
10-18 09:00:26.088  4728  4728 E Parcel  : Reading a NULL string not supported here.
10-18 09:00:26.107  4728  4728 E Parcel  : Reading a NULL string not supported here.
10-18 09:00:26.110  4728  4728 E Parcel  : Reading a NULL string not supported here.
10-18 09:00:26.116  4728  4728 E Parcel  : Reading a NULL string not supported here.
10-18 09:00:26.132  4728  4728 E Parcel  : Reading a NULL string not supported here.
10-18 09:00:26.136  4728  4728 E Parcel  : Reading a NULL string not supported here.
10-18 09:00:26.137  4728  4728 E Parcel  : Reading a NULL string not supported here.
10-18 09:00:26.146  4728  4728 E Parcel  : Reading a NULL string not supported here.
10-18 09:00:26.148  4728  4728 E Parcel  : Reading a NULL string not supported here.
10-18 09:00:26.150   148   148 E SELinux : avc:  denied  { find } for pid=4728 uid=2000 name=dnsresolver scontext=u:r:shell:s0 tcontext=u:object_r:dnsresolver_service:s0 tclass=service_manager permissive=0
10-18 09:00:26.163  4728  4728 E Parcel  : Reading a NULL string not supported here.
10-18 09:00:26.171  4728  4728 E Parcel  : Reading a NULL string not supported here.
10-18 09:00:26.180   148   148 E SELinux : avc:  denied  { find } for pid=4728 uid=2000 name=incident scontext=u:r:shell:s0 tcontext=u:object_r:incident_service:s0 tclass=service_manager permissive=0
10-18 09:00:26.191   148   148 E SELinux : avc:  denied  { find } for pid=4728 uid=2000 name=installd scontext=u:r:shell:s0 tcontext=u:object_r:installd_service:s0 tclass=service_manager permissive=0
10-18 09:00:26.204  4728  4728 E Parcel  : Reading a NULL string not supported here.
10-18 09:00:26.208  4728  4728 E Parcel  : Reading a NULL string not supported here.
10-18 09:00:26.210   148   148 E SELinux : avc:  denied  { find } for pid=4728 uid=2000 name=mdns scontext=u:r:shell:s0 tcontext=u:object_r:mdns_service:s0 tclass=service_manager permissive=0
10-18 09:00:26.227  4728  4728 E Parcel  : Reading a NULL string not supported here.
10-18 09:00:26.233   148   148 E SELinux : avc:  denied  { find } for pid=4728 uid=2000 name=netd scontext=u:r:shell:s0 tcontext=u:object_r:netd_service:s0 tclass=service_manager permissive=0
10-18 09:00:26.240  4728  4728 E Parcel  : Reading a NULL string not supported here.
10-18 09:00:26.256  4728  4728 E Parcel  : Reading a NULL string not supported here.
10-18 09:00:26.261  4728  4728 E Parcel  : Reading a NULL string not supported here.
10-18 09:00:26.273  4728  4728 E Parcel  : Reading a NULL string not supported here.
10-18 09:00:26.285  4728  4728 E Parcel  : Reading a NULL string not supported here.
10-18 09:00:26.300   148   148 E SELinux : avc:  denied  { find } for pid=4728 uid=2000 name=suspend_control scontext=u:r:shell:s0 tcontext=u:object_r:system_suspend_control_service:s0 tclass=service_manager permissive=0
10-18 09:00:26.301   148   148 E SELinux : avc:  denied  { find } for pid=4728 uid=2000 name=suspend_control_internal scontext=u:r:shell:s0 tcontext=u:object_r:system_suspend_control_internal_service:s0 tclass=service_manager permissive=0
10-18 09:00:26.304  4728  4728 E Parcel  : Reading a NULL string not supported here.
10-18 09:00:26.311  4728  4728 E Parcel  : Reading a NULL string not supported here.
10-18 09:00:26.335   148   148 E SELinux : avc:  denied  { find } for pid=4728 uid=2000 name=vold scontext=u:r:shell:s0 tcontext=u:object_r:vold_service:s0 tclass=service_manager permissive=0
10-18 09:00:31.033   416   416 E installd: Couldn't opendir /data/app/vmdl622116496.tmp: No such file or directory
10-18 09:00:31.033   416   416 E installd: Failed to delete /data/app/vmdl622116496.tmp: No such file or directory
10-18 09:00:31.301  1430  1442 E native  : E0000 00:00:1760796031.284628    1442 mmap.cc:233] Error during Unmap / munmap: Invalid argument
10-18 09:00:31.799   723   832 E OpenGLRenderer: Unable to match the desired swap behavior.
10-18 09:00:31.965   521   592 E VerityUtils: Failed to measure fs-verity, errno 1: /data/app/~~H7L82tD4aATZf2M9IhMJCA==/com.livekitapp-6iH-1TcZnQVodRteuIiFeA==/base.apk
10-18 09:00:32.305  1063  1683 E OpenGLRenderer: Unable to match the desired swap behavior.
10-18 09:00:32.421   521   592 E VerityUtils: Failed to measure fs-verity, errno 1: /data/app/~~H7L82tD4aATZf2M9IhMJCA==/com.livekitapp-6iH-1TcZnQVodRteuIiFeA==/base.apk
10-18 09:00:32.610  4762  4762 E org.webrtc.Logging: JavaAudioDeviceModule: HW AEC not supported
10-18 09:00:32.611  4762  4762 E org.webrtc.Logging: JavaAudioDeviceModule: HW NS not supported
10-18 09:00:33.577  4762  4792 E OpenGLRenderer: Unable to match the desired swap behavior.
10-18 09:00:33.711  4762  4792 E OpenGLRenderer: Unable to match the desired swap behavior.
10-18 09:00:33.767  4762  4762 E unknown:ReactHost: Unhandled SoftException
10-18 09:00:33.767  4762  4762 E unknown:ReactHost: com.facebook.react.bridge.ReactNoCrashSoftException: raiseSoftException(onWindowFocusChange(hasFocus = "true")): Tried to access onWindowFocusChange while context is not ready
10-18 09:00:33.767  4762  4762 E unknown:ReactHost: 	at com.facebook.react.runtime.ReactHostImpl.raiseSoftException(ReactHostImpl.kt:826)
10-18 09:00:33.767  4762  4762 E unknown:ReactHost: 	at com.facebook.react.runtime.ReactHostImpl.raiseSoftException$default(ReactHostImpl.kt:817)
10-18 09:00:33.767  4762  4762 E unknown:ReactHost: 	at com.facebook.react.runtime.ReactHostImpl.onWindowFocusChange(ReactHostImpl.kt:619)
10-18 09:00:33.767  4762  4762 E unknown:ReactHost: 	at com.facebook.react.ReactDelegate.onWindowFocusChanged(ReactDelegate.kt:232)
10-18 09:00:33.767  4762  4762 E unknown:ReactHost: 	at com.facebook.react.ReactActivityDelegate.onWindowFocusChanged(ReactActivityDelegate.java:236)
10-18 09:00:33.767  4762  4762 E unknown:ReactHost: 	at com.facebook.react.ReactActivity.onWindowFocusChanged(ReactActivity.java:158)
10-18 09:00:33.767  4762  4762 E unknown:ReactHost: 	at androidx.appcompat.view.WindowCallbackWrapper.onWindowFocusChanged(WindowCallbackWrapper.java:124)
10-18 09:00:33.767  4762  4762 E unknown:ReactHost: 	at com.android.internal.policy.DecorView.onWindowFocusChanged(DecorView.java:1793)
10-18 09:00:33.767  4762  4762 E unknown:ReactHost: 	at android.view.View.dispatchWindowFocusChanged(View.java:15323)
10-18 09:00:33.767  4762  4762 E unknown:ReactHost: 	at android.view.ViewGroup.dispatchWindowFocusChanged(ViewGroup.java:1508)
10-18 09:00:33.767  4762  4762 E unknown:ReactHost: 	at android.view.ViewRootImpl.dispatchFocusEvent(ViewRootImpl.java:3927)
10-18 09:00:33.767  4762  4762 E unknown:ReactHost: 	at android.view.ViewRootImpl.handleWindowFocusChanged(ViewRootImpl.java:3833)
10-18 09:00:33.767  4762  4762 E unknown:ReactHost: 	at android.view.ViewRootImpl.-$$Nest$mhandleWindowFocusChanged(Unknown Source:0)
10-18 09:00:33.767  4762  4762 E unknown:ReactHost: 	at android.view.ViewRootImpl$ViewRootHandler.handleMessageImpl(ViewRootImpl.java:5768)
10-18 09:00:33.767  4762  4762 E unknown:ReactHost: 	at android.view.ViewRootImpl$ViewRootHandler.handleMessage(ViewRootImpl.java:5682)
10-18 09:00:33.767  4762  4762 E unknown:ReactHost: 	at android.os.Handler.dispatchMessage(Handler.java:106)
10-18 09:00:33.767  4762  4762 E unknown:ReactHost: 	at android.os.Looper.loopOnce(Looper.java:201)
10-18 09:00:33.767  4762  4762 E unknown:ReactHost: 	at android.os.Looper.loop(Looper.java:288)
10-18 09:00:33.767  4762  4762 E unknown:ReactHost: 	at android.app.ActivityThread.main(ActivityThread.java:7924)
10-18 09:00:33.767  4762  4762 E unknown:ReactHost: 	at java.lang.reflect.Method.invoke(Native Method)
10-18 09:00:33.767  4762  4762 E unknown:ReactHost: 	at com.android.internal.os.RuntimeInit$MethodAndArgsCaller.run(RuntimeInit.java:548)
10-18 09:00:33.767  4762  4762 E unknown:ReactHost: 	at com.android.internal.os.ZygoteInit.main(ZygoteInit.java:936)
10-18 09:00:51.879   521   706 E ClipboardService: Denying clipboard access to com.android.chrome, application is not in focus nor is it a system service for user 0
10-18 09:00:51.968   521   707 E ClipboardService: Denying clipboard access to com.android.chrome, application is not in focus nor is it a system service for user 0
10-18 09:01:13.667   521   706 E ClipboardService: Denying clipboard access to com.android.chrome, application is not in focus nor is it a system service for user 0
10-18 09:01:14.011   521   706 E ClipboardService: Denying clipboard access to com.android.chrome, application is not in focus nor is it a system service for user 0
10-18 09:01:59.766   521   706 E ClipboardService: Denying clipboard access to com.android.chrome, application is not in focus nor is it a system service for user 0
10-18 09:01:59.777   521   707 E ClipboardService: Denying clipboard access to com.android.chrome, application is not in focus nor is it a system service for user 0
10-18 09:02:07.985   343   343 E android.hardware.power.stats@1.0-service-mock: Failed to getEnergyData
10-18 09:02:11.924   521   577 E system_server: Cannot read thread CPU times for PID 521
10-18 09:02:12.217  1735  1735 E A       : onError
10-18 09:02:12.217  1735  1735 E A       : com.google.android.apps.gsa.shared.speech.a.m: errorCode: 65561, engine: 2
10-18 09:02:12.217  1735  1735 E A       : 	at com.google.android.apps.gsa.staticplugins.dc.a.e.a(PG:3)
10-18 09:02:12.217  1735  1735 E A       : 	at com.google.android.apps.gsa.s3.n.hh(PG:1)
10-18 09:02:12.217  1735  1735 E A       : 	at com.google.cd.g.a.f.e(PG:2)
10-18 09:02:12.217  1735  1735 E A       : 	at com.google.android.apps.gsa.speech.k.a.g.d(PG:22)
10-18 09:02:12.217  1735  1735 E A       : 	at com.google.android.apps.gsa.speech.k.a.g.ks(PG:6)
10-18 09:02:12.217  1735  1735 E A       : 	at com.google.android.apps.gsa.s3.o.e(PG:14)
10-18 09:02:12.217  1735  1735 E A       : 	at com.google.android.apps.gsa.s3.p.run(PG:1)
10-18 09:02:12.217  1735  1735 E A       : 	at java.util.concurrent.Executors$RunnableAdapter.call(Executors.java:463)
10-18 09:02:12.217  1735  1735 E A       : 	at java.util.concurrent.FutureTask.run(FutureTask.java:264)
10-18 09:02:12.217  1735  1735 E A       : 	at com.google.android.apps.gsa.shared.util.c.a.e.run(PG:2)
10-18 09:02:12.217  1735  1735 E A       : 	at com.google.android.apps.gsa.shared.util.c.a.bi.run(PG:1)
10-18 09:02:12.217  1735  1735 E A       : 	at com.google.android.apps.gsa.shared.util.c.a.bi.run(PG:1)
10-18 09:02:12.217  1735  1735 E A       : 	at java.util.concurrent.ThreadPoolExecutor.runWorker(ThreadPoolExecutor.java:1137)
10-18 09:02:12.217  1735  1735 E A       : 	at java.util.concurrent.ThreadPoolExecutor$Worker.run(ThreadPoolExecutor.java:637)
10-18 09:02:12.217  1735  1735 E A       : 	at java.lang.Thread.run(Thread.java:1012)
10-18 09:02:12.217  1735  1735 E A       : 	at com.google.android.apps.gsa.shared.util.c.a.l.run(PG:5)
10-18 09:02:12.217  1735  1735 E A       : Caused by: com.google.android.apps.gsa.shared.speech.a.o: errorCode: 65586, engine: 2
10-18 09:02:12.217  1735  1735 E A       : 	... 15 more
10-18 09:02:12.217  1735  1735 E A       : Caused by: com.google.android.apps.gsa.shared.speech.a.k: errorCode: 401, engine: 2
10-18 09:02:12.217  1735  1735 E A       : 	at com.google.android.apps.gsa.assistant.shared.n.h.a(PG:5)
10-18 09:02:12.217  1735  1735 E A       : 	at com.google.android.apps.gsa.s3.producers.j.hE(PG:2)
10-18 09:02:12.217  1735  1735 E A       : 	at com.google.android.apps.gsa.speech.k.a.g.d(PG:16)
10-18 09:02:12.217  1735  1735 E A       : 	... 12 more
10-18 09:02:41.976   806  1062 E bt_btu_hcif: packages/modules/Bluetooth/system/stack/btu/btu_hcif.cc:204 btu_hcif_log_event_metrics: Unexpectedly received event_code:0x10 that should not be handled here
10-18 09:02:41.997   806  1062 E bt_btu_hcif: packages/modules/Bluetooth/system/stack/btu/btu_hcif.cc:1481 btu_hcif_hardware_error_evt: UNHANDLED Ctlr H/w error event - code:0x42
10-18 09:02:42.005   806  1062 E bt_btif : packages/modules/Bluetooth/system/main/bte_logmsg.cc:191 LogMsg: Received H/W Error. 
10-18 14:05:29.539   521   624 E LazyAlarmStore: Removed TIME_TICK alarm
10-18 14:05:30.588   314   314 E android.hardware.bluetooth@1.1-btlinux: BluetoothDeathRecipient::serviceDied - Bluetooth service died
10-18 14:05:30.624   314   314 E android.hardware.bluetooth@1.1-btlinux: Unable to open /dev/rfkill
10-18 14:05:31.223   521   632 E BluetoothManagerService: MESSAGE_BLUETOOTH_SERVICE_DISCONNECTED(2)
10-18 14:05:31.224   521   632 E BluetoothManagerService: MESSAGE_BLUETOOTH_SERVICE_DISCONNECTED(1)
10-18 14:05:32.839   521   673 E AS.BtHelper: onBtProfileDisconnected: Not a profile handled by BtHelper A2DP_SINK
10-18 14:05:32.852   521   673 E AS.BtHelper: onBtProfileDisconnected: Not a profile handled by BtHelper LE_AUDIO_BROADCAST
10-18 14:05:33.396   521   673 E AS.BtHelper: onBtProfileDisconnected: Not a profile handled by BtHelper A2DP_SINK
10-18 14:05:33.397   521   673 E AS.BtHelper: onBtProfileDisconnected: Not a profile handled by BtHelper LE_AUDIO_BROADCAST
10-18 14:05:35.516   521   632 E BluetoothManagerService: MESSAGE_TIMEOUT_BIND
10-18 14:05:39.010   521   632 E BluetoothManagerService: onBluetoothServiceUp: mBluetooth is null!
10-18 14:05:39.311   521   611 E JobScheduler.Quota: <0>com.google.android.apps.photos has 0 EJ quota without running anything
10-18 14:05:39.423  4902  4902 E droid.bluetooth: [1018/140539.421817:ERROR:message_loop_thread.cc(103)] DoInThreadDelayed: message loop is null for thread bt_main_thread(-1), from pc:0x74078f005889
10-18 14:05:39.423  4902  4902 E droid.bluetooth: [1018/140539.423408:ERROR:btu_task.cc(94)] do_in_main_thread: failed from pc:0x74078f005889
10-18 14:05:39.423  4902  4902 E droid.bluetooth: [1018/140539.423500:ERROR:message_loop_thread.cc(103)] DoInThreadDelayed: message loop is null for thread bt_main_thread(-1), from pc:0x74078f005889
10-18 14:05:39.423  4902  4902 E droid.bluetooth: [1018/140539.423566:ERROR:btu_task.cc(94)] do_in_main_thread: failed from pc:0x74078f005889
10-18 14:05:39.423  4902  4902 E droid.bluetooth: [1018/140539.423637:ERROR:message_loop_thread.cc(103)] DoInThreadDelayed: message loop is null for thread bt_main_thread(-1), from pc:0x74078f005889
10-18 14:05:39.423  4902  4902 E droid.bluetooth: [1018/140539.423715:ERROR:btu_task.cc(94)] do_in_main_thread: failed from pc:0x74078f005889
10-18 14:05:40.205  4902  4902 E droid.bluetooth: [1018/140540.205065:ERROR:message_loop_thread.cc(103)] DoInThreadDelayed: message loop is null for thread bt_main_thread(-1), from pc:0x74078f00ddd5
10-18 14:05:40.205  4902  4902 E droid.bluetooth: [1018/140540.205183:ERROR:btu_task.cc(94)] do_in_main_thread: failed from pc:0x74078f00ddd5
10-18 14:05:40.210  4902  4902 E droid.bluetooth: [1018/140540.205371:ERROR:bta_sys_main.cc(171)] bta_sys_sendmsg: do_in_main_thread failed
10-18 14:05:40.391   314   314 E android.hardware.bluetooth@1.1-btlinux: Unable to open /dev/rfkill
10-18 14:05:40.526  4902  5011 E bt_btif_storage: packages/modules/Bluetooth/system/btif/src/btif_storage.cc:663 btif_storage_get_adapter_property: btif_storage_get_adapter_property: Controller ready!
10-18 14:05:40.809  1063  1683 E OpenGLRenderer: Unable to match the desired swap behavior.
10-18 14:05:40.883  4902  4902 E a2dp_vendor_ldac: packages/modules/Bluetooth/system/stack/a2dp/a2dp_vendor_ldac.cc:1423 init: init: cannot load the decoder
10-18 14:05:40.894  4902  4902 E a2dp_vendor_ldac: packages/modules/Bluetooth/system/stack/a2dp/a2dp_vendor_ldac.cc:1423 init: init: cannot load the decoder
10-18 14:05:40.912  4902  4902 E a2dp_vendor_ldac: packages/modules/Bluetooth/system/stack/a2dp/a2dp_vendor_ldac.cc:1423 init: init: cannot load the decoder
10-18 14:05:40.914  4902  4902 E a2dp_vendor_ldac: packages/modules/Bluetooth/system/stack/a2dp/a2dp_vendor_ldac.cc:1423 init: init: cannot load the decoder
10-18 14:05:40.943  4902  4902 E a2dp_vendor_ldac: packages/modules/Bluetooth/system/stack/a2dp/a2dp_vendor_ldac.cc:1423 init: init: cannot load the decoder
10-18 14:05:40.949  4902  4902 E a2dp_vendor_ldac: packages/modules/Bluetooth/system/stack/a2dp/a2dp_vendor_ldac.cc:1423 init: init: cannot load the decoder
10-18 14:05:41.256  1735  2255 E OpenGLRenderer: Unable to match the desired swap behavior.
10-18 14:05:41.417  1063  1683 E OpenGLRenderer: Unable to match the desired swap behavior.
10-18 14:05:41.493  4902  4902 E AvrcpTargetService: Please use AVRCP version 1.6 to enable cover art
10-18 14:05:41.613  1063  1063 E PagedView: validateNewPage: failed to find a page > mMinScrollX
10-18 14:05:41.613  1063  1063 E PagedView: validateNewPage: failed to find a page > mMinScrollX
10-18 14:05:41.666   390   591 E SurfaceFlinger: Only WindowManager is allowed to use eEarlyWakeup[Start|End] flags
10-18 14:05:41.851   390   591 E SurfaceFlinger: Only WindowManager is allowed to use eEarlyWakeup[Start|End] flags
10-18 14:05:42.073  1063  1683 E OpenGLRenderer: Unable to match the desired swap behavior.
10-18 14:05:42.405   390   402 E SurfaceFlinger: Only WindowManager is allowed to use eEarlyWakeup[Start|End] flags
10-18 14:05:42.674   390   591 E SurfaceFlinger: Only WindowManager is allowed to use eEarlyWakeup[Start|End] flags
10-18 14:05:44.121  1063  1683 E OpenGLRenderer: Unable to match the desired swap behavior.
10-18 14:05:44.233  4902  4902 E BluetoothPhonePolicy: autoConnect: most recently active a2dp device is null
10-18 14:05:44.270  4902  5011 E bt_btif : packages/modules/Bluetooth/system/main/bte_logmsg.cc:191 LogMsg: btif_in_execute_service_request: Unknown service 255 being enabled
10-18 14:05:44.271  4902  4902 E MediaBrowser: onConnectFailed for ComponentInfo{com.google.android.googlequicksearchbox/com.google.android.apps.gsa.staticplugins.mediabrowser.PodcastsMediaBrowserService}
10-18 14:05:44.502   521   611 E JobScheduler.JobStatus: App com.google.android.youtube became active but still in NEVER bucket
10-18 14:05:44.553   521   611 E JobScheduler.JobStatus: App com.google.android.youtube became active but still in NEVER bucket
10-18 14:05:44.561   521   611 E JobScheduler.JobStatus: App com.google.android.youtube became active but still in NEVER bucket
10-18 14:05:44.569   521   611 E JobScheduler.JobStatus: App com.google.android.youtube became active but still in NEVER bucket
10-18 14:05:44.569   521   611 E JobScheduler.JobStatus: App com.google.android.youtube became active but still in NEVER bucket
10-18 14:05:44.569   521   611 E JobScheduler.JobStatus: App com.google.android.youtube became active but still in NEVER bucket
10-18 14:05:44.569   521   611 E JobScheduler.JobStatus: App com.google.android.youtube became active but still in NEVER bucket
10-18 14:05:44.569   521   611 E JobScheduler.JobStatus: App com.google.android.youtube became active but still in NEVER bucket
10-18 14:05:44.570   521   611 E JobScheduler.JobStatus: App com.google.android.youtube became active but still in NEVER bucket
10-18 14:05:44.579   521   611 E JobScheduler.JobStatus: App com.google.android.youtube became active but still in NEVER bucket
10-18 14:05:44.579   521   611 E JobScheduler.JobStatus: App com.google.android.youtube became active but still in NEVER bucket
10-18 14:05:44.776   521   611 E JobScheduler.JobStatus: App com.google.android.apps.youtube.music became active but still in NEVER bucket
10-18 14:05:44.883   521   611 E JobScheduler.JobStatus: App com.google.android.apps.youtube.music became active but still in NEVER bucket
10-18 14:05:44.897   521   611 E JobScheduler.JobStatus: App com.google.android.apps.youtube.music became active but still in NEVER bucket
10-18 14:05:44.990   521   611 E JobScheduler.JobStatus: App com.google.android.apps.youtube.music became active but still in NEVER bucket
10-18 14:05:45.138   521   611 E JobScheduler.JobStatus: App com.google.android.apps.youtube.music became active but still in NEVER bucket
10-18 14:05:45.153   521   611 E JobScheduler.JobStatus: App com.google.android.apps.youtube.music became active but still in NEVER bucket
10-18 14:05:46.733   723   832 E OpenGLRenderer: Unable to match the desired swap behavior.
10-18 14:05:47.025  1063  1683 E OpenGLRenderer: Unable to match the desired swap behavior.
10-18 14:05:47.299   521   577 E system_server: Cannot read thread CPU times for PID 521
10-18 14:05:49.652   521   717 E AppOps  : Bad call made by uid 10125. Package "com.google.android.gms" does not belong to uid 10125.
10-18 14:05:49.711   521   717 E AppOps  : Bad call made by uid 10125. Package "com.google.android.gms" does not belong to uid 10125.
10-18 14:05:49.722   521   856 E AppOps  : Bad call made by uid 10125. Package "com.google.android.gms" does not belong to uid 10125.
10-18 14:05:50.139  5094  5145 E OpenGLRenderer: Unable to match the desired swap behavior.
10-18 14:05:50.528  1186  4194 E bwfc    : Phenotype API error. Event # edax@61d383e2, EventCode: 7 [CONTEXT service_id=51 ]
10-18 14:05:50.528  1186  4194 E bwfc    : bwdx: 29505: No config packages for log source, or config package not registered
10-18 14:05:50.528  1186  4194 E bwfc    : 	at bwfz.b(:com.google.android.gms@231818047@23.18.18 (190800-535401451):4)
10-18 14:05:50.528  1186  4194 E bwfc    : 	at bwfw.g(:com.google.android.gms@231818047@23.18.18 (190800-535401451):0)
10-18 14:05:50.528  1186  4194 E bwfc    : 	at bwfc.e(:com.google.android.gms@231818047@23.18.18 (190800-535401451):4)
10-18 14:05:50.528  1186  4194 E bwfc    : 	at bwfc.f(:com.google.android.gms@231818047@23.18.18 (190800-535401451):2)
10-18 14:05:50.528  1186  4194 E bwfc    : 	at avsy.eo(:com.google.android.gms@231818047@23.18.18 (190800-535401451):1)
10-18 14:05:50.528  1186  4194 E bwfc    : 	at avtf.run(:com.google.android.gms@231818047@23.18.18 (190800-535401451):14)
10-18 14:05:50.528  1186  4194 E bwfc    : 	at dfhf.run(:com.google.android.gms@231818047@23.18.18 (190800-535401451):2)
10-18 14:05:50.528  1186  4194 E bwfc    : 	at aced.c(:com.google.android.gms@231818047@23.18.18 (190800-535401451):6)
10-18 14:05:50.528  1186  4194 E bwfc    : 	at aced.run(:com.google.android.gms@231818047@23.18.18 (190800-535401451):7)
10-18 14:05:50.528  1186  4194 E bwfc    : 	at java.util.concurrent.ThreadPoolExecutor.runWorker(ThreadPoolExecutor.java:1137)
10-18 14:05:50.528  1186  4194 E bwfc    : 	at java.util.concurrent.ThreadPoolExecutor$Worker.run(ThreadPoolExecutor.java:637)
10-18 14:05:50.528  1186  4194 E bwfc    : 	at acjn.run(:com.google.android.gms@231818047@23.18.18 (190800-535401451):0)
10-18 14:05:50.528  1186  4194 E bwfc    : 	at java.lang.Thread.run(Thread.java:1012)
10-18 14:05:50.655  5039  5151 E AwarenessClientProvider: Account associated with identity was null
10-18 14:05:50.811  5039  5151 E AwarenessRouterSyncMgr: Exception while syncing fences
10-18 14:05:50.811  5039  5151 E AwarenessRouterSyncMgr: java.util.concurrent.ExecutionException: java.lang.IllegalStateException: Account associated with identity was null
10-18 14:05:50.811  5039  5151 E AwarenessRouterSyncMgr: 	at akmv.o(PG:6)
10-18 14:05:50.811  5039  5151 E AwarenessRouterSyncMgr: 	at akmv.get(PG:4)
10-18 14:05:50.811  5039  5151 E AwarenessRouterSyncMgr: 	at akqo.a(PG:1)
10-18 14:05:50.811  5039  5151 E AwarenessRouterSyncMgr: 	at akpg.p(PG:2)
10-18 14:05:50.811  5039  5151 E AwarenessRouterSyncMgr: 	at kij.run(PG:1)
10-18 14:05:50.811  5039  5151 E AwarenessRouterSyncMgr: 	at qiq.run(PG:1)
10-18 14:05:50.811  5039  5151 E AwarenessRouterSyncMgr: 	at java.util.concurrent.ThreadPoolExecutor.runWorker(ThreadPoolExecutor.java:1137)
10-18 14:05:50.811  5039  5151 E AwarenessRouterSyncMgr: 	at java.util.concurrent.ThreadPoolExecutor$Worker.run(ThreadPoolExecutor.java:637)
10-18 14:05:50.811  5039  5151 E AwarenessRouterSyncMgr: 	at qhs.run(PG:2)
10-18 14:05:50.811  5039  5151 E AwarenessRouterSyncMgr: 	at qic.run(PG:4)
10-18 14:05:50.811  5039  5151 E AwarenessRouterSyncMgr: 	at java.lang.Thread.run(Thread.java:1012)
10-18 14:05:50.811  5039  5151 E AwarenessRouterSyncMgr: Caused by: java.lang.IllegalStateException: Account associated with identity was null
10-18 14:05:50.811  5039  5151 E AwarenessRouterSyncMgr: 	at khq.a(PG:3)
10-18 14:05:50.811  5039  5151 E AwarenessRouterSyncMgr: 	at akmx.c(PG:2)
10-18 14:05:50.811  5039  5151 E AwarenessRouterSyncMgr: 	at akmz.run(PG:9)
10-18 14:05:50.811  5039  5151 E AwarenessRouterSyncMgr: 	... 6 more
10-18 14:05:51.600  5039  5039 E YouTubeMusic: Trying to detachMediaView when it wasn't the most recent MediaView Setter
10-18 14:05:51.652  5039  5210 E Widget.RecentlyPlayed: Filling bundle but recently played items are EMPTY.
10-18 14:05:51.749  5039  5160 E GoogleTagManager: Invalid macro: _gtm.loadEventEnabled
10-18 14:05:52.265  5039  5261 E GoogleTagManager: Invalid macro: _gtm.loadEventEnabled
10-18 14:05:55.252  5039  5274 E GoogleTagManager: Invalid macro: _gtm.loadEventEnabled
10-18 14:05:56.702   521   611 E JobScheduler.Quota: <0>com.google.android.contacts has 0 EJ quota without running anything
10-18 14:05:56.905   521   521 E JobScheduler.Quota: <0>com.google.android.contacts has 0 EJ quota without running anything
10-18 14:05:56.929   521   521 E JobScheduler.Quota: <0>com.google.android.contacts has 0 EJ quota without running anything
10-18 14:05:57.924  5039  5039 E GEL_DELAYED_EVENT_DEBUG: Volley request failed for type apyv
10-18 14:05:57.924  5039  5039 E GEL_DELAYED_EVENT_DEBUG: dlj: java.lang.IllegalStateException: DefaultAccountIdResolver could not resolve pseudonymous, pseudonymous
10-18 14:05:57.924  5039  5039 E GEL_DELAYED_EVENT_DEBUG: 	at wfa.b(PG:1)
10-18 14:05:57.924  5039  5039 E GEL_DELAYED_EVENT_DEBUG: 	at wfa.run(PG:24)
