10-18 08:52:03.155   723   931 E AppWidgetManager: 	at android.os.Parcel.readException(Parcel.java:2978)
10-18 08:52:03.155   723   931 E AppWidgetManager: 	at android.os.Parcel.readException(Parcel.java:2920)
10-18 08:52:03.155   723   931 E AppWidgetManager: 	at com.android.internal.appwidget.IAppWidgetService$Stub$Proxy.getInstalledProvidersForProfile(IAppWidgetService.java:990)
10-18 08:52:03.155   723   931 E AppWidgetManager: 	at android.appwidget.AppWidgetManager.getInstalledProvidersForProfile(AppWidgetManager.java:920)
10-18 08:52:03.155   723   931 E AppWidgetManager: 	at android.appwidget.AppWidgetManager.getInstalledProvidersForPackage(AppWidgetManager.java:854)
10-18 08:52:03.155   723   931 E AppWidgetManager: 	at android.appwidget.AppWidgetManager.lambda$new$3$android-appwidget-AppWidgetManager(AppWidgetManager.java:536)
10-18 08:52:03.155   723   931 E AppWidgetManager: 	at android.appwidget.AppWidgetManager$$ExternalSyntheticLambda4.run(Unknown Source:2)
10-18 08:52:03.155   723   931 E AppWidgetManager: 	at android.os.Handler.handleCallback(Handler.java:942)
10-18 08:52:03.155   723   931 E AppWidgetManager: 	at android.os.Handler.dispatchMessage(Handler.java:99)
10-18 08:52:03.155   723   931 E AppWidgetManager: 	at android.os.Looper.loopOnce(Looper.java:201)
10-18 08:52:03.155   723   931 E AppWidgetManager: 	at android.os.Looper.loop(Looper.java:288)
10-18 08:52:03.155   723   931 E AppWidgetManager: 	at android.os.HandlerThread.run(HandlerThread.java:67)
10-18 08:52:03.211   390   402 E HWComposer: getDisplayDecorationSupport: getDisplayDecorationSupport failed for display 4619827259835644672: Unsupported (8)
10-18 08:52:03.260   806  1062 E bt_btif_storage: packages/modules/Bluetooth/system/btif/src/btif_storage.cc:663 btif_storage_get_adapter_property: btif_storage_get_adapter_property: Controller ready!
10-18 08:52:03.351   806   806 E a2dp_vendor_ldac: packages/modules/Bluetooth/system/stack/a2dp/a2dp_vendor_ldac.cc:1423 init: init: cannot load the decoder
10-18 08:52:03.360   806   806 E a2dp_vendor_ldac: packages/modules/Bluetooth/system/stack/a2dp/a2dp_vendor_ldac.cc:1423 init: init: cannot load the decoder
10-18 08:52:03.367   806   806 E a2dp_vendor_ldac: packages/modules/Bluetooth/system/stack/a2dp/a2dp_vendor_ldac.cc:1423 init: init: cannot load the decoder
10-18 08:52:03.375   806   806 E a2dp_vendor_ldac: packages/modules/Bluetooth/system/stack/a2dp/a2dp_vendor_ldac.cc:1423 init: init: cannot load the decoder
10-18 08:52:03.379   806   806 E a2dp_vendor_ldac: packages/modules/Bluetooth/system/stack/a2dp/a2dp_vendor_ldac.cc:1423 init: init: cannot load the decoder
10-18 08:52:03.382   806   806 E a2dp_vendor_ldac: packages/modules/Bluetooth/system/stack/a2dp/a2dp_vendor_ldac.cc:1423 init: init: cannot load the decoder
10-18 08:52:03.406   897   897 E MmTelFeatureConn [0]: ImsRegistrationCallbackAdapter: ImsRegistration is null
10-18 08:52:03.445   806   806 E AvrcpTargetService: Please use AVRCP version 1.6 to enable cover art
10-18 08:52:03.670   806   806 E BluetoothPhonePolicy: autoConnect: most recently active a2dp device is null
10-18 08:52:03.712   806  1062 E bt_btif : packages/modules/Bluetooth/system/main/bte_logmsg.cc:191 LogMsg: btif_in_execute_service_request: Unknown service 255 being enabled
10-18 08:52:04.068   521   550 E ActivityManager: Sending non-protected broadcast com.android.systemui.STARTED from system 723:com.android.systemui/u0a157 pkg com.android.systemui
10-18 08:52:04.068   521   550 E ActivityManager: java.lang.Throwable
10-18 08:52:04.068   521   550 E ActivityManager: 	at com.android.server.am.ActivityManagerService.checkBroadcastFromSystem(ActivityManagerService.java:13644)
10-18 08:52:04.068   521   550 E ActivityManager: 	at com.android.server.am.ActivityManagerService.broadcastIntentLocked(ActivityManagerService.java:14366)
10-18 08:52:04.068   521   550 E ActivityManager: 	at com.android.server.am.ActivityManagerService.broadcastIntentLocked(ActivityManagerService.java:13662)
10-18 08:52:04.068   521   550 E ActivityManager: 	at com.android.server.am.ActivityManagerService.broadcastIntentWithFeature(ActivityManagerService.java:14540)
10-18 08:52:04.068   521   550 E ActivityManager: 	at android.app.IActivityManager$Stub.onTransact(IActivityManager.java:2296)
10-18 08:52:04.068   521   550 E ActivityManager: 	at com.android.server.am.ActivityManagerService.onTransact(ActivityManagerService.java:2628)
10-18 08:52:04.068   521   550 E ActivityManager: 	at android.os.Binder.execTransactInternal(Binder.java:1280)
10-18 08:52:04.068   521   550 E ActivityManager: 	at android.os.Binder.execTransact(Binder.java:1244)
10-18 08:52:04.337   428   428 E RIL     : Error 0 opening logical channel: 0
10-18 08:52:04.655   521   661 E WifiScanningService: wifi driver loaded received while already loaded
10-18 08:52:04.777   428   428 E RIL     : Error 0 opening logical channel: 0
10-18 08:52:05.016   521   559 E GnssUtilsJni: IGnssConfiguration setEsExtensionSec() failed.
10-18 08:52:05.016   521   559 E GnssConfiguration: Unable to set ES_EXTENSION_SEC: 0
10-18 08:52:05.058   521   521 E MboOceController: onDataConnectionStateChanged unexpected State: -1
10-18 08:52:05.060   521   657 E WifiDataStall: onDataConnectionStateChanged unexpected State: -1
10-18 08:52:05.062   521   559 E GnssUtilsJni: IGnssConfiguration setEsExtensionSec() failed.
10-18 08:52:05.062   521   559 E GnssConfiguration: Unable to set ES_EXTENSION_SEC: 0
10-18 08:52:05.078   521   655 E NetworkPolicy: Missing subscriberId for subId 1
10-18 08:52:05.086   521   569 E StatsPullAtomService: subInfo of subId 1 is invalid, ignored.
10-18 08:52:05.154   521   655 E NetworkPolicy: Missing subscriberId for subId 1
10-18 08:52:05.163   521   569 E StatsPullAtomService: subInfo of subId 1 is invalid, ignored.
10-18 08:52:05.262   723   723 E OverviewProxyService: Failed to get overview proxy for disable flags.
10-18 08:52:05.319   723   723 E OverviewProxyService: Failed to get overview proxy for disable flags.
10-18 08:52:05.325   723   723 E OverviewProxyService: Failed to get overview proxy to update nav buttons dark intensity
10-18 08:52:05.561   787   952 E SystemServiceRegistry: No service published for: ethernet
10-18 08:52:05.561   787   952 E SystemServiceRegistry: android.os.ServiceManager$ServiceNotFoundException: No service published for: ethernet
10-18 08:52:05.561   787   952 E SystemServiceRegistry: 	at android.os.ServiceManager.getServiceOrThrow(ServiceManager.java:166)
10-18 08:52:05.561   787   952 E SystemServiceRegistry: 	at android.app.SystemServiceRegistry$136.createService(SystemServiceRegistry.java:1809)
10-18 08:52:05.561   787   952 E SystemServiceRegistry: 	at android.app.SystemServiceRegistry$CachedServiceFetcher.getService(SystemServiceRegistry.java:1908)
10-18 08:52:05.561   787   952 E SystemServiceRegistry: 	at android.app.SystemServiceRegistry.getSystemService(SystemServiceRegistry.java:1585)
10-18 08:52:05.561   787   952 E SystemServiceRegistry: 	at android.app.ContextImpl.getSystemService(ContextImpl.java:2120)
10-18 08:52:05.561   787   952 E SystemServiceRegistry: 	at android.content.ContextWrapper.getSystemService(ContextWrapper.java:900)
10-18 08:52:05.561   787   952 E SystemServiceRegistry: 	at com.android.networkstack.tethering.Tethering.isEthernetSupported(Tethering.java:1590)
10-18 08:52:05.561   787   952 E SystemServiceRegistry: 	at com.android.networkstack.tethering.Tethering.makeSupportedDownstreams(Tethering.java:2556)
10-18 08:52:05.561   787   952 E SystemServiceRegistry: 	at com.android.networkstack.tethering.Tethering.updateSupportedDownstreams(Tethering.java:2530)
10-18 08:52:05.561   787   952 E SystemServiceRegistry: 	at com.android.networkstack.tethering.Tethering.updateConfiguration(Tethering.java:545)
10-18 08:52:05.561   787   952 E SystemServiceRegistry: 	at com.android.networkstack.tethering.Tethering.-$$Nest$mupdateConfiguration(Unknown Source:0)
10-18 08:52:05.561   787   952 E SystemServiceRegistry: 	at com.android.networkstack.tethering.Tethering$StateReceiver.onReceive(Tethering.java:1192)
10-18 08:52:05.561   787   952 E SystemServiceRegistry: 	at android.app.LoadedApk$ReceiverDispatcher$Args.lambda$getRunnable$0$android-app-LoadedApk$ReceiverDispatcher$Args(LoadedApk.java:1790)
10-18 08:52:05.561   787   952 E SystemServiceRegistry: 	at android.app.LoadedApk$ReceiverDispatcher$Args$$ExternalSyntheticLambda0.run(Unknown Source:2)
10-18 08:52:05.561   787   952 E SystemServiceRegistry: 	at android.os.Handler.handleCallback(Handler.java:942)
10-18 08:52:05.561   787   952 E SystemServiceRegistry: 	at android.os.Handler.dispatchMessage(Handler.java:99)
10-18 08:52:05.561   787   952 E SystemServiceRegistry: 	at android.os.Looper.loopOnce(Looper.java:201)
10-18 08:52:05.561   787   952 E SystemServiceRegistry: 	at android.os.Looper.loop(Looper.java:288)
10-18 08:52:05.561   787   952 E SystemServiceRegistry: 	at android.os.HandlerThread.run(HandlerThread.java:67)
10-18 08:52:05.719  1186  1186 E SafebootUtils: Unable to record the restart.
10-18 08:52:05.719  1186  1186 E SafebootUtils: java.io.IOException: Failed to create directory
10-18 08:52:05.719  1186  1186 E SafebootUtils: 	at com.google.android.gms.common.app.GmsApplication.attachBaseContext(:com.google.android.gms@231818047@23.18.18 (190800-535401451):58)
10-18 08:52:05.719  1186  1186 E SafebootUtils: 	at android.app.Application.attach(Application.java:346)
10-18 08:52:05.719  1186  1186 E SafebootUtils: 	at android.app.Instrumentation.newApplication(Instrumentation.java:1244)
10-18 08:52:05.719  1186  1186 E SafebootUtils: 	at android.app.LoadedApk.makeApplicationInner(LoadedApk.java:1458)
10-18 08:52:05.719  1186  1186 E SafebootUtils: 	at android.app.LoadedApk.makeApplicationInner(LoadedApk.java:1395)
10-18 08:52:05.719  1186  1186 E SafebootUtils: 	at android.app.ActivityThread.handleBindApplication(ActivityThread.java:6772)
10-18 08:52:05.719  1186  1186 E SafebootUtils: 	at android.app.ActivityThread.-$$Nest$mhandleBindApplication(Unknown Source:0)
10-18 08:52:05.719  1186  1186 E SafebootUtils: 	at android.app.ActivityThread$H.handleMessage(ActivityThread.java:2133)
10-18 08:52:05.719  1186  1186 E SafebootUtils: 	at android.os.Handler.dispatchMessage(Handler.java:106)
10-18 08:52:05.719  1186  1186 E SafebootUtils: 	at android.os.Looper.loopOnce(Looper.java:201)
10-18 08:52:05.719  1186  1186 E SafebootUtils: 	at android.os.Looper.loop(Looper.java:288)
10-18 08:52:05.719  1186  1186 E SafebootUtils: 	at android.app.ActivityThread.main(ActivityThread.java:7924)
10-18 08:52:05.719  1186  1186 E SafebootUtils: 	at java.lang.reflect.Method.invoke(Native Method)
10-18 08:52:05.719  1186  1186 E SafebootUtils: 	at com.android.internal.os.RuntimeInit$MethodAndArgsCaller.run(RuntimeInit.java:548)
10-18 08:52:05.719  1186  1186 E SafebootUtils: 	at com.android.internal.os.ZygoteInit.main(ZygoteInit.java:936)
10-18 08:52:05.725   787   952 E SystemServiceRegistry: No service published for: ethernet
10-18 08:52:05.725   787   952 E SystemServiceRegistry: android.os.ServiceManager$ServiceNotFoundException: No service published for: ethernet
10-18 08:52:05.725   787   952 E SystemServiceRegistry: 	at android.os.ServiceManager.getServiceOrThrow(ServiceManager.java:166)
10-18 08:52:05.725   787   952 E SystemServiceRegistry: 	at android.app.SystemServiceRegistry$136.createService(SystemServiceRegistry.java:1809)
10-18 08:52:05.725   787   952 E SystemServiceRegistry: 	at android.app.SystemServiceRegistry$CachedServiceFetcher.getService(SystemServiceRegistry.java:1908)
10-18 08:52:05.725   787   952 E SystemServiceRegistry: 	at android.app.SystemServiceRegistry.getSystemService(SystemServiceRegistry.java:1585)
10-18 08:52:05.725   787   952 E SystemServiceRegistry: 	at android.app.ContextImpl.getSystemService(ContextImpl.java:2120)
10-18 08:52:05.725   787   952 E SystemServiceRegistry: 	at android.content.ContextWrapper.getSystemService(ContextWrapper.java:900)
10-18 08:52:05.725   787   952 E SystemServiceRegistry: 	at com.android.networkstack.tethering.Tethering.isEthernetSupported(Tethering.java:1590)
10-18 08:52:05.725   787   952 E SystemServiceRegistry: 	at com.android.networkstack.tethering.Tethering.makeSupportedDownstreams(Tethering.java:2556)
10-18 08:52:05.725   787   952 E SystemServiceRegistry: 	at com.android.networkstack.tethering.Tethering.updateSupportedDownstreams(Tethering.java:2530)
10-18 08:52:05.725   787   952 E SystemServiceRegistry: 	at com.android.networkstack.tethering.Tethering.updateConfiguration(Tethering.java:545)
10-18 08:52:05.725   787   952 E SystemServiceRegistry: 	at com.android.networkstack.tethering.Tethering.-$$Nest$mupdateConfiguration(Unknown Source:0)
10-18 08:52:05.725   787   952 E SystemServiceRegistry: 	at com.android.networkstack.tethering.Tethering$ActiveDataSubIdListener.onActiveDataSubscriptionIdChanged(Tethering.java:521)
10-18 08:52:05.725   787   952 E SystemServiceRegistry: 	at android.telephony.PhoneStateListener$IPhoneStateListenerStub.lambda$onActiveDataSubIdChanged$56(PhoneStateListener.java:1585)
10-18 08:52:05.725   787   952 E SystemServiceRegistry: 	at android.telephony.PhoneStateListener$IPhoneStateListenerStub$$ExternalSyntheticLambda38.run(Unknown Source:4)
10-18 08:52:05.725   787   952 E SystemServiceRegistry: 	at android.os.Handler.handleCallback(Handler.java:942)
10-18 08:52:05.725   787   952 E SystemServiceRegistry: 	at android.os.Handler.dispatchMessage(Handler.java:99)
10-18 08:52:05.725   787   952 E SystemServiceRegistry: 	at android.os.Looper.loopOnce(Looper.java:201)
10-18 08:52:05.725   787   952 E SystemServiceRegistry: 	at android.os.Looper.loop(Looper.java:288)
10-18 08:52:05.725   787   952 E SystemServiceRegistry: 	at android.os.HandlerThread.run(HandlerThread.java:67)
10-18 08:52:05.728   521   611 E JobScheduler.Quota: <0>com.google.android.dialer has 0 EJ quota without running anything
10-18 08:52:05.778   723   723 E OverviewProxyService: Failed to get overview proxy for disable flags.
10-18 08:52:05.818   521   521 E JobScheduler.Quota: <0>com.google.android.dialer has 0 EJ quota without running anything
10-18 08:52:05.818   521   521 E JobScheduler.Quota: <0>com.google.android.dialer has 0 EJ quota without running anything
10-18 08:52:05.894  1186  1186 E SfbtRestartFreqCond: Restart directory does not exist
10-18 08:52:05.981   723   723 E StatusBarSignalPolicy: Unexpected subscription 1
10-18 08:52:06.617   787   952 E SystemServiceRegistry: No service published for: ethernet
10-18 08:52:06.617   787   952 E SystemServiceRegistry: android.os.ServiceManager$ServiceNotFoundException: No service published for: ethernet
10-18 08:52:06.617   787   952 E SystemServiceRegistry: 	at android.os.ServiceManager.getServiceOrThrow(ServiceManager.java:166)
10-18 08:52:06.617   787   952 E SystemServiceRegistry: 	at android.app.SystemServiceRegistry$136.createService(SystemServiceRegistry.java:1809)
10-18 08:52:06.617   787   952 E SystemServiceRegistry: 	at android.app.SystemServiceRegistry$CachedServiceFetcher.getService(SystemServiceRegistry.java:1908)
10-18 08:52:06.617   787   952 E SystemServiceRegistry: 	at android.app.SystemServiceRegistry.getSystemService(SystemServiceRegistry.java:1585)
10-18 08:52:06.617   787   952 E SystemServiceRegistry: 	at android.app.ContextImpl.getSystemService(ContextImpl.java:2120)
10-18 08:52:06.617   787   952 E SystemServiceRegistry: 	at android.content.ContextWrapper.getSystemService(ContextWrapper.java:900)
10-18 08:52:06.617   787   952 E SystemServiceRegistry: 	at com.android.networkstack.tethering.Tethering.isEthernetSupported(Tethering.java:1590)
10-18 08:52:06.617   787   952 E SystemServiceRegistry: 	at com.android.networkstack.tethering.Tethering.makeSupportedDownstreams(Tethering.java:2556)
10-18 08:52:06.617   787   952 E SystemServiceRegistry: 	at com.android.networkstack.tethering.Tethering.updateSupportedDownstreams(Tethering.java:2530)
10-18 08:52:06.617   787   952 E SystemServiceRegistry: 	at com.android.networkstack.tethering.Tethering.updateConfiguration(Tethering.java:545)
10-18 08:52:06.617   787   952 E SystemServiceRegistry: 	at com.android.networkstack.tethering.Tethering.-$$Nest$mupdateConfiguration(Unknown Source:0)
10-18 08:52:06.617   787   952 E SystemServiceRegistry: 	at com.android.networkstack.tethering.Tethering$StateReceiver.onReceive(Tethering.java:1192)
10-18 08:52:06.617   787   952 E SystemServiceRegistry: 	at android.app.LoadedApk$ReceiverDispatcher$Args.lambda$getRunnable$0$android-app-LoadedApk$ReceiverDispatcher$Args(LoadedApk.java:1790)
10-18 08:52:06.617   787   952 E SystemServiceRegistry: 	at android.app.LoadedApk$ReceiverDispatcher$Args$$ExternalSyntheticLambda0.run(Unknown Source:2)
10-18 08:52:06.617   787   952 E SystemServiceRegistry: 	at android.os.Handler.handleCallback(Handler.java:942)
10-18 08:52:06.617   787   952 E SystemServiceRegistry: 	at android.os.Handler.dispatchMessage(Handler.java:99)
10-18 08:52:06.617   787   952 E SystemServiceRegistry: 	at android.os.Looper.loopOnce(Looper.java:201)
10-18 08:52:06.617   787   952 E SystemServiceRegistry: 	at android.os.Looper.loop(Looper.java:288)
10-18 08:52:06.617   787   952 E SystemServiceRegistry: 	at android.os.HandlerThread.run(HandlerThread.java:67)
10-18 08:52:06.888  1232  1296 E DialerDialerBaseApplication: com.android.dialer.DialerBaseApplication.getResources:47 getResources() called before resources are initialized
10-18 08:52:06.888  1232  1296 E DialerDialerBaseApplication: skt: LARGE
10-18 08:52:06.888  1232  1296 E DialerDialerBaseApplication: 	at bvr.getResources(PG:6)
10-18 08:52:06.888  1232  1296 E DialerDialerBaseApplication: 	at nkf.a(PG:1)
10-18 08:52:06.888  1232  1296 E DialerDialerBaseApplication: 	at njs.h(Unknown Source:0)
10-18 08:52:06.888  1232  1296 E DialerDialerBaseApplication: 	at nmf.d(PG:8)
10-18 08:52:06.888  1232  1296 E DialerDialerBaseApplication: 	at nmi.j(PG:5)
10-18 08:52:06.888  1232  1296 E DialerDialerBaseApplication: 	at nmi.handleMessage(PG:60)
10-18 08:52:06.888  1232  1296 E DialerDialerBaseApplication: 	at android.os.Handler.dispatchMessage(Handler.java:102)
10-18 08:52:06.888  1232  1296 E DialerDialerBaseApplication: 	at ntu.b(Unknown Source:0)
10-18 08:52:06.888  1232  1296 E DialerDialerBaseApplication: 	at ntu.dispatchMessage(Unknown Source:0)
10-18 08:52:06.888  1232  1296 E DialerDialerBaseApplication: 	at android.os.Looper.loopOnce(Looper.java:201)
10-18 08:52:06.888  1232  1296 E DialerDialerBaseApplication: 	at android.os.Looper.loop(Looper.java:288)
10-18 08:52:06.888  1232  1296 E DialerDialerBaseApplication: 	at android.os.HandlerThread.run(HandlerThread.java:67)
10-18 08:52:06.888  1232  1296 E DialerDialerBaseApplication: Caused by: java.lang.IllegalStateException: Resources are not initialized yet. Do not call getResource() in constructors of injected classes
10-18 08:52:06.888  1232  1296 E DialerDialerBaseApplication: 	at tqe.t(Unknown Source:7)
10-18 08:52:06.888  1232  1296 E DialerDialerBaseApplication: 	at bvr.getResources(PG:2)
10-18 08:52:06.888  1232  1296 E DialerDialerBaseApplication: 	... 11 more
10-18 08:52:06.888   723   832 E OpenGLRenderer: Unable to match the desired swap behavior.
10-18 08:52:07.018  1232  1232 E DialerAndroidFuturesServiceCounter: com.google.apps.tiktok.concurrent.AndroidFuturesServiceCounter.increment:135 startService() returned null
10-18 08:52:07.032  1232  1296 E MendelPackageState: Failed to fetch after encountering old config
10-18 08:52:07.032  1232  1296 E MendelPackageState: qaw: 17: 17: API: Phenotype.API is not available on this device. Connection failed with: ConnectionResult{statusCode=API_UNAVAILABLE, resolution=null, message=null}
10-18 08:52:07.032  1232  1296 E MendelPackageState: 	at qax.a(PG:6)
10-18 08:52:07.032  1232  1296 E MendelPackageState: 	at suj.c(PG:2)
10-18 08:52:07.032  1232  1296 E MendelPackageState: 	at sul.run(PG:10)
10-18 08:52:07.032  1232  1296 E MendelPackageState: 	at swh.execute(Unknown Source:0)
10-18 08:52:07.032  1232  1296 E MendelPackageState: 	at svb.q(PG:1)
10-18 08:52:07.032  1232  1296 E MendelPackageState: 	at svb.j(PG:9)
10-18 08:52:07.032  1232  1296 E MendelPackageState: 	at svb.n(Unknown Source:18)
10-18 08:52:07.032  1232  1296 E MendelPackageState: 	at nzg.a(PG:10)
10-18 08:52:07.032  1232  1296 E MendelPackageState: 	at mwn.run(PG:20)
10-18 08:52:07.032  1232  1296 E MendelPackageState: 	at swh.execute(Unknown Source:0)
10-18 08:52:07.032  1232  1296 E MendelPackageState: 	at nxi.a(PG:6)
10-18 08:52:07.032  1232  1296 E MendelPackageState: 	at vvj.g(PG:5)
10-18 08:52:07.032  1232  1296 E MendelPackageState: 	at nxt.r(PG:4)
10-18 08:52:07.032  1232  1296 E MendelPackageState: 	at mwn.run(PG:33)
10-18 08:52:07.032  1232  1296 E MendelPackageState: 	at swh.execute(Unknown Source:0)
10-18 08:52:07.032  1232  1296 E MendelPackageState: 	at nxi.a(PG:7)
10-18 08:52:07.032  1232  1296 E MendelPackageState: 	at vvj.g(PG:5)
10-18 08:52:07.032  1232  1296 E MendelPackageState: 	at nmo.w(PG:5)
10-18 08:52:07.032  1232  1296 E MendelPackageState: 	at nlk.d(PG:3)
10-18 08:52:07.032  1232  1296 E MendelPackageState: 	at nmf.s(PG:4)
10-18 08:52:07.032  1232  1296 E MendelPackageState: 	at nmf.f(Unknown Source:9)
10-18 08:52:07.032  1232  1296 E MendelPackageState: 	at nmf.j(PG:18)
10-18 08:52:07.032  1232  1296 E MendelPackageState: 	at nmf.i(Unknown Source:1)
10-18 08:52:07.032  1232  1296 E MendelPackageState: 	at mwn.run(PG:59)
10-18 08:52:07.032  1232  1296 E MendelPackageState: 	at android.os.Handler.handleCallback(Handler.java:942)
10-18 08:52:07.032  1232  1296 E MendelPackageState: 	at android.os.Handler.dispatchMessage(Handler.java:99)
10-18 08:52:07.032  1232  1296 E MendelPackageState: 	at ntu.b(Unknown Source:0)
10-18 08:52:07.032  1232  1296 E MendelPackageState: 	at ntu.dispatchMessage(Unknown Source:0)
10-18 08:52:07.032  1232  1296 E MendelPackageState: 	at android.os.Looper.loopOnce(Looper.java:201)
10-18 08:52:07.032  1232  1296 E MendelPackageState: 	at android.os.Looper.loop(Looper.java:288)
10-18 08:52:07.032  1232  1296 E MendelPackageState: 	at android.os.HandlerThread.run(HandlerThread.java:67)
10-18 08:52:07.032  1232  1296 E MendelPackageState: Caused by: nkq: 17: API: Phenotype.API is not available on this device. Connection failed with: ConnectionResult{statusCode=API_UNAVAILABLE, resolution=null, message=null}
10-18 08:52:07.032  1232  1296 E MendelPackageState: 	at nov.au(PG:1)
10-18 08:52:07.032  1232  1296 E MendelPackageState: 	at nlk.d(PG:2)
10-18 08:52:07.032  1232  1296 E MendelPackageState: 	... 12 more
10-18 08:52:07.035  1232  1304 E MendelPackageState: Failed to commit to config
10-18 08:52:07.035  1232  1304 E MendelPackageState: qaw: 17: 17: API: Phenotype.API is not available on this device. Connection failed with: ConnectionResult{statusCode=API_UNAVAILABLE, resolution=null, message=null}
10-18 08:52:07.035  1232  1304 E MendelPackageState: 	at qax.a(PG:6)
10-18 08:52:07.035  1232  1304 E MendelPackageState: 	at suj.c(PG:2)
10-18 08:52:07.035  1232  1304 E MendelPackageState: 	at sul.run(PG:10)
10-18 08:52:07.035  1232  1304 E MendelPackageState: 	at swh.execute(Unknown Source:0)
10-18 08:52:07.035  1232  1304 E MendelPackageState: 	at svb.q(PG:1)
10-18 08:52:07.035  1232  1304 E MendelPackageState: 	at svb.j(PG:9)
10-18 08:52:07.035  1232  1304 E MendelPackageState: 	at svb.n(Unknown Source:18)
10-18 08:52:07.035  1232  1304 E MendelPackageState: 	at nzg.a(PG:10)
10-18 08:52:07.035  1232  1304 E MendelPackageState: 	at mwn.run(PG:20)
10-18 08:52:07.035  1232  1304 E MendelPackageState: 	at swh.execute(Unknown Source:0)
10-18 08:52:07.035  1232  1304 E MendelPackageState: 	at nxi.a(PG:6)
10-18 08:52:07.035  1232  1304 E MendelPackageState: 	at vvj.g(PG:5)
10-18 08:52:07.035  1232  1304 E MendelPackageState: 	at nmo.w(PG:5)
10-18 08:52:07.035  1232  1304 E MendelPackageState: 	at nlk.d(PG:3)
10-18 08:52:07.035  1232  1304 E MendelPackageState: 	at nmf.s(PG:4)
10-18 08:52:07.035  1232  1304 E MendelPackageState: 	at nmf.f(Unknown Source:9)
10-18 08:52:07.035  1232  1304 E MendelPackageState: 	at nmf.j(PG:18)
10-18 08:52:07.035  1232  1304 E MendelPackageState: 	at nmf.i(Unknown Source:1)
10-18 08:52:07.035  1232  1304 E MendelPackageState: 	at mwn.run(PG:59)
10-18 08:52:07.035  1232  1304 E MendelPackageState: 	at android.os.Handler.handleCallback(Handler.java:942)
10-18 08:52:07.035  1232  1304 E MendelPackageState: 	at android.os.Handler.dispatchMessage(Handler.java:99)
10-18 08:52:07.035  1232  1304 E MendelPackageState: 	at ntu.b(Unknown Source:0)
10-18 08:52:07.035  1232  1304 E MendelPackageState: 	at ntu.dispatchMessage(Unknown Source:0)
10-18 08:52:07.035  1232  1304 E MendelPackageState: 	at android.os.Looper.loopOnce(Looper.java:201)
10-18 08:52:07.035  1232  1304 E MendelPackageState: 	at android.os.Looper.loop(Looper.java:288)
10-18 08:52:07.035  1232  1304 E MendelPackageState: 	at android.os.HandlerThread.run(HandlerThread.java:67)
10-18 08:52:07.035  1232  1304 E MendelPackageState: Caused by: nkq: 17: API: Phenotype.API is not available on this device. Connection failed with: ConnectionResult{statusCode=API_UNAVAILABLE, resolution=null, message=null}
10-18 08:52:07.035  1232  1304 E MendelPackageState: 	at nov.au(PG:1)
10-18 08:52:07.035  1232  1304 E MendelPackageState: 	at nlk.d(PG:2)
10-18 08:52:07.035  1232  1304 E MendelPackageState: 	... 12 more
10-18 08:52:07.063  1232  1232 E DialerAndroidFuturesServiceCounter: com.google.apps.tiktok.concurrent.AndroidFuturesServiceCounter.increment:135 startService() returned null
10-18 08:52:07.106  1232  1232 E DialerAndroidFuturesServiceCounter: com.google.apps.tiktok.concurrent.AndroidFuturesServiceCounter.increment:135 startService() returned null
10-18 08:52:07.258  1186  1202 E CCTFunnel: Failed find or create clearcut directory.
10-18 08:52:07.367  1186  1316 E GmsTaskScheduler: API unavailable, fallback to SchedulerClientBroadcastStrategy
10-18 08:52:07.367  1186  1316 E GmsTaskScheduler: aard: 17: API: Scheduler.API is not available on this device. Connection failed with: ConnectionResult{statusCode=API_UNAVAILABLE, resolution=null, message=null}
10-18 08:52:07.367  1186  1316 E GmsTaskScheduler: 	at abmc.a(:com.google.android.gms@231818047@23.18.18 (190800-535401451):2)
10-18 08:52:07.367  1186  1316 E GmsTaskScheduler: 	at aasm.a(:com.google.android.gms@231818047@23.18.18 (190800-535401451):0)
10-18 08:52:07.367  1186  1316 E GmsTaskScheduler: 	at aasj.c(:com.google.android.gms@231818047@23.18.18 (190800-535401451):0)
10-18 08:52:07.367  1186  1316 E GmsTaskScheduler: 	at aava.p(:com.google.android.gms@231818047@23.18.18 (190800-535401451):4)
10-18 08:52:07.367  1186  1316 E GmsTaskScheduler: 	at aava.d(:com.google.android.gms@231818047@23.18.18 (190800-535401451):0)
10-18 08:52:07.367  1186  1316 E GmsTaskScheduler: 	at aava.g(:com.google.android.gms@231818047@23.18.18 (190800-535401451):19)
10-18 08:52:07.367  1186  1316 E GmsTaskScheduler: 	at aava.onConnectionFailed(:com.google.android.gms@231818047@23.18.18 (190800-535401451):0)
10-18 08:52:07.367  1186  1316 E GmsTaskScheduler: 	at aavc.run(:com.google.android.gms@231818047@23.18.18 (190800-535401451):8)
10-18 08:52:07.367  1186  1316 E GmsTaskScheduler: 	at android.os.Handler.handleCallback(Handler.java:942)
10-18 08:52:07.367  1186  1316 E GmsTaskScheduler: 	at android.os.Handler.dispatchMessage(Handler.java:99)
10-18 08:52:07.367  1186  1316 E GmsTaskScheduler: 	at avye.ll(:com.google.android.gms@231818047@23.18.18 (190800-535401451):0)
10-18 08:52:07.367  1186  1316 E GmsTaskScheduler: 	at avye.dispatchMessage(:com.google.android.gms@231818047@23.18.18 (190800-535401451):14)
10-18 08:52:07.367  1186  1316 E GmsTaskScheduler: 	at android.os.Looper.loopOnce(Looper.java:201)
10-18 08:52:07.367  1186  1316 E GmsTaskScheduler: 	at android.os.Looper.loop(Looper.java:288)
10-18 08:52:07.367  1186  1316 E GmsTaskScheduler: 	at android.os.HandlerThread.run(HandlerThread.java:67)
10-18 08:52:07.530   428   428 E RIL     : Error 0 transmitting APDU: 0
10-18 08:52:07.670   343   343 E android.hardware.power.stats@1.0-service-mock: Failed to getEnergyData
10-18 08:52:07.698   521   709 E DisplayDeviceConfig: requesting nits when no mapping exists.
10-18 08:52:07.698   521   709 E DisplayDeviceConfig: requesting nits when no mapping exists.
10-18 08:52:07.719   521   709 E DisplayDeviceConfig: requesting nits when no mapping exists.
10-18 08:52:07.720   521   709 E DisplayDeviceConfig: requesting nits when no mapping exists.
10-18 08:52:07.730   521   709 E DisplayDeviceConfig: requesting nits when no mapping exists.
10-18 08:52:07.735   521   521 E JobScheduler.Quota: <0>com.google.android.inputmethod.latin has 0 EJ quota without running anything
10-18 08:52:07.737   521   709 E DisplayDeviceConfig: requesting nits when no mapping exists.
10-18 08:52:07.739   521   521 E JobScheduler.Quota: <0>com.google.android.inputmethod.latin has 0 EJ quota without running anything
10-18 08:52:07.743   428   428 E RIL     : Error 0 transmitting APDU: 0
10-18 08:52:07.744   521   709 E DisplayDeviceConfig: requesting nits when no mapping exists.
10-18 08:52:07.745   521   709 E DisplayDeviceConfig: requesting nits when no mapping exists.
10-18 08:52:07.762   521   709 E DisplayDeviceConfig: requesting nits when no mapping exists.
10-18 08:52:07.764   521   709 E DisplayDeviceConfig: requesting nits when no mapping exists.
10-18 08:52:07.777   521   709 E DisplayDeviceConfig: requesting nits when no mapping exists.
10-18 08:52:07.779   521   709 E DisplayDeviceConfig: requesting nits when no mapping exists.
10-18 08:52:07.784   521   562 E TestHarnessModeService: Failed to start Test Harness Mode; no implementation of PersistentDataBlockManagerInternal was bound!
10-18 08:52:07.807   521   709 E DisplayDeviceConfig: requesting nits when no mapping exists.
10-18 08:52:07.807   521   709 E DisplayDeviceConfig: requesting nits when no mapping exists.
10-18 08:52:07.833   521   709 E DisplayDeviceConfig: requesting nits when no mapping exists.
10-18 08:52:07.843   521   709 E DisplayDeviceConfig: requesting nits when no mapping exists.
10-18 08:52:07.860   521   709 E DisplayDeviceConfig: requesting nits when no mapping exists.
10-18 08:52:07.861   521   709 E DisplayDeviceConfig: requesting nits when no mapping exists.
10-18 08:52:07.881   521   709 E DisplayDeviceConfig: requesting nits when no mapping exists.
10-18 08:52:07.881   521   709 E DisplayDeviceConfig: requesting nits when no mapping exists.
10-18 08:52:07.898   521   709 E DisplayDeviceConfig: requesting nits when no mapping exists.
10-18 08:52:07.898   521   709 E DisplayDeviceConfig: requesting nits when no mapping exists.
10-18 08:52:07.919   521   657 E WifiVendorHal: lambda$getUsableChannels$24(l.0) failed {.code = ERROR_NOT_SUPPORTED, .description = }
10-18 08:52:07.936   521   657 E WifiVendorHal: lambda$getUsableChannels$24(l.0) failed {.code = ERROR_NOT_SUPPORTED, .description = }
10-18 08:52:07.938   521   709 E DisplayDeviceConfig: requesting nits when no mapping exists.
10-18 08:52:07.939   521   709 E DisplayDeviceConfig: requesting nits when no mapping exists.
10-18 08:52:07.946   521   709 E DisplayDeviceConfig: requesting nits when no mapping exists.
10-18 08:52:07.947   521   709 E DisplayDeviceConfig: requesting nits when no mapping exists.
10-18 08:52:07.947   521   657 E WifiVendorHal: lambda$getUsableChannels$24(l.0) failed {.code = ERROR_NOT_SUPPORTED, .description = }
10-18 08:52:07.952   521   657 E WifiVendorHal: lambda$getUsableChannels$24(l.0) failed {.code = ERROR_NOT_SUPPORTED, .description = }
10-18 08:52:07.963   521   709 E DisplayDeviceConfig: requesting nits when no mapping exists.
10-18 08:52:07.963   521   709 E DisplayDeviceConfig: requesting nits when no mapping exists.
10-18 08:52:07.970   521   657 E WifiScoringParams: Invalid frequency(-1), using 5G as default rssi array
10-18 08:52:07.979   521   709 E DisplayDeviceConfig: requesting nits when no mapping exists.
10-18 08:52:07.980   521   709 E DisplayDeviceConfig: requesting nits when no mapping exists.
10-18 08:52:08.005   521   709 E DisplayDeviceConfig: requesting nits when no mapping exists.
10-18 08:52:08.005   521   709 E DisplayDeviceConfig: requesting nits when no mapping exists.
10-18 08:52:08.010   521   709 E DisplayDeviceConfig: requesting nits when no mapping exists.
10-18 08:52:08.010   521   709 E DisplayDeviceConfig: requesting nits when no mapping exists.
10-18 08:52:08.033   521   709 E DisplayDeviceConfig: requesting nits when no mapping exists.
10-18 08:52:08.035   521   709 E DisplayDeviceConfig: requesting nits when no mapping exists.
10-18 08:52:08.044   521   709 E DisplayDeviceConfig: requesting nits when no mapping exists.
10-18 08:52:08.044   521   709 E DisplayDeviceConfig: requesting nits when no mapping exists.
10-18 08:52:08.061   521   709 E DisplayDeviceConfig: requesting nits when no mapping exists.
10-18 08:52:08.064   521   709 E DisplayDeviceConfig: requesting nits when no mapping exists.
10-18 08:52:08.111   521   709 E DisplayDeviceConfig: requesting nits when no mapping exists.
10-18 08:52:08.111   521   709 E DisplayDeviceConfig: requesting nits when no mapping exists.
10-18 08:52:08.114   521   709 E DisplayDeviceConfig: requesting nits when no mapping exists.
10-18 08:52:08.114   521   709 E DisplayDeviceConfig: requesting nits when no mapping exists.
10-18 08:52:08.131   521   709 E DisplayDeviceConfig: requesting nits when no mapping exists.
10-18 08:52:08.131   521   709 E DisplayDeviceConfig: requesting nits when no mapping exists.
10-18 08:52:08.139  1232  1232 E DialerAndroidFuturesServiceCounter: com.google.apps.tiktok.concurrent.AndroidFuturesServiceCounter.increment:135 startService() returned null
10-18 08:52:08.154  1373  1373 E bootstat: Failed to read /data/misc/bootstat/post_decrypt_time_elapsed: No such file or directory
10-18 08:52:08.155  1373  1373 E bootstat: Failed to parse boot time record: /data/misc/bootstat/post_decrypt_time_elapsed
10-18 08:52:08.156   521   709 E DisplayDeviceConfig: requesting nits when no mapping exists.
10-18 08:52:08.157   521   709 E DisplayDeviceConfig: requesting nits when no mapping exists.
10-18 08:52:08.166   521   709 E DisplayDeviceConfig: requesting nits when no mapping exists.
10-18 08:52:08.171   521   709 E DisplayDeviceConfig: requesting nits when no mapping exists.
10-18 08:52:08.176   521   709 E DisplayDeviceConfig: requesting nits when no mapping exists.
10-18 08:52:08.176   521   709 E DisplayDeviceConfig: requesting nits when no mapping exists.
10-18 08:52:08.195   521   709 E DisplayDeviceConfig: requesting nits when no mapping exists.
10-18 08:52:08.196   521   709 E DisplayDeviceConfig: requesting nits when no mapping exists.
10-18 08:52:08.203     0     0 E selinux : SELinux: Could not get canonical path for /sys/kernel/debug/tracing/instances/wifi restorecon: No such file or directory.
10-18 08:52:08.208     0     0 E selinux :  
10-18 08:52:08.239   897   897 E TelephonyProvider: internal sim-specific settings backup data file does not exist. Aborting restore
10-18 08:52:08.240   521   709 E DisplayDeviceConfig: requesting nits when no mapping exists.
10-18 08:52:08.240   521   709 E DisplayDeviceConfig: requesting nits when no mapping exists.
10-18 08:52:08.243   521   709 E DisplayDeviceConfig: requesting nits when no mapping exists.
10-18 08:52:08.245   521   709 E DisplayDeviceConfig: requesting nits when no mapping exists.
10-18 08:52:08.305   521   709 E DisplayDeviceConfig: requesting nits when no mapping exists.
10-18 08:52:08.306   521   709 E DisplayDeviceConfig: requesting nits when no mapping exists.
10-18 08:52:08.306   521   709 E DisplayDeviceConfig: requesting nits when no mapping exists.
10-18 08:52:08.306   521   709 E DisplayDeviceConfig: requesting nits when no mapping exists.
10-18 08:52:08.310   521   709 E DisplayDeviceConfig: requesting nits when no mapping exists.
10-18 08:52:08.310   521   709 E DisplayDeviceConfig: requesting nits when no mapping exists.
10-18 08:52:08.327   521   709 E DisplayDeviceConfig: requesting nits when no mapping exists.
10-18 08:52:08.327   521   709 E DisplayDeviceConfig: requesting nits when no mapping exists.
10-18 08:52:08.344   521   709 E DisplayDeviceConfig: requesting nits when no mapping exists.
10-18 08:52:08.345   521   709 E DisplayDeviceConfig: requesting nits when no mapping exists.
10-18 08:52:08.360   521   709 E DisplayDeviceConfig: requesting nits when no mapping exists.
10-18 08:52:08.361   521   709 E DisplayDeviceConfig: requesting nits when no mapping exists.
10-18 08:52:08.371  1232  1232 E DialerAndroidFuturesServiceCounter: com.google.apps.tiktok.concurrent.AndroidFuturesServiceCounter.increment:135 startService() returned null
10-18 08:52:08.378   521   709 E DisplayDeviceConfig: requesting nits when no mapping exists.
10-18 08:52:08.378   521   709 E DisplayDeviceConfig: requesting nits when no mapping exists.
10-18 08:52:08.413   521   709 E DisplayDeviceConfig: requesting nits when no mapping exists.
10-18 08:52:08.414   521   709 E DisplayDeviceConfig: requesting nits when no mapping exists.
10-18 08:52:08.435   521   709 E DisplayDeviceConfig: requesting nits when no mapping exists.
10-18 08:52:08.437   521   709 E DisplayDeviceConfig: requesting nits when no mapping exists.
10-18 08:52:08.447   521   709 E DisplayDeviceConfig: requesting nits when no mapping exists.
10-18 08:52:08.448   521   709 E DisplayDeviceConfig: requesting nits when no mapping exists.
10-18 08:52:08.467   521   709 E DisplayDeviceConfig: requesting nits when no mapping exists.
10-18 08:52:08.469   521   709 E DisplayDeviceConfig: requesting nits when no mapping exists.
10-18 08:52:08.482   521   709 E DisplayDeviceConfig: requesting nits when no mapping exists.
10-18 08:52:08.483   521   709 E DisplayDeviceConfig: requesting nits when no mapping exists.
10-18 08:52:08.499   521   709 E DisplayDeviceConfig: requesting nits when no mapping exists.
10-18 08:52:08.499   521   709 E DisplayDeviceConfig: requesting nits when no mapping exists.
10-18 08:52:08.516   521   709 E DisplayDeviceConfig: requesting nits when no mapping exists.
10-18 08:52:08.521   521   709 E DisplayDeviceConfig: requesting nits when no mapping exists.
10-18 08:52:08.539   521   709 E DisplayDeviceConfig: requesting nits when no mapping exists.
10-18 08:52:08.554   521   709 E DisplayDeviceConfig: requesting nits when no mapping exists.
10-18 08:52:08.574   521   709 E DisplayDeviceConfig: requesting nits when no mapping exists.
10-18 08:52:08.574   521   709 E DisplayDeviceConfig: requesting nits when no mapping exists.
10-18 08:52:08.583   521   709 E DisplayDeviceConfig: requesting nits when no mapping exists.
10-18 08:52:08.584   521   709 E DisplayDeviceConfig: requesting nits when no mapping exists.
10-18 08:52:08.585   521   709 E DisplayDeviceConfig: requesting nits when no mapping exists.
10-18 08:52:08.585   521   709 E DisplayDeviceConfig: requesting nits when no mapping exists.
10-18 08:52:08.618   521   709 E DisplayDeviceConfig: requesting nits when no mapping exists.
10-18 08:52:08.619   521   709 E DisplayDeviceConfig: requesting nits when no mapping exists.
10-18 08:52:08.619   521   709 E DisplayDeviceConfig: requesting nits when no mapping exists.
10-18 08:52:08.619   521   709 E DisplayDeviceConfig: requesting nits when no mapping exists.
10-18 08:52:08.714   521   709 E DisplayDeviceConfig: requesting nits when no mapping exists.
10-18 08:52:08.748   521   709 E DisplayDeviceConfig: requesting nits when no mapping exists.
10-18 08:52:08.749   521   709 E DisplayDeviceConfig: requesting nits when no mapping exists.
10-18 08:52:08.750   521   709 E DisplayDeviceConfig: requesting nits when no mapping exists.
10-18 08:52:08.772   521   709 E DisplayDeviceConfig: requesting nits when no mapping exists.
10-18 08:52:08.773   521   709 E DisplayDeviceConfig: requesting nits when no mapping exists.
10-18 08:52:08.784   521   709 E DisplayDeviceConfig: requesting nits when no mapping exists.
10-18 08:52:08.785   521   709 E DisplayDeviceConfig: requesting nits when no mapping exists.
10-18 08:52:08.818   521   709 E DisplayDeviceConfig: requesting nits when no mapping exists.
10-18 08:52:08.819   521   709 E DisplayDeviceConfig: requesting nits when no mapping exists.
10-18 08:52:08.819   521   709 E DisplayDeviceConfig: requesting nits when no mapping exists.
10-18 08:52:08.821   521   709 E DisplayDeviceConfig: requesting nits when no mapping exists.
10-18 08:52:08.830   521   709 E DisplayDeviceConfig: requesting nits when no mapping exists.
10-18 08:52:08.831   521   709 E DisplayDeviceConfig: requesting nits when no mapping exists.
10-18 08:52:08.849   521   570 E MusicRecognitionManagerPerUserService: Bad service name: com.google.android.googlequicksearchbox/com.google.android.apps.search.soundsearch.service.SoundSearchService
10-18 08:52:08.864   521   709 E DisplayDeviceConfig: requesting nits when no mapping exists.
10-18 08:52:08.867   521   709 E DisplayDeviceConfig: requesting nits when no mapping exists.
10-18 08:52:08.871   521   709 E DisplayDeviceConfig: requesting nits when no mapping exists.
10-18 08:52:08.871   521   709 E DisplayDeviceConfig: requesting nits when no mapping exists.
10-18 08:52:09.006   521   570 E AmbientContextManagerPerUserService: Bad service name: com.google.android.as/com.google.android.apps.miphone.aiai.app.AiAiAmbientContextDetectionService
10-18 08:52:09.007   521   717 E JobScheduler.JobStatus: App com.google.android.dialer became active but still in NEVER bucket
10-18 08:52:09.034   521  1029 E JobScheduler.JobStatus: App com.google.android.dialer became active but still in NEVER bucket
10-18 08:52:09.049   521  1029 E JobScheduler.JobStatus: App com.google.android.dialer became active but still in NEVER bucket
10-18 08:52:09.073   521  1029 E JobScheduler.JobStatus: App com.google.android.dialer became active but still in NEVER bucket
10-18 08:52:09.085   521  1013 E JobScheduler.JobStatus: App com.google.android.dialer became active but still in NEVER bucket
10-18 08:52:09.094   521  1013 E JobScheduler.JobStatus: App com.google.android.dialer became active but still in NEVER bucket
10-18 08:52:09.105   521   893 E JobScheduler.JobStatus: App com.google.android.dialer became active but still in NEVER bucket
10-18 08:52:09.115   521   893 E JobScheduler.JobStatus: App com.google.android.dialer became active but still in NEVER bucket
10-18 08:52:09.142   521   893 E JobScheduler.JobStatus: App com.google.android.dialer became active but still in NEVER bucket
10-18 08:52:09.169   521   570 E WallpaperEffectsGenerationPerUserService: Bad service name: com.google.android.as/com.google.android.apps.miphone.aiai.app.wallpapereffects.AiAiWallpaperEffectsGenerationService
10-18 08:52:09.543   521   691 E BackupPasswordManager: Unable to read backup pw version
10-18 08:52:09.591   521   691 E BackupPasswordManager: Unable to read saved backup pw hash
10-18 08:52:09.648     0     0 E apexd   : Didn't generate uevent for [com.android.apex.cts.shim] removal
10-18 08:52:09.673     0     0 E apexd   : Didn't generate uevent for [com.android.btservices] removal
10-18 08:52:09.696     0     0 E apexd   : Didn't generate uevent for [com.android.i18n] removal
10-18 08:52:09.726   521   884 E JobScheduler.JobStatus: App com.google.android.dialer became active but still in NEVER bucket
10-18 08:52:09.744     0     0 E apexd   : Didn't generate uevent for [com.android.runtime] removal
10-18 08:52:09.778     0     0 E apexd   : Didn't generate uevent for [com.android.tzdata] removal
10-18 08:52:09.802     0     0 E apexd   : Didn't generate uevent for [com.android.vndk.v33] removal
10-18 08:52:09.852   521   550 E JobScheduler.JobStatus: App com.google.android.dialer became active but still in NEVER bucket
10-18 08:52:09.811     0     0 E apexd   : Didn't generate uevent for [com.google.mainline.primary.libs] removal
10-18 08:52:10.748  1186  1186 E NanoAppLogging: Failed to begin contexthub communication
10-18 08:52:11.654   521   602 E JobScheduler.JobStatus: App com.google.android.inputmethod.latin became active but still in NEVER bucket
10-18 08:52:11.738   787   952 E SystemServiceRegistry: No service published for: ethernet
10-18 08:52:11.738   787   952 E SystemServiceRegistry: android.os.ServiceManager$ServiceNotFoundException: No service published for: ethernet
10-18 08:52:11.738   787   952 E SystemServiceRegistry: 	at android.os.ServiceManager.getServiceOrThrow(ServiceManager.java:166)
10-18 08:52:11.738   787   952 E SystemServiceRegistry: 	at android.app.SystemServiceRegistry$136.createService(SystemServiceRegistry.java:1809)
10-18 08:52:11.738   787   952 E SystemServiceRegistry: 	at android.app.SystemServiceRegistry$CachedServiceFetcher.getService(SystemServiceRegistry.java:1908)
10-18 08:52:11.738   787   952 E SystemServiceRegistry: 	at android.app.SystemServiceRegistry.getSystemService(SystemServiceRegistry.java:1585)
10-18 08:52:11.738   787   952 E SystemServiceRegistry: 	at android.app.ContextImpl.getSystemService(ContextImpl.java:2120)
10-18 08:52:11.738   787   952 E SystemServiceRegistry: 	at android.content.ContextWrapper.getSystemService(ContextWrapper.java:900)
10-18 08:52:11.738   787   952 E SystemServiceRegistry: 	at com.android.networkstack.tethering.Tethering.isEthernetSupported(Tethering.java:1590)
10-18 08:52:11.738   787   952 E SystemServiceRegistry: 	at com.android.networkstack.tethering.Tethering.makeSupportedDownstreams(Tethering.java:2556)
10-18 08:52:11.738   787   952 E SystemServiceRegistry: 	at com.android.networkstack.tethering.Tethering.updateSupportedDownstreams(Tethering.java:2530)
10-18 08:52:11.738   787   952 E SystemServiceRegistry: 	at com.android.networkstack.tethering.Tethering.updateConfiguration(Tethering.java:545)
10-18 08:52:11.738   787   952 E SystemServiceRegistry: 	at com.android.networkstack.tethering.Tethering.lambda$new$3(Tethering.java:344)
10-18 08:52:11.738   787   952 E SystemServiceRegistry: 	at com.android.networkstack.tethering.Tethering.$r8$lambda$gUNv5kQ9F3l-55GJaHD0NFxn_Fo(Unknown Source:0)
10-18 08:52:11.738   787   952 E SystemServiceRegistry: 	at com.android.networkstack.tethering.Tethering$$ExternalSyntheticLambda4.accept(Unknown Source:4)
10-18 08:52:11.738   787   952 E SystemServiceRegistry: 	at com.android.networkstack.tethering.util.VersionedBroadcastListener$Receiver.onReceive(VersionedBroadcastListener.java:103)
10-18 08:52:11.738   787   952 E SystemServiceRegistry: 	at android.app.LoadedApk$ReceiverDispatcher$Args.lambda$getRunnable$0$android-app-LoadedApk$ReceiverDispatcher$Args(LoadedApk.java:1790)
10-18 08:52:11.738   787   952 E SystemServiceRegistry: 	at android.app.LoadedApk$ReceiverDispatcher$Args$$ExternalSyntheticLambda0.run(Unknown Source:2)
10-18 08:52:11.738   787   952 E SystemServiceRegistry: 	at android.os.Handler.handleCallback(Handler.java:942)
10-18 08:52:11.738   787   952 E SystemServiceRegistry: 	at android.os.Handler.dispatchMessage(Handler.java:99)
10-18 08:52:11.738   787   952 E SystemServiceRegistry: 	at android.os.Looper.loopOnce(Looper.java:201)
10-18 08:52:11.738   787   952 E SystemServiceRegistry: 	at android.os.Looper.loop(Looper.java:288)
10-18 08:52:11.738   787   952 E SystemServiceRegistry: 	at android.os.HandlerThread.run(HandlerThread.java:67)
10-18 08:52:11.761   521   559 E GnssUtilsJni: IGnssConfiguration setEsExtensionSec() failed.
10-18 08:52:11.761   521   559 E GnssConfiguration: Unable to set ES_EXTENSION_SEC: 0
10-18 08:52:12.470  1063  1683 E FrameEvents: updateAcquireFence: Did not find frame.
10-18 08:52:12.609  1063  1683 E FrameEvents: updateAcquireFence: Did not find frame.
10-18 08:52:12.822  1063  1683 E FrameEvents: updateAcquireFence: Did not find frame.
10-18 08:52:13.968   306   306 E Netd    : no such netId 100
10-18 08:52:13.983   306   306 E Netd    : no such netId 100
10-18 08:52:14.187   521   636 E StorageManagerService: Failed to notify volume state changed to the Storage Service
10-18 08:52:14.187   521   636 E StorageManagerService: com.android.server.storage.StorageSessionController$ExternalStorageServiceException: Failed to notify volume state changed for vol : StorageVolume: Virtual SD card
10-18 08:52:14.187   521   636 E StorageManagerService: 	at com.android.server.storage.StorageUserConnection$ActiveConnection.notifyVolumeStateChanged(StorageUserConnection.java:420)
10-18 08:52:14.187   521   636 E StorageManagerService: 	at com.android.server.storage.StorageUserConnection.notifyVolumeStateChanged(StorageUserConnection.java:131)
10-18 08:52:14.187   521   636 E StorageManagerService: 	at com.android.server.storage.StorageSessionController.notifyVolumeStateChanged(StorageSessionController.java:157)
10-18 08:52:14.187   521   636 E StorageManagerService: 	at com.android.server.StorageManagerService.onVolumeStateChangedAsync(StorageManagerService.java:1753)
10-18 08:52:14.187   521   636 E StorageManagerService: 	at com.android.server.StorageManagerService.-$$Nest$monVolumeStateChangedAsync(Unknown Source:0)
10-18 08:52:14.187   521   636 E StorageManagerService: 	at com.android.server.StorageManagerService$StorageManagerServiceHandler.handleMessage(StorageManagerService.java:870)
10-18 08:52:14.187   521   636 E StorageManagerService: 	at android.os.Handler.dispatchMessage(Handler.java:106)
10-18 08:52:14.187   521   636 E StorageManagerService: 	at android.os.Looper.loopOnce(Looper.java:201)
10-18 08:52:14.187   521   636 E StorageManagerService: 	at android.os.Looper.loop(Looper.java:288)
10-18 08:52:14.187   521   636 E StorageManagerService: 	at android.os.HandlerThread.run(HandlerThread.java:67)
