10-18 08:52:48.129   787   952 E SystemServiceRegistry: 	at com.android.networkstack.tethering.Tethering.updateSupportedDownstreams(Tethering.java:2530)
10-18 08:52:48.129   787   952 E SystemServiceRegistry: 	at com.android.networkstack.tethering.Tethering.updateConfiguration(Tethering.java:545)
10-18 08:52:48.129   787   952 E SystemServiceRegistry: 	at com.android.networkstack.tethering.Tethering.lambda$new$3(Tethering.java:344)
10-18 08:52:48.129   787   952 E SystemServiceRegistry: 	at com.android.networkstack.tethering.Tethering.$r8$lambda$gUNv5kQ9F3l-55GJaHD0NFxn_Fo(Unknown Source:0)
10-18 08:52:48.129   787   952 E SystemServiceRegistry: 	at com.android.networkstack.tethering.Tethering$$ExternalSyntheticLambda4.accept(Unknown Source:4)
10-18 08:52:48.129   787   952 E SystemServiceRegistry: 	at com.android.networkstack.tethering.util.VersionedBroadcastListener$Receiver.onReceive(VersionedBroadcastListener.java:103)
10-18 08:52:48.129   787   952 E SystemServiceRegistry: 	at android.app.LoadedApk$ReceiverDispatcher$Args.lambda$getRunnable$0$android-app-LoadedApk$ReceiverDispatcher$Args(LoadedApk.java:1790)
10-18 08:52:48.129   787   952 E SystemServiceRegistry: 	at android.app.LoadedApk$ReceiverDispatcher$Args$$ExternalSyntheticLambda0.run(Unknown Source:2)
10-18 08:52:48.129   787   952 E SystemServiceRegistry: 	at android.os.Handler.handleCallback(Handler.java:942)
10-18 08:52:48.129   787   952 E SystemServiceRegistry: 	at android.os.Handler.dispatchMessage(Handler.java:99)
10-18 08:52:48.129   787   952 E SystemServiceRegistry: 	at android.os.Looper.loopOnce(Looper.java:201)
10-18 08:52:48.129   787   952 E SystemServiceRegistry: 	at android.os.Looper.loop(Looper.java:288)
10-18 08:52:48.129   787   952 E SystemServiceRegistry: 	at android.os.HandlerThread.run(HandlerThread.java:67)
10-18 08:52:48.188   521   559 E GnssUtilsJni: IGnssConfiguration setEsExtensionSec() failed.
10-18 08:52:48.190   521   559 E GnssConfiguration: Unable to set ES_EXTENSION_SEC: 0
10-18 08:52:49.008   324   324 E WVCdm   : [oemcrypto_adapter_dynamic.cpp(958):Level1Terminate] L1 Terminate not needed
10-18 08:52:52.196   521   706 E ClipboardService: Denying clipboard access to com.android.chrome, application is not in focus nor is it a system service for user 0
10-18 08:52:52.200   521   706 E ClipboardService: Denying clipboard access to com.android.chrome, application is not in focus nor is it a system service for user 0
10-18 08:52:52.332  1430  2341 E AiAiTextClassifier: [TextClassifierLibProviderImpl]: Failed to load webref in TcLib, keeping the existing instance
10-18 08:52:52.332  1430  2341 E AiAiTextClassifier: iwv: No downloadable or bundled packs are available.
10-18 08:52:52.332  1430  2341 E AiAiTextClassifier: 	at iwr.a(PG:19)
10-18 08:52:52.332  1430  2341 E AiAiTextClassifier: 	at hcj.c(PG:1)
10-18 08:52:52.332  1430  2341 E AiAiTextClassifier: 	at hdq.h(PG:3)
10-18 08:52:52.332  1430  2341 E AiAiTextClassifier: 	at hdq.a(PG:6)
10-18 08:52:52.332  1430  2341 E AiAiTextClassifier: 	at hbg.f(PG:1)
10-18 08:52:52.332  1430  2341 E AiAiTextClassifier: 	at hbg.g(PG:2)
10-18 08:52:52.332  1430  2341 E AiAiTextClassifier: 	at hbg.d(PG:12)
10-18 08:52:52.332  1430  2341 E AiAiTextClassifier: 	at hbb.d(PG:3)
10-18 08:52:52.332  1430  2341 E AiAiTextClassifier: 	at bxh.d(PG:2)
10-18 08:52:52.332  1430  2341 E AiAiTextClassifier: 	at bxg.run(PG:25)
10-18 08:52:52.332  1430  2341 E AiAiTextClassifier: 	at java.util.concurrent.Executors$RunnableAdapter.call(Executors.java:463)
10-18 08:52:52.332  1430  2341 E AiAiTextClassifier: 	at java.util.concurrent.FutureTask.run(FutureTask.java:264)
10-18 08:52:52.332  1430  2341 E AiAiTextClassifier: 	at java.util.concurrent.ScheduledThreadPoolExecutor$ScheduledFutureTask.run(ScheduledThreadPoolExecutor.java:307)
10-18 08:52:52.332  1430  2341 E AiAiTextClassifier: 	at java.util.concurrent.ThreadPoolExecutor.runWorker(ThreadPoolExecutor.java:1137)
10-18 08:52:52.332  1430  2341 E AiAiTextClassifier: 	at java.util.concurrent.ThreadPoolExecutor$Worker.run(ThreadPoolExecutor.java:637)
10-18 08:52:52.332  1430  2341 E AiAiTextClassifier: 	at dum.run(PG:65)
10-18 08:52:52.332  1430  2341 E AiAiTextClassifier: 	at java.lang.Thread.run(Thread.java:1012)
10-18 08:52:53.148  2812  2812 E cr_BTSPrefs: No data found for task id: 56
10-18 08:52:53.148  2812  2812 E cr_BkgrdTaskScheduler: Task cannot be canceled because no data was found instorage or data was invalid
10-18 08:52:53.857  3370  3381 E DrmHalHidl: Failed to get vendor from drm plugin: -19
10-18 08:52:53.858  3370  3381 E DrmHalHidl: Failed to get description from drm plugin: -19
10-18 08:52:55.548  3593  3593 E ConfigUpdater: ignoring update request
10-18 08:52:55.602  3593  3593 E ConfigUpdater: ignoring update request
10-18 08:52:55.667  3593  3593 E ConfigUpdater: ignoring update request
10-18 08:52:55.691  3593  3593 E ConfigUpdater: ignoring update request
10-18 08:52:55.707  3593  3593 E ConfigUpdater: ignoring update request
10-18 08:52:55.730  3593  3593 E ConfigUpdater: ignoring update request
10-18 08:52:55.763  3593  3593 E ConfigUpdater: ignoring update request
10-18 08:52:55.778  3593  3593 E ConfigUpdater: ignoring update request
10-18 08:52:55.801  3593  3593 E ConfigUpdater: ignoring update request
10-18 08:52:55.866  3593  3593 E ConfigUpdater: ignoring update request
10-18 08:52:55.879  3593  3593 E ConfigUpdater: ignoring update request
10-18 08:52:55.953  3593  3593 E ConfigUpdater: ignoring update request
10-18 08:52:56.406  1417  3591 E PhenotypeRegOp: Attempting to overwrite config package for com.google.android.gms.games [CONTEXT service_id=231 ]
10-18 08:52:56.410  1417  3591 E PhenotypeRegOp: Attempting to overwrite config package for com.google.android.gms.maps#com.google.android.gms [CONTEXT service_id=231 ]
10-18 08:52:56.411  1417  3591 E PhenotypeRegOp: Attempting to overwrite config package for com.google.android.gms.cast [CONTEXT service_id=231 ]
10-18 08:52:56.414  1417  3591 E PhenotypeRegOp: Attempting to overwrite config package for com.google.android.gms.mobile_data_plan [CONTEXT service_id=231 ]
10-18 08:52:56.421  1417  3591 E PhenotypeRegOp: Attempting to overwrite config package for com.google.android.gms.udc [CONTEXT service_id=231 ]
10-18 08:52:58.405   521  2109 E AppOps  : Bad call made by uid 10125. Package "com.google.android.gms" does not belong to uid 10125.
10-18 08:52:58.409   521   717 E AppOps  : Bad call made by uid 10125. Package "com.google.android.gms" does not belong to uid 10125.
10-18 08:52:58.410   521   717 E AppOps  : Bad call made by uid 10125. Package "com.google.android.gms" does not belong to uid 10125.
10-18 08:52:58.718  1735  2391 E BistoWorker: Couldn't get logged in Google account.
10-18 08:52:59.428  1735  1735 E A       : onError
10-18 08:52:59.428  1735  1735 E A       : com.google.android.apps.gsa.shared.speech.a.m: errorCode: 65561, engine: 2
10-18 08:52:59.428  1735  1735 E A       : 	at com.google.android.apps.gsa.staticplugins.dc.a.e.a(PG:3)
10-18 08:52:59.428  1735  1735 E A       : 	at com.google.android.apps.gsa.s3.n.hh(PG:1)
10-18 08:52:59.428  1735  1735 E A       : 	at com.google.cd.g.a.f.e(PG:2)
10-18 08:52:59.428  1735  1735 E A       : 	at com.google.android.apps.gsa.speech.k.a.g.d(PG:22)
10-18 08:52:59.428  1735  1735 E A       : 	at com.google.android.apps.gsa.speech.k.a.g.ks(PG:6)
10-18 08:52:59.428  1735  1735 E A       : 	at com.google.android.apps.gsa.s3.o.e(PG:14)
10-18 08:52:59.428  1735  1735 E A       : 	at com.google.android.apps.gsa.s3.p.run(PG:1)
10-18 08:52:59.428  1735  1735 E A       : 	at java.util.concurrent.Executors$RunnableAdapter.call(Executors.java:463)
10-18 08:52:59.428  1735  1735 E A       : 	at java.util.concurrent.FutureTask.run(FutureTask.java:264)
10-18 08:52:59.428  1735  1735 E A       : 	at com.google.android.apps.gsa.shared.util.c.a.e.run(PG:2)
10-18 08:52:59.428  1735  1735 E A       : 	at com.google.android.apps.gsa.shared.util.c.a.bi.run(PG:1)
10-18 08:52:59.428  1735  1735 E A       : 	at com.google.android.apps.gsa.shared.util.c.a.bi.run(PG:1)
10-18 08:52:59.428  1735  1735 E A       : 	at java.util.concurrent.ThreadPoolExecutor.runWorker(ThreadPoolExecutor.java:1137)
10-18 08:52:59.428  1735  1735 E A       : 	at java.util.concurrent.ThreadPoolExecutor$Worker.run(ThreadPoolExecutor.java:637)
10-18 08:52:59.428  1735  1735 E A       : 	at java.lang.Thread.run(Thread.java:1012)
10-18 08:52:59.428  1735  1735 E A       : 	at com.google.android.apps.gsa.shared.util.c.a.l.run(PG:5)
10-18 08:52:59.428  1735  1735 E A       : Caused by: com.google.android.apps.gsa.shared.speech.a.o: errorCode: 65586, engine: 2
10-18 08:52:59.428  1735  1735 E A       : 	... 15 more
10-18 08:52:59.428  1735  1735 E A       : Caused by: com.google.android.apps.gsa.shared.speech.a.k: errorCode: 401, engine: 2
10-18 08:52:59.428  1735  1735 E A       : 	at com.google.android.apps.gsa.assistant.shared.n.h.a(PG:5)
10-18 08:52:59.428  1735  1735 E A       : 	at com.google.android.apps.gsa.s3.producers.j.hE(PG:2)
10-18 08:52:59.428  1735  1735 E A       : 	at com.google.android.apps.gsa.speech.k.a.g.d(PG:16)
10-18 08:52:59.428  1735  1735 E A       : 	... 12 more
10-18 08:53:01.555  2209  2390 E BugleNetwork: Failed to ensure Tachyon phone registration.
10-18 08:53:01.555  2209  2390 E BugleNetwork: java.lang.IllegalArgumentException: normalizedPhoneNumber is empty
10-18 08:53:01.555  2209  2390 E BugleNetwork: 	at amba.<init>(PG:2)
10-18 08:53:01.555  2209  2390 E BugleNetwork: 	at amay.b(PG:1)
10-18 08:53:01.555  2209  2390 E BugleNetwork: 	at alci.apply(PG:8)
10-18 08:53:01.555  2209  2390 E BugleNetwork: 	at byyp.apply(PG:3)
10-18 08:53:01.555  2209  2390 E BugleNetwork: 	at cdxj.d(PG:2)
10-18 08:53:01.555  2209  2390 E BugleNetwork: 	at cdxk.run(PG:9)
10-18 08:53:01.555  2209  2390 E BugleNetwork: 	at cdzf.execute(PG:1)
10-18 08:53:01.555  2209  2390 E BugleNetwork: 	at cdxe.o(PG:1)
10-18 08:53:01.555  2209  2390 E BugleNetwork: 	at cdxe.j(PG:13)
10-18 08:53:01.555  2209  2390 E BugleNetwork: 	at cdxe.set(PG:2)
10-18 08:53:01.555  2209  2390 E BugleNetwork: 	at ceby.e(PG:1)
10-18 08:53:01.555  2209  2390 E BugleNetwork: 	at ceav.run(PG:8)
10-18 08:53:01.555  2209  2390 E BugleNetwork: 	at cebz.run(PG:1)
10-18 08:53:01.555  2209  2390 E BugleNetwork: 	at java.util.concurrent.ThreadPoolExecutor.runWorker(ThreadPoolExecutor.java:1137)
10-18 08:53:01.555  2209  2390 E BugleNetwork: 	at java.util.concurrent.ThreadPoolExecutor$Worker.run(ThreadPoolExecutor.java:637)
10-18 08:53:01.555  2209  2390 E BugleNetwork: 	at bjzg.run(PG:2)
10-18 08:53:01.555  2209  2390 E BugleNetwork: 	at java.lang.Thread.run(Thread.java:1012)
10-18 08:53:01.555  2209  2390 E BugleNetwork: 	at bkam.run(PG:5)
10-18 08:53:01.755  1186  3115 E bwel    : Phenotype registration failed [CONTEXT service_id=51 ]
10-18 08:53:01.755  1186  3115 E bwel    : java.util.concurrent.TimeoutException: Timed out waiting for Task
10-18 08:53:01.755  1186  3115 E bwel    : 	at cfsz.o(:com.google.android.gms@231818047@23.18.18 (190800-535401451):6)
10-18 08:53:01.755  1186  3115 E bwel    : 	at bwel.a(:com.google.android.gms@231818047@23.18.18 (190800-535401451):12)
10-18 08:53:01.755  1186  3115 E bwel    : 	at com.google.android.gms.phenotype.sync.HeterodyneSyncTaskChimeraService.d(:com.google.android.gms@231818047@23.18.18 (190800-535401451):8)
10-18 08:53:01.755  1186  3115 E bwel    : 	at com.google.android.gms.phenotype.sync.HeterodyneSyncTaskChimeraService.a(:com.google.android.gms@231818047@23.18.18 (190800-535401451):10)
10-18 08:53:01.755  1186  3115 E bwel    : 	at avzs.call(:com.google.android.gms@231818047@23.18.18 (190800-535401451):4)
10-18 08:53:01.755  1186  3115 E bwel    : 	at java.util.concurrent.FutureTask.run(FutureTask.java:264)
10-18 08:53:01.755  1186  3115 E bwel    : 	at aced.c(:com.google.android.gms@231818047@23.18.18 (190800-535401451):6)
10-18 08:53:01.755  1186  3115 E bwel    : 	at aced.run(:com.google.android.gms@231818047@23.18.18 (190800-535401451):7)
10-18 08:53:01.755  1186  3115 E bwel    : 	at java.util.concurrent.ThreadPoolExecutor.runWorker(ThreadPoolExecutor.java:1137)
10-18 08:53:01.755  1186  3115 E bwel    : 	at java.util.concurrent.ThreadPoolExecutor$Worker.run(ThreadPoolExecutor.java:637)
10-18 08:53:01.755  1186  3115 E bwel    : 	at acjn.run(:com.google.android.gms@231818047@23.18.18 (190800-535401451):0)
10-18 08:53:01.755  1186  3115 E bwel    : 	at java.lang.Thread.run(Thread.java:1012)
10-18 08:53:05.588   435   435 E FingerprintHal: Could not load fingerprints from storage at /data/vendor_de/0/fpdata/emufp.bin; it has not yet been created.
10-18 08:53:05.588   435   435 E FingerprintHal: Could not load authenticator id from storage at /data/vendor_de/0/fpdata/emuauthid.bin; it has not yet been created.
10-18 08:53:05.632   914  1222 E SystemServiceRegistry: No service published for: ethernet
10-18 08:53:05.632   914  1222 E SystemServiceRegistry: android.os.ServiceManager$ServiceNotFoundException: No service published for: ethernet
10-18 08:53:05.632   914  1222 E SystemServiceRegistry: 	at android.os.ServiceManager.getServiceOrThrow(ServiceManager.java:166)
10-18 08:53:05.632   914  1222 E SystemServiceRegistry: 	at android.app.SystemServiceRegistry$136.createService(SystemServiceRegistry.java:1809)
10-18 08:53:05.632   914  1222 E SystemServiceRegistry: 	at android.app.SystemServiceRegistry$CachedServiceFetcher.getService(SystemServiceRegistry.java:1908)
10-18 08:53:05.632   914  1222 E SystemServiceRegistry: 	at android.app.SystemServiceRegistry.getSystemService(SystemServiceRegistry.java:1585)
10-18 08:53:05.632   914  1222 E SystemServiceRegistry: 	at android.app.ContextImpl.getSystemService(ContextImpl.java:2120)
10-18 08:53:05.632   914  1222 E SystemServiceRegistry: 	at android.content.ContextWrapper.getSystemService(ContextWrapper.java:900)
10-18 08:53:05.632   914  1222 E SystemServiceRegistry: 	at android.content.Context.getSystemService(Context.java:4168)
10-18 08:53:05.632   914  1222 E SystemServiceRegistry: 	at com.android.settings.TetherSettings$2.getNonIndexableKeys(TetherSettings.java:612)
10-18 08:53:05.632   914  1222 E SystemServiceRegistry: 	at com.android.settings.search.SettingsSearchIndexablesProvider.getNonIndexableKeysFromProvider(SettingsSearchIndexablesProvider.java:284)
10-18 08:53:05.632   914  1222 E SystemServiceRegistry: 	at com.android.settings.search.SettingsSearchIndexablesProvider.queryNonIndexableKeys(SettingsSearchIndexablesProvider.java:157)
10-18 08:53:05.632   914  1222 E SystemServiceRegistry: 	at android.provider.SearchIndexablesProvider.query(SearchIndexablesProvider.java:127)
10-18 08:53:05.632   914  1222 E SystemServiceRegistry: 	at android.content.ContentProvider.query(ContentProvider.java:1455)
10-18 08:53:05.632   914  1222 E SystemServiceRegistry: 	at android.content.ContentProvider.query(ContentProvider.java:1551)
10-18 08:53:05.632   914  1222 E SystemServiceRegistry: 	at android.content.ContentProvider$Transport.query(ContentProvider.java:285)
10-18 08:53:05.632   914  1222 E SystemServiceRegistry: 	at android.content.ContentProviderNative.onTransact(ContentProviderNative.java:107)
10-18 08:53:05.632   914  1222 E SystemServiceRegistry: 	at android.os.Binder.execTransactInternal(Binder.java:1280)
10-18 08:53:05.632   914  1222 E SystemServiceRegistry: 	at android.os.Binder.execTransact(Binder.java:1244)
10-18 08:53:07.367   521   633 E ReportEncoder: No watchlist hash
10-18 08:53:09.156   521   575 E libprocessgroup: AddTidToCgroup failed to write '3998'; fd=388: Invalid argument
10-18 08:53:09.156   521   575 E libprocessgroup: Failed to add task into cgroup
10-18 08:53:12.883  1417  2163 E constellation: [api_verify_phone_operation] Failed to generate Client Signature
10-18 08:53:12.883  1417  2163 E constellation: acwp: Stored private key deleted
10-18 08:53:12.883  1417  2163 E constellation: 	at acos.e(:com.google.android.gms@231818047@23.18.18 (190800-535401451):4)
10-18 08:53:12.883  1417  2163 E constellation: 	at acos.d(:com.google.android.gms@231818047@23.18.18 (190800-535401451):1)
10-18 08:53:12.883  1417  2163 E constellation: 	at acoa.c(:com.google.android.gms@231818047@23.18.18 (190800-535401451):22)
10-18 08:53:12.883  1417  2163 E constellation: 	at acoa.f(:com.google.android.gms@231818047@23.18.18 (190800-535401451):12)
10-18 08:53:12.883  1417  2163 E constellation: 	at avsy.eo(:com.google.android.gms@231818047@23.18.18 (190800-535401451):1)
10-18 08:53:12.883  1417  2163 E constellation: 	at avtf.run(:com.google.android.gms@231818047@23.18.18 (190800-535401451):14)
10-18 08:53:12.883  1417  2163 E constellation: 	at dfhf.run(:com.google.android.gms@231818047@23.18.18 (190800-535401451):2)
10-18 08:53:12.883  1417  2163 E constellation: 	at aced.c(:com.google.android.gms@231818047@23.18.18 (190800-535401451):6)
10-18 08:53:12.883  1417  2163 E constellation: 	at aced.run(:com.google.android.gms@231818047@23.18.18 (190800-535401451):7)
10-18 08:53:12.883  1417  2163 E constellation: 	at java.util.concurrent.ThreadPoolExecutor.runWorker(ThreadPoolExecutor.java:1137)
10-18 08:53:12.883  1417  2163 E constellation: 	at java.util.concurrent.ThreadPoolExecutor$Worker.run(ThreadPoolExecutor.java:637)
10-18 08:53:12.883  1417  2163 E constellation: 	at acjn.run(:com.google.android.gms@231818047@23.18.18 (190800-535401451):0)
10-18 08:53:12.883  1417  2163 E constellation: 	at java.lang.Thread.run(Thread.java:1012)
10-18 08:53:13.291  1417  2225 E Pay     : [SeTosMigration] payCapabilities gating flag: enabled [CONTEXT service_id=198 ]
10-18 08:53:13.293  1417  2225 E Pay     : [SeTosMigration] payCapabilities RoW use_wallet: true, use_wallet_jp: false [CONTEXT service_id=198 ]
10-18 08:53:17.586  1186  2281 E dlpn    : RuntimeException while executing runnable dlqc{qze@d4aafe5} with executor MoreExecutors.directExecutor()
10-18 08:53:17.586  1186  2281 E dlpn    : java.lang.NullPointerException: Attempt to get length of null array
10-18 08:53:17.586  1186  2281 E dlpn    : 	at android.util.Base64.encode(Base64.java:496)
10-18 08:53:17.586  1186  2281 E dlpn    : 	at android.util.Base64.encodeToString(Base64.java:458)
10-18 08:53:17.586  1186  2281 E dlpn    : 	at com.google.android.gms.auth.proximity.RemoteDevice.a(:com.google.android.gms@231818047@23.18.18 (190800-535401451):0)
10-18 08:53:17.586  1186  2281 E dlpn    : 	at qze.b(:com.google.android.gms@231818047@23.18.18 (190800-535401451):2)
10-18 08:53:17.586  1186  2281 E dlpn    : 	at dlqc.run(:com.google.android.gms@231818047@23.18.18 (190800-535401451):6)
10-18 08:53:17.586  1186  2281 E dlpn    : 	at dlpk.execute(:com.google.android.gms@231818047@23.18.18 (190800-535401451):0)
10-18 08:53:17.586  1186  2281 E dlpn    : 	at dlpn.c(:com.google.android.gms@231818047@23.18.18 (190800-535401451):1)
10-18 08:53:17.586  1186  2281 E dlpn    : 	at dlpn.b(:com.google.android.gms@231818047@23.18.18 (190800-535401451):3)
10-18 08:53:17.586  1186  2281 E dlpn    : 	at acei.done(:com.google.android.gms@231818047@23.18.18 (190800-535401451):0)
10-18 08:53:17.586  1186  2281 E dlpn    : 	at java.util.concurrent.FutureTask.finishCompletion(FutureTask.java:381)
10-18 08:53:17.586  1186  2281 E dlpn    : 	at java.util.concurrent.FutureTask.set(FutureTask.java:232)
10-18 08:53:17.586  1186  2281 E dlpn    : 	at java.util.concurrent.FutureTask.run(FutureTask.java:272)
10-18 08:53:17.586  1186  2281 E dlpn    : 	at aced.c(:com.google.android.gms@231818047@23.18.18 (190800-535401451):6)
10-18 08:53:17.586  1186  2281 E dlpn    : 	at aced.run(:com.google.android.gms@231818047@23.18.18 (190800-535401451):7)
10-18 08:53:17.586  1186  2281 E dlpn    : 	at java.util.concurrent.ThreadPoolExecutor.runWorker(ThreadPoolExecutor.java:1137)
10-18 08:53:17.586  1186  2281 E dlpn    : 	at java.util.concurrent.ThreadPoolExecutor$Worker.run(ThreadPoolExecutor.java:637)
10-18 08:53:17.586  1186  2281 E dlpn    : 	at acjn.run(:com.google.android.gms@231818047@23.18.18 (190800-535401451):0)
10-18 08:53:17.586  1186  2281 E dlpn    : 	at java.lang.Thread.run(Thread.java:1012)
10-18 08:53:17.594   521  2099 E RecoverySnapshotStorage: Error reading snapshot for 10119 from disk
10-18 08:53:17.594   521  2099 E RecoverySnapshotStorage: java.io.FileNotFoundException: /data/system/recoverablekeystore/snapshots/10119.xml: open failed: ENOENT (No such file or directory)
10-18 08:53:17.594   521  2099 E RecoverySnapshotStorage: 	at libcore.io.IoBridge.open(IoBridge.java:574)
10-18 08:53:17.594   521  2099 E RecoverySnapshotStorage: 	at java.io.FileInputStream.<init>(FileInputStream.java:160)
10-18 08:53:17.594   521  2099 E RecoverySnapshotStorage: 	at com.android.server.locksettings.recoverablekeystore.storage.RecoverySnapshotStorage.readFromDisk(RecoverySnapshotStorage.java:152)
10-18 08:53:17.594   521  2099 E RecoverySnapshotStorage: 	at com.android.server.locksettings.recoverablekeystore.storage.RecoverySnapshotStorage.get(RecoverySnapshotStorage.java:104)
10-18 08:53:17.594   521  2099 E RecoverySnapshotStorage: 	at com.android.server.locksettings.recoverablekeystore.RecoverableKeyStoreManager.getKeyChainSnapshot(RecoverableKeyStoreManager.java:342)
10-18 08:53:17.594   521  2099 E RecoverySnapshotStorage: 	at com.android.server.locksettings.LockSettingsService.getKeyChainSnapshot(LockSettingsService.java:2589)
10-18 08:53:17.594   521  2099 E RecoverySnapshotStorage: 	at com.android.internal.widget.ILockSettings$Stub.onTransact(ILockSettings.java:786)
10-18 08:53:17.594   521  2099 E RecoverySnapshotStorage: 	at android.os.Binder.execTransactInternal(Binder.java:1280)
10-18 08:53:17.594   521  2099 E RecoverySnapshotStorage: 	at android.os.Binder.execTransact(Binder.java:1244)
10-18 08:53:17.594   521  2099 E RecoverySnapshotStorage: Caused by: android.system.ErrnoException: open failed: ENOENT (No such file or directory)
10-18 08:53:17.594   521  2099 E RecoverySnapshotStorage: 	at libcore.io.Linux.open(Native Method)
10-18 08:53:17.594   521  2099 E RecoverySnapshotStorage: 	at libcore.io.ForwardingOs.open(ForwardingOs.java:563)
10-18 08:53:17.594   521  2099 E RecoverySnapshotStorage: 	at libcore.io.BlockGuardOs.open(BlockGuardOs.java:274)
10-18 08:53:17.594   521  2099 E RecoverySnapshotStorage: 	at libcore.io.IoBridge.open(IoBridge.java:560)
10-18 08:53:17.594   521  2099 E RecoverySnapshotStorage: 	... 8 more
10-18 08:53:17.675   176  2878 E keystore2: keystore2::error: In import_key.
10-18 08:53:17.675   176  2878 E keystore2: 
10-18 08:53:17.675   176  2878 E keystore2: Caused by:
10-18 08:53:17.675   176  2878 E keystore2:     0: In store_new_key.
10-18 08:53:17.675   176  2878 E keystore2:     1: In store_new_key. Failed to handle super encryption.
10-18 08:53:17.675   176  2878 E keystore2:     2: In handle_super_encryption_on_key_init: User ECDH key missing.
10-18 08:53:17.675   176  2878 E keystore2:     3: Error::Rc(ResponseCode(4))
10-18 08:53:18.294  1735  1735 E A       : onError
10-18 08:53:18.294  1735  1735 E A       : com.google.android.apps.gsa.shared.speech.a.m: errorCode: 65561, engine: 2
10-18 08:53:18.294  1735  1735 E A       : 	at com.google.android.apps.gsa.staticplugins.dc.a.e.a(PG:3)
10-18 08:53:18.294  1735  1735 E A       : 	at com.google.android.apps.gsa.s3.n.hh(PG:1)
10-18 08:53:18.294  1735  1735 E A       : 	at com.google.cd.g.a.f.e(PG:2)
10-18 08:53:18.294  1735  1735 E A       : 	at com.google.android.apps.gsa.speech.k.a.g.d(PG:22)
10-18 08:53:18.294  1735  1735 E A       : 	at com.google.android.apps.gsa.speech.k.a.g.ks(PG:6)
10-18 08:53:18.294  1735  1735 E A       : 	at com.google.android.apps.gsa.s3.o.e(PG:14)
10-18 08:53:18.294  1735  1735 E A       : 	at com.google.android.apps.gsa.s3.p.run(PG:1)
10-18 08:53:18.294  1735  1735 E A       : 	at java.util.concurrent.Executors$RunnableAdapter.call(Executors.java:463)
10-18 08:53:18.294  1735  1735 E A       : 	at java.util.concurrent.FutureTask.run(FutureTask.java:264)
10-18 08:53:18.294  1735  1735 E A       : 	at com.google.android.apps.gsa.shared.util.c.a.e.run(PG:2)
10-18 08:53:18.294  1735  1735 E A       : 	at com.google.android.apps.gsa.shared.util.c.a.bi.run(PG:1)
10-18 08:53:18.294  1735  1735 E A       : 	at com.google.android.apps.gsa.shared.util.c.a.bi.run(PG:1)
10-18 08:53:18.294  1735  1735 E A       : 	at java.util.concurrent.ThreadPoolExecutor.runWorker(ThreadPoolExecutor.java:1137)
10-18 08:53:18.294  1735  1735 E A       : 	at java.util.concurrent.ThreadPoolExecutor$Worker.run(ThreadPoolExecutor.java:637)
10-18 08:53:18.294  1735  1735 E A       : 	at java.lang.Thread.run(Thread.java:1012)
10-18 08:53:18.294  1735  1735 E A       : 	at com.google.android.apps.gsa.shared.util.c.a.l.run(PG:5)
10-18 08:53:18.294  1735  1735 E A       : Caused by: com.google.android.apps.gsa.shared.speech.a.o: errorCode: 65586, engine: 2
10-18 08:53:18.294  1735  1735 E A       : 	... 15 more
10-18 08:53:18.294  1735  1735 E A       : Caused by: com.google.android.apps.gsa.shared.speech.a.k: errorCode: 401, engine: 2
10-18 08:53:18.294  1735  1735 E A       : 	at com.google.android.apps.gsa.assistant.shared.n.h.a(PG:5)
10-18 08:53:18.294  1735  1735 E A       : 	at com.google.android.apps.gsa.s3.producers.j.hE(PG:2)
10-18 08:53:18.294  1735  1735 E A       : 	at com.google.android.apps.gsa.speech.k.a.g.d(PG:16)
10-18 08:53:18.294  1735  1735 E A       : 	... 12 more
10-18 08:53:18.448  1417  3591 E JavaBinder: !!! FAILED BINDER TRANSACTION !!!  (parcel size = 1056768)
10-18 08:53:19.006   306   360 E BpfHandler: Unsupported protocol: 1
10-18 08:53:20.044  3736  3736 E GooglePartnerSetup: Phenotype client.register: true
10-18 08:53:20.551  1417  3591 E PhenotypeFlagCommitter: Retrieving snapshot for com.google.android.gms.playlog.uploader failed
10-18 08:53:20.551  1417  3591 E PhenotypeFlagCommitter: java.util.concurrent.TimeoutException: Timed out waiting for Task
10-18 08:53:20.551  1417  3591 E PhenotypeFlagCommitter: 	at cfsz.o(:com.google.android.gms@231818047@23.18.18 (190800-535401451):6)
10-18 08:53:20.551  1417  3591 E PhenotypeFlagCommitter: 	at bwch.e(:com.google.android.gms@231818047@23.18.18 (190800-535401451):2)
10-18 08:53:20.551  1417  3591 E PhenotypeFlagCommitter: 	at bwch.j(:com.google.android.gms@231818047@23.18.18 (190800-535401451):2)
10-18 08:53:20.551  1417  3591 E PhenotypeFlagCommitter: 	at bwch.h(:com.google.android.gms@231818047@23.18.18 (190800-535401451):0)
10-18 08:53:20.551  1417  3591 E PhenotypeFlagCommitter: 	at com.google.android.gms.clearcut.init.ClearcutInitChimeraIntentService.b(:com.google.android.gms@231818047@23.18.18 (190800-535401451):5)
10-18 08:53:20.551  1417  3591 E PhenotypeFlagCommitter: 	at zdm.onHandleIntent(:com.google.android.gms@231818047@23.18.18 (190800-535401451):2)
10-18 08:53:20.551  1417  3591 E PhenotypeFlagCommitter: 	at com.google.android.gms.clearcut.init.DefaultPriorityClearcutInitChimeraIntentService.onHandleIntent(:com.google.android.gms@231818047@23.18.18 (190800-535401451):2)
10-18 08:53:20.551  1417  3591 E PhenotypeFlagCommitter: 	at com.google.android.chimera.IntentOperation.onHandleIntent(:com.google.android.gms@231818047@23.18.18 (190800-535401451):2)
10-18 08:53:20.551  1417  3591 E PhenotypeFlagCommitter: 	at zhv.onHandleIntent(:com.google.android.gms@231818047@23.18.18 (190800-535401451):4)
10-18 08:53:20.551  1417  3591 E PhenotypeFlagCommitter: 	at hjm.run(:com.google.android.gms@231818047@23.18.18 (190800-535401451):3)
10-18 08:53:20.551  1417  3591 E PhenotypeFlagCommitter: 	at hjl.run(:com.google.android.gms@231818047@23.18.18 (190800-535401451):11)
10-18 08:53:20.551  1417  3591 E PhenotypeFlagCommitter: 	at dfhf.run(:com.google.android.gms@231818047@23.18.18 (190800-535401451):2)
10-18 08:53:20.551  1417  3591 E PhenotypeFlagCommitter: 	at java.util.concurrent.ThreadPoolExecutor.runWorker(ThreadPoolExecutor.java:1137)
10-18 08:53:20.551  1417  3591 E PhenotypeFlagCommitter: 	at java.util.concurrent.ThreadPoolExecutor$Worker.run(ThreadPoolExecutor.java:637)
10-18 08:53:20.551  1417  3591 E PhenotypeFlagCommitter: 	at java.lang.Thread.run(Thread.java:1012)
10-18 08:53:24.942  1417  2225 E Pay     : [Migration operation] Active tapandpay account not found! [CONTEXT service_id=198 ]
10-18 08:53:26.162  1186  1617 E GmsTaskScheduler: sendWakeUpEvent called on SchedulerClientBroadcastStrategy
10-18 08:53:29.051  1417  4114 E WorkSourceUtil: Could not find package: com.google.android.gms.westworld
10-18 08:53:29.682  1704  1704 E GEL_DELAYED_EVENT_DEBUG: Volley request failed for type apyv
10-18 08:53:29.682  1704  1704 E GEL_DELAYED_EVENT_DEBUG: dlj: java.lang.IllegalStateException: DefaultAccountIdResolver could not resolve pseudonymous, pseudonymous
10-18 08:53:29.682  1704  1704 E GEL_DELAYED_EVENT_DEBUG: 	at wfa.b(PG:1)
10-18 08:53:29.682  1704  1704 E GEL_DELAYED_EVENT_DEBUG: 	at wfa.run(PG:24)
10-18 08:53:29.682  1704  1704 E GEL_DELAYED_EVENT_DEBUG: 	at java.util.concurrent.ThreadPoolExecutor.runWorker(ThreadPoolExecutor.java:1137)
10-18 08:53:29.682  1704  1704 E GEL_DELAYED_EVENT_DEBUG: 	at java.util.concurrent.ThreadPoolExecutor$Worker.run(ThreadPoolExecutor.java:637)
10-18 08:53:29.682  1704  1704 E GEL_DELAYED_EVENT_DEBUG: 	at vvz.run(PG:11)
10-18 08:53:29.682  1704  1704 E GEL_DELAYED_EVENT_DEBUG: 	at java.lang.Thread.run(Thread.java:1012)
10-18 08:53:29.682  1704  1704 E GEL_DELAYED_EVENT_DEBUG: Caused by: java.lang.IllegalStateException: DefaultAccountIdResolver could not resolve pseudonymous, pseudonymous
10-18 08:53:29.682  1704  1704 E GEL_DELAYED_EVENT_DEBUG: 	at ucg.a(PG:7)
10-18 08:53:29.682  1704  1704 E GEL_DELAYED_EVENT_DEBUG: 	at xsd.a(PG:1)
10-18 08:53:29.682  1704  1704 E GEL_DELAYED_EVENT_DEBUG: 	at xtk.G(PG:5)
10-18 08:53:29.682  1704  1704 E GEL_DELAYED_EVENT_DEBUG: 	at xtk.d(PG:2)
10-18 08:53:29.682  1704  1704 E GEL_DELAYED_EVENT_DEBUG: 	at wfa.a(PG:15)
10-18 08:53:29.682  1704  1704 E GEL_DELAYED_EVENT_DEBUG: 	at wfa.run(PG:21)
10-18 08:53:29.682  1704  1704 E GEL_DELAYED_EVENT_DEBUG: 	... 4 more
10-18 08:53:29.682  1704  1704 E GEL_DELAYED_EVENT_DEBUG: Caused by: java.util.concurrent.ExecutionException: aiwk: account of type pseudonymous is not enabled
10-18 08:53:29.682  1704  1704 E GEL_DELAYED_EVENT_DEBUG: 	at akmv.o(PG:6)
10-18 08:53:29.682  1704  1704 E GEL_DELAYED_EVENT_DEBUG: 	at akmv.get(PG:20)
10-18 08:53:29.682  1704  1704 E GEL_DELAYED_EVENT_DEBUG: 	at akmq.get(PG:2)
10-18 08:53:29.682  1704  1704 E GEL_DELAYED_EVENT_DEBUG: 	at ucg.a(PG:4)
10-18 08:53:29.682  1704  1704 E GEL_DELAYED_EVENT_DEBUG: 	... 9 more
10-18 08:53:29.682  1704  1704 E GEL_DELAYED_EVENT_DEBUG: Caused by: aiwk: account of type pseudonymous is not enabled
10-18 08:53:29.682  1704  1704 E GEL_DELAYED_EVENT_DEBUG: 	at aixz.apply(PG:6)
10-18 08:53:29.682  1704  1704 E GEL_DELAYED_EVENT_DEBUG: 	at ajls.apply(PG:2)
10-18 08:53:29.682  1704  1704 E GEL_DELAYED_EVENT_DEBUG: 	at akmy.c(PG:2)
10-18 08:53:29.682  1704  1704 E GEL_DELAYED_EVENT_DEBUG: 	at akmz.run(PG:9)
10-18 08:53:29.682  1704  1704 E GEL_DELAYED_EVENT_DEBUG: 	at akod.execute(PG:1)
10-18 08:53:29.682  1704  1704 E GEL_DELAYED_EVENT_DEBUG: 	at akmv.m(PG:1)
10-18 08:53:29.682  1704  1704 E GEL_DELAYED_EVENT_DEBUG: 	at akmv.i(PG:12)
10-18 08:53:29.682  1704  1704 E GEL_DELAYED_EVENT_DEBUG: 	at akmv.setFuture(PG:5)
10-18 08:53:29.682  1704  1704 E GEL_DELAYED_EVENT_DEBUG: 	at akpf.run(PG:1)
10-18 08:53:29.682  1704  1704 E GEL_DELAYED_EVENT_DEBUG: 	at akod.execute(PG:1)
10-18 08:53:29.682  1704  1704 E GEL_DELAYED_EVENT_DEBUG: 	at akmv.m(PG:1)
10-18 08:53:29.682  1704  1704 E GEL_DELAYED_EVENT_DEBUG: 	at akmv.i(PG:12)
10-18 08:53:29.682  1704  1704 E GEL_DELAYED_EVENT_DEBUG: 	at akmv.setFuture(PG:5)
10-18 08:53:29.682  1704  1704 E GEL_DELAYED_EVENT_DEBUG: 	at akmx.d(PG:2)
10-18 08:53:29.682  1704  1704 E GEL_DELAYED_EVENT_DEBUG: 	at akmz.run(PG:12)
10-18 08:53:29.682  1704  1704 E GEL_DELAYED_EVENT_DEBUG: 	at akod.execute(PG:1)
10-18 08:53:29.682  1704  1704 E GEL_DELAYED_EVENT_DEBUG: 	at akmv.m(PG:1)
10-18 08:53:29.682  1704  1704 E GEL_DELAYED_EVENT_DEBUG: 	at akmv.i(PG:12)
10-18 08:53:29.682  1704  1704 E GEL_DELAYED_EVENT_DEBUG: 	at akmv.setFuture(PG:5)
10-18 08:53:29.682  1704  1704 E GEL_DELAYED_EVENT_DEBUG: 	at aizz.setFuture(PG:1)
10-18 08:53:29.682  1704  1704 E GEL_DELAYED_EVENT_DEBUG: 	at aizv.run(PG:4)
10-18 08:53:29.682  1704  1704 E GEL_DELAYED_EVENT_DEBUG: 	at akod.execute(PG:1)
10-18 08:53:29.682  1704  1704 E GEL_DELAYED_EVENT_DEBUG: 	at akmv.m(PG:1)
10-18 08:53:29.682  1704  1704 E GEL_DELAYED_EVENT_DEBUG: 	at akmv.i(PG:12)
10-18 08:53:29.682  1704  1704 E GEL_DELAYED_EVENT_DEBUG: 	at akmv.set(PG:2)
10-18 08:53:29.682  1704  1704 E GEL_DELAYED_EVENT_DEBUG: 	at akoa.c(PG:1)
10-18 08:53:29.682  1704  1704 E GEL_DELAYED_EVENT_DEBUG: 	at akob.e(PG:2)
10-18 08:53:29.682  1704  1704 E GEL_DELAYED_EVENT_DEBUG: 	at akpo.run(PG:8)
10-18 08:53:29.682  1704  1704 E GEL_DELAYED_EVENT_DEBUG: 	at akod.execute(PG:1)
10-18 08:53:29.682  1704  1704 E GEL_DELAYED_EVENT_DEBUG: 	at akob.f(PG:1)
10-18 08:53:29.682  1704  1704 E GEL_DELAYED_EVENT_DEBUG: 	at akoc.m(PG:1)
10-18 08:53:29.682  1704  1704 E GEL_DELAYED_EVENT_DEBUG: 	at aknc.f(PG:6)
10-18 08:53:29.682  1704  1704 E GEL_DELAYED_EVENT_DEBUG: 	at akna.run(PG:1)
10-18 08:53:29.682  1704  1704 E GEL_DELAYED_EVENT_DEBUG: 	at akod.execute(PG:1)
10-18 08:53:29.682  1704  1704 E GEL_DELAYED_EVENT_DEBUG: 	at akmv.m(PG:1)
10-18 08:53:29.682  1704  1704 E GEL_DELAYED_EVENT_DEBUG: 	at akmv.i(PG:12)
10-18 08:53:29.682  1704  1704 E GEL_DELAYED_EVENT_DEBUG: 	at akmv.setFuture(PG:5)
10-18 08:53:29.682  1704  1704 E GEL_DELAYED_EVENT_DEBUG: 	at akmx.d(PG:2)
10-18 08:53:29.682  1704  1704 E GEL_DELAYED_EVENT_DEBUG: 	at akmz.run(PG:12)
10-18 08:53:29.682  1704  1704 E GEL_DELAYED_EVENT_DEBUG: 	at akod.execute(PG:1)
10-18 08:53:29.682  1704  1704 E GEL_DELAYED_EVENT_DEBUG: 	at akmv.m(PG:1)
10-18 08:53:29.682  1704  1704 E GEL_DELAYED_EVENT_DEBUG: 	at akmv.i(PG:12)
10-18 08:53:29.682  1704  1704 E GEL_DELAYED_EVENT_DEBUG: 	at akmv.setFuture(PG:5)
10-18 08:53:29.682  1704  1704 E GEL_DELAYED_EVENT_DEBUG: 	at akpf.run(PG:1)
10-18 08:53:29.682  1704  1704 E GEL_DELAYED_EVENT_DEBUG: 	at akod.execute(PG:1)
10-18 08:53:29.682  1704  1704 E GEL_DELAYED_EVENT_DEBUG: 	at akmv.m(PG:1)
10-18 08:53:29.682  1704  1704 E GEL_DELAYED_EVENT_DEBUG: 	at akmv.i(PG:12)
10-18 08:53:29.682  1704  1704 E GEL_DELAYED_EVENT_DEBUG: 	at akmv.setFuture(PG:5)
10-18 08:53:29.682  1704  1704 E GEL_DELAYED_EVENT_DEBUG: 	at akmx.d(PG:2)
10-18 08:53:29.682  1704  1704 E GEL_DELAYED_EVENT_DEBUG: 	at akmz.run(PG:12)
10-18 08:53:29.682  1704  1704 E GEL_DELAYED_EVENT_DEBUG: 	at akod.execute(PG:1)
10-18 08:53:29.682  1704  1704 E GEL_DELAYED_EVENT_DEBUG: 	at akmv.m(PG:1)
10-18 08:53:29.682  1704  1704 E GEL_DELAYED_EVENT_DEBUG: 	at akmv.i(PG:12)
10-18 08:53:29.682  1704  1704 E GEL_DELAYED_EVENT_DEBUG: 	at akmv.setFuture(PG:5)
10-18 08:53:29.682  1704  1704 E GEL_DELAYED_EVENT_DEBUG: 	at aknz.c(PG:2)
10-18 08:53:29.682  1704  1704 E GEL_DELAYED_EVENT_DEBUG: 	at akob.e(PG:2)
10-18 08:53:29.682  1704  1704 E GEL_DELAYED_EVENT_DEBUG: 	at akpo.run(PG:8)
10-18 08:53:29.682  1704  1704 E GEL_DELAYED_EVENT_DEBUG: 	at qiq.run(PG:1)
10-18 08:53:29.682  1704  1704 E GEL_DELAYED_EVENT_DEBUG: 	at java.util.concurrent.ThreadPoolExecutor.runWorker(ThreadPoolExecutor.java:1137)
10-18 08:53:29.682  1704  1704 E GEL_DELAYED_EVENT_DEBUG: 	at java.util.concurrent.ThreadPoolExecutor$Worker.run(ThreadPoolExecutor.java:637)
10-18 08:53:29.682  1704  1704 E GEL_DELAYED_EVENT_DEBUG: 	at qhq.run(PG:2)
10-18 08:53:29.682  1704  1704 E GEL_DELAYED_EVENT_DEBUG: 	at qic.run(PG:4)
10-18 08:53:29.682  1704  1704 E GEL_DELAYED_EVENT_DEBUG: 	... 1 more
10-18 08:53:34.575  1186  4126 E PhenotypeFlagCommitter: Retrieving snapshot for com.google.android.westworld failed
10-18 08:53:34.575  1186  4126 E PhenotypeFlagCommitter: java.util.concurrent.TimeoutException: Timed out waiting for Task
10-18 08:53:34.575  1186  4126 E PhenotypeFlagCommitter: 	at cfsz.o(:com.google.android.gms@231818047@23.18.18 (190800-535401451):6)
10-18 08:53:34.575  1186  4126 E PhenotypeFlagCommitter: 	at bwch.e(:com.google.android.gms@231818047@23.18.18 (190800-535401451):2)
10-18 08:53:34.575  1186  4126 E PhenotypeFlagCommitter: 	at bwch.j(:com.google.android.gms@231818047@23.18.18 (190800-535401451):2)
10-18 08:53:34.575  1186  4126 E PhenotypeFlagCommitter: 	at bwch.k(:com.google.android.gms@231818047@23.18.18 (190800-535401451):2)
10-18 08:53:34.575  1186  4126 E PhenotypeFlagCommitter: 	at bwch.j(:com.google.android.gms@231818047@23.18.18 (190800-535401451):8)
10-18 08:53:34.575  1186  4126 E PhenotypeFlagCommitter: 	at bwch.h(:com.google.android.gms@231818047@23.18.18 (190800-535401451):0)
10-18 08:53:34.575  1186  4126 E PhenotypeFlagCommitter: 	at cmfz.s(:com.google.android.gms@231818047@23.18.18 (190800-535401451):9)
10-18 08:53:34.575  1186  4126 E PhenotypeFlagCommitter: 	at com.google.android.gms.westworld.ConfigOperation.onHandleIntent(:com.google.android.gms@231818047@23.18.18 (190800-535401451):3)
10-18 08:53:34.575  1186  4126 E PhenotypeFlagCommitter: 	at com.google.android.chimera.IntentOperation.onHandleIntent(:com.google.android.gms@231818047@23.18.18 (190800-535401451):2)
10-18 08:53:34.575  1186  4126 E PhenotypeFlagCommitter: 	at zhv.onHandleIntent(:com.google.android.gms@231818047@23.18.18 (190800-535401451):4)
10-18 08:53:34.575  1186  4126 E PhenotypeFlagCommitter: 	at hjm.run(:com.google.android.gms@231818047@23.18.18 (190800-535401451):3)
10-18 08:53:34.575  1186  4126 E PhenotypeFlagCommitter: 	at hjl.run(:com.google.android.gms@231818047@23.18.18 (190800-535401451):11)
10-18 08:53:34.575  1186  4126 E PhenotypeFlagCommitter: 	at dfhf.run(:com.google.android.gms@231818047@23.18.18 (190800-535401451):2)
10-18 08:53:34.575  1186  4126 E PhenotypeFlagCommitter: 	at java.util.concurrent.ThreadPoolExecutor.runWorker(ThreadPoolExecutor.java:1137)
10-18 08:53:34.575  1186  4126 E PhenotypeFlagCommitter: 	at java.util.concurrent.ThreadPoolExecutor$Worker.run(ThreadPoolExecutor.java:637)
10-18 08:53:34.575  1186  4126 E PhenotypeFlagCommitter: 	at java.lang.Thread.run(Thread.java:1012)
10-18 08:53:42.485   521   577 E system_server: Cannot read thread CPU times for PID 521
10-18 08:53:42.925   521   577 E system_server: Cannot read thread CPU times for PID 521
10-18 08:53:49.941   521   706 E ClipboardService: Denying clipboard access to com.android.chrome, application is not in focus nor is it a system service for user 0
10-18 08:53:53.079  1735  1735 E A       : onError
10-18 08:53:53.079  1735  1735 E A       : com.google.android.apps.gsa.shared.speech.a.m: errorCode: 65561, engine: 2
10-18 08:53:53.079  1735  1735 E A       : 	at com.google.android.apps.gsa.staticplugins.dc.a.e.a(PG:3)
10-18 08:53:53.079  1735  1735 E A       : 	at com.google.android.apps.gsa.s3.n.hh(PG:1)
10-18 08:53:53.079  1735  1735 E A       : 	at com.google.cd.g.a.f.e(PG:2)
10-18 08:53:53.079  1735  1735 E A       : 	at com.google.android.apps.gsa.speech.k.a.g.d(PG:22)
10-18 08:53:53.079  1735  1735 E A       : 	at com.google.android.apps.gsa.speech.k.a.g.ks(PG:6)
10-18 08:53:53.079  1735  1735 E A       : 	at com.google.android.apps.gsa.s3.o.e(PG:14)
10-18 08:53:53.079  1735  1735 E A       : 	at com.google.android.apps.gsa.s3.p.run(PG:1)
10-18 08:53:53.079  1735  1735 E A       : 	at java.util.concurrent.Executors$RunnableAdapter.call(Executors.java:463)
10-18 08:53:53.079  1735  1735 E A       : 	at java.util.concurrent.FutureTask.run(FutureTask.java:264)
10-18 08:53:53.079  1735  1735 E A       : 	at com.google.android.apps.gsa.shared.util.c.a.e.run(PG:2)
10-18 08:53:53.079  1735  1735 E A       : 	at com.google.android.apps.gsa.shared.util.c.a.bi.run(PG:1)
10-18 08:53:53.079  1735  1735 E A       : 	at com.google.android.apps.gsa.shared.util.c.a.bi.run(PG:1)
10-18 08:53:53.079  1735  1735 E A       : 	at java.util.concurrent.ThreadPoolExecutor.runWorker(ThreadPoolExecutor.java:1137)
10-18 08:53:53.079  1735  1735 E A       : 	at java.util.concurrent.ThreadPoolExecutor$Worker.run(ThreadPoolExecutor.java:637)
10-18 08:53:53.079  1735  1735 E A       : 	at java.lang.Thread.run(Thread.java:1012)
10-18 08:53:53.079  1735  1735 E A       : 	at com.google.android.apps.gsa.shared.util.c.a.l.run(PG:5)
10-18 08:53:53.079  1735  1735 E A       : Caused by: com.google.android.apps.gsa.shared.speech.a.o: errorCode: 65586, engine: 2
10-18 08:53:53.079  1735  1735 E A       : 	... 15 more
10-18 08:53:53.079  1735  1735 E A       : Caused by: com.google.android.apps.gsa.shared.speech.a.k: errorCode: 401, engine: 2
10-18 08:53:53.079  1735  1735 E A       : 	at com.google.android.apps.gsa.assistant.shared.n.h.a(PG:5)
10-18 08:53:53.079  1735  1735 E A       : 	at com.google.android.apps.gsa.s3.producers.j.hE(PG:2)
10-18 08:53:53.079  1735  1735 E A       : 	at com.google.android.apps.gsa.speech.k.a.g.d(PG:16)
10-18 08:53:53.079  1735  1735 E A       : 	... 12 more
10-18 08:54:07.696   343   343 E android.hardware.power.stats@1.0-service-mock: Failed to getEnergyData
10-18 08:54:12.162   521   706 E ClipboardService: Denying clipboard access to com.android.chrome, application is not in focus nor is it a system service for user 0
10-18 08:54:12.177   521   707 E ClipboardService: Denying clipboard access to com.android.chrome, application is not in focus nor is it a system service for user 0
10-18 08:54:13.026  1417  2225 E constellation: [api_verify_phone_operation] Failed to generate Client Signature
10-18 08:54:13.026  1417  2225 E constellation: acwp: Stored private key deleted
10-18 08:54:13.026  1417  2225 E constellation: 	at acos.e(:com.google.android.gms@231818047@23.18.18 (190800-535401451):4)
10-18 08:54:13.026  1417  2225 E constellation: 	at acos.d(:com.google.android.gms@231818047@23.18.18 (190800-535401451):1)
10-18 08:54:13.026  1417  2225 E constellation: 	at acoa.c(:com.google.android.gms@231818047@23.18.18 (190800-535401451):22)
10-18 08:54:13.026  1417  2225 E constellation: 	at acoa.f(:com.google.android.gms@231818047@23.18.18 (190800-535401451):12)
10-18 08:54:13.026  1417  2225 E constellation: 	at avsy.eo(:com.google.android.gms@231818047@23.18.18 (190800-535401451):1)
10-18 08:54:13.026  1417  2225 E constellation: 	at avtf.run(:com.google.android.gms@231818047@23.18.18 (190800-535401451):14)
10-18 08:54:13.026  1417  2225 E constellation: 	at dfhf.run(:com.google.android.gms@231818047@23.18.18 (190800-535401451):2)
10-18 08:54:13.026  1417  2225 E constellation: 	at aced.c(:com.google.android.gms@231818047@23.18.18 (190800-535401451):6)
10-18 08:54:13.026  1417  2225 E constellation: 	at aced.run(:com.google.android.gms@231818047@23.18.18 (190800-535401451):7)
10-18 08:54:13.026  1417  2225 E constellation: 	at java.util.concurrent.ThreadPoolExecutor.runWorker(ThreadPoolExecutor.java:1137)
10-18 08:54:13.026  1417  2225 E constellation: 	at java.util.concurrent.ThreadPoolExecutor$Worker.run(ThreadPoolExecutor.java:637)
10-18 08:54:13.026  1417  2225 E constellation: 	at acjn.run(:com.google.android.gms@231818047@23.18.18 (190800-535401451):0)
10-18 08:54:13.026  1417  2225 E constellation: 	at java.lang.Thread.run(Thread.java:1012)
10-18 08:54:20.895  1417  1843 E WakeLock: DG:service ** IS FORCE-RELEASED ON TIMEOUT **
10-18 08:54:32.608   521   706 E ClipboardService: Denying clipboard access to com.android.chrome, application is not in focus nor is it a system service for user 0
10-18 08:54:32.613   521   707 E ClipboardService: Denying clipboard access to com.android.chrome, application is not in focus nor is it a system service for user 0
10-18 08:54:36.163   521   706 E ClipboardService: Denying clipboard access to com.android.chrome, application is not in focus nor is it a system service for user 0
10-18 08:54:36.176   521   707 E ClipboardService: Denying clipboard access to com.android.chrome, application is not in focus nor is it a system service for user 0
10-18 08:54:52.300   521   706 E ClipboardService: Denying clipboard access to com.android.chrome, application is not in focus nor is it a system service for user 0
10-18 08:54:52.312   521   707 E ClipboardService: Denying clipboard access to com.android.chrome, application is not in focus nor is it a system service for user 0
10-18 08:55:13.459   521   706 E ClipboardService: Denying clipboard access to com.android.chrome, application is not in focus nor is it a system service for user 0
10-18 08:55:13.462   521   707 E ClipboardService: Denying clipboard access to com.android.chrome, application is not in focus nor is it a system service for user 0
10-18 08:55:16.077  1735  1735 E A       : onError
10-18 08:55:16.077  1735  1735 E A       : com.google.android.apps.gsa.shared.speech.a.m: errorCode: 65561, engine: 2
10-18 08:55:16.077  1735  1735 E A       : 	at com.google.android.apps.gsa.staticplugins.dc.a.e.a(PG:3)
10-18 08:55:16.077  1735  1735 E A       : 	at com.google.android.apps.gsa.s3.n.hh(PG:1)
10-18 08:55:16.077  1735  1735 E A       : 	at com.google.cd.g.a.f.e(PG:2)
10-18 08:55:16.077  1735  1735 E A       : 	at com.google.android.apps.gsa.speech.k.a.g.d(PG:22)
10-18 08:55:16.077  1735  1735 E A       : 	at com.google.android.apps.gsa.speech.k.a.g.ks(PG:6)
10-18 08:55:16.077  1735  1735 E A       : 	at com.google.android.apps.gsa.s3.o.e(PG:14)
10-18 08:55:16.077  1735  1735 E A       : 	at com.google.android.apps.gsa.s3.p.run(PG:1)
10-18 08:55:16.077  1735  1735 E A       : 	at java.util.concurrent.Executors$RunnableAdapter.call(Executors.java:463)
10-18 08:55:16.077  1735  1735 E A       : 	at java.util.concurrent.FutureTask.run(FutureTask.java:264)
10-18 08:55:16.077  1735  1735 E A       : 	at com.google.android.apps.gsa.shared.util.c.a.e.run(PG:2)
10-18 08:55:16.077  1735  1735 E A       : 	at com.google.android.apps.gsa.shared.util.c.a.bi.run(PG:1)
10-18 08:55:16.077  1735  1735 E A       : 	at com.google.android.apps.gsa.shared.util.c.a.bi.run(PG:1)
10-18 08:55:16.077  1735  1735 E A       : 	at java.util.concurrent.ThreadPoolExecutor.runWorker(ThreadPoolExecutor.java:1137)
10-18 08:55:16.077  1735  1735 E A       : 	at java.util.concurrent.ThreadPoolExecutor$Worker.run(ThreadPoolExecutor.java:637)
10-18 08:55:16.077  1735  1735 E A       : 	at java.lang.Thread.run(Thread.java:1012)
10-18 08:55:16.077  1735  1735 E A       : 	at com.google.android.apps.gsa.shared.util.c.a.l.run(PG:5)
10-18 08:55:16.077  1735  1735 E A       : Caused by: com.google.android.apps.gsa.shared.speech.a.o: errorCode: 65586, engine: 2
10-18 08:55:16.077  1735  1735 E A       : 	... 15 more
10-18 08:55:16.077  1735  1735 E A       : Caused by: com.google.android.apps.gsa.shared.speech.a.k: errorCode: 401, engine: 2
10-18 08:55:16.077  1735  1735 E A       : 	at com.google.android.apps.gsa.assistant.shared.n.h.a(PG:5)
10-18 08:55:16.077  1735  1735 E A       : 	at com.google.android.apps.gsa.s3.producers.j.hE(PG:2)
10-18 08:55:16.077  1735  1735 E A       : 	at com.google.android.apps.gsa.speech.k.a.g.d(PG:16)
10-18 08:55:16.077  1735  1735 E A       : 	... 12 more
10-18 08:56:04.503   521   521 E JobScheduler.Quota: <0>com.google.android.apps.photos has 0 EJ quota without running anything
10-18 08:56:07.699   343   343 E android.hardware.power.stats@1.0-service-mock: Failed to getEnergyData
10-18 08:56:13.146  1417  4259 E constellation: [api_verify_phone_operation] Failed to generate Client Signature
10-18 08:56:13.146  1417  4259 E constellation: acwp: Stored private key deleted
10-18 08:56:13.146  1417  4259 E constellation: 	at acos.e(:com.google.android.gms@231818047@23.18.18 (190800-535401451):4)
10-18 08:56:13.146  1417  4259 E constellation: 	at acos.d(:com.google.android.gms@231818047@23.18.18 (190800-535401451):1)
10-18 08:56:13.146  1417  4259 E constellation: 	at acoa.c(:com.google.android.gms@231818047@23.18.18 (190800-535401451):22)
10-18 08:56:13.146  1417  4259 E constellation: 	at acoa.f(:com.google.android.gms@231818047@23.18.18 (190800-535401451):12)
10-18 08:56:13.146  1417  4259 E constellation: 	at avsy.eo(:com.google.android.gms@231818047@23.18.18 (190800-535401451):1)
10-18 08:56:13.146  1417  4259 E constellation: 	at avtf.run(:com.google.android.gms@231818047@23.18.18 (190800-535401451):14)
10-18 08:56:13.146  1417  4259 E constellation: 	at dfhf.run(:com.google.android.gms@231818047@23.18.18 (190800-535401451):2)
10-18 08:56:13.146  1417  4259 E constellation: 	at aced.c(:com.google.android.gms@231818047@23.18.18 (190800-535401451):6)
10-18 08:56:13.146  1417  4259 E constellation: 	at aced.run(:com.google.android.gms@231818047@23.18.18 (190800-535401451):7)
10-18 08:56:13.146  1417  4259 E constellation: 	at java.util.concurrent.ThreadPoolExecutor.runWorker(ThreadPoolExecutor.java:1137)
10-18 08:56:13.146  1417  4259 E constellation: 	at java.util.concurrent.ThreadPoolExecutor$Worker.run(ThreadPoolExecutor.java:637)
10-18 08:56:13.146  1417  4259 E constellation: 	at acjn.run(:com.google.android.gms@231818047@23.18.18 (190800-535401451):0)
10-18 08:56:13.146  1417  4259 E constellation: 	at java.lang.Thread.run(Thread.java:1012)
10-18 08:56:22.705   521   706 E ClipboardService: Denying clipboard access to com.android.chrome, application is not in focus nor is it a system service for user 0
10-18 08:56:22.716   521   707 E ClipboardService: Denying clipboard access to com.android.chrome, application is not in focus nor is it a system service for user 0
10-18 08:56:34.129   521   751 E SettingsToPropertiesMapper: com.yelp.android,0,com.yy.biu,0,com.groupme.android,0,air.tv.douyu.android,0,com.baidu.mbaby,0,com.vlocker.locker,0,com.znxh.hyhuo,0,com.yixia.xiaokaxiu,0 exceeds system property max length.
10-18 08:56:34.227   521  4444 E StatsCompanionService: Could not get installer for package: com.google.android.trichromelibrary
10-18 08:56:34.227   521  4444 E StatsCompanionService: android.content.pm.PackageManager$NameNotFoundException: com.google.android.trichromelibrary
