10-18 08:52:29.404   521  1673 E AppOps  : Bad call made by uid 10120. Package "com.google.android.gms" does not belong to uid 10120.
10-18 08:52:29.958   521   893 E AppOps  : Bad call made by uid 10114. Package "com.google.android.gms" does not belong to uid 10114.
10-18 08:52:29.961   521  1013 E AppOps  : Bad call made by uid 10114. Package "com.google.android.gms" does not belong to uid 10114.
10-18 08:52:29.963   521  1013 E AppOps  : Bad call made by uid 10114. Package "com.google.android.gms" does not belong to uid 10114.
10-18 08:52:30.265  2209  2390 E BugleRcsEngine: [58] vgp.j: [SR]: bwbu was raised while waiting to connect to SingleRegistrationVendorImsService.: bwbu: Error while notifying location: JibeService Not Initialized
10-18 08:52:30.265  2209  2390 E BugleRcsEngine: 	at com.google.android.rcs.client.provisioning.singleregistration.SingleRegistrationVendorImsService.terminateVendorIms(PG:3)
10-18 08:52:30.265  2209  2390 E BugleRcsEngine: 	at vgj.a(Unknown Source:0)
10-18 08:52:30.265  2209  2390 E BugleRcsEngine: 	at vgk.apply(PG:1)
10-18 08:52:30.265  2209  2390 E BugleRcsEngine: 	at byyp.apply(PG:3)
10-18 08:52:30.265  2209  2390 E BugleRcsEngine: 	at cdxj.d(PG:2)
10-18 08:52:30.265  2209  2390 E BugleRcsEngine: 	at cdxk.run(PG:9)
10-18 08:52:30.265  2209  2390 E BugleRcsEngine: 	at bkac.run(PG:1)
10-18 08:52:30.265  2209  2390 E BugleRcsEngine: 	at java.util.concurrent.ThreadPoolExecutor.runWorker(ThreadPoolExecutor.java:1137)
10-18 08:52:30.265  2209  2390 E BugleRcsEngine: 	at java.util.concurrent.ThreadPoolExecutor$Worker.run(ThreadPoolExecutor.java:637)
10-18 08:52:30.265  2209  2390 E BugleRcsEngine: 	at bjzl.run(PG:2)
10-18 08:52:30.265  2209  2390 E BugleRcsEngine: 	at java.lang.Thread.run(Thread.java:1012)
10-18 08:52:30.265  2209  2390 E BugleRcsEngine: 	at bkam.run(PG:5)
10-18 08:52:30.265  2209  2390 E BugleRcsEngine: Caused by: java.lang.IllegalStateException: JibeService Not Initialized
10-18 08:52:30.265  2209  2390 E BugleRcsEngine: 	at android.os.Parcel.createExceptionOrNull(Parcel.java:3019)
10-18 08:52:30.265  2209  2390 E BugleRcsEngine: 	at android.os.Parcel.createException(Parcel.java:2995)
10-18 08:52:30.265  2209  2390 E BugleRcsEngine: 	at android.os.Parcel.readException(Parcel.java:2978)
10-18 08:52:30.265  2209  2390 E BugleRcsEngine: 	at android.os.Parcel.readException(Parcel.java:2920)
10-18 08:52:30.265  2209  2390 E BugleRcsEngine: 	at com.google.android.aidl.BaseProxy.transactAndReadException(PG:3)
10-18 08:52:30.265  2209  2390 E BugleRcsEngine: 	at com.google.android.ims.rcs.singleregistration.ISingleRegistrationVendorImsController$Stub$Proxy.terminateVendorIms(PG:3)
10-18 08:52:30.265  2209  2390 E BugleRcsEngine: 	at com.google.android.rcs.client.provisioning.singleregistration.SingleRegistrationVendorImsService.terminateVendorIms(PG:2)
10-18 08:52:30.265  2209  2390 E BugleRcsEngine: 	... 11 more
10-18 08:52:31.261  1587  2592 E AssistantConnector: Couldn't read whether gRPC is supported from public value
10-18 08:52:31.261  1587  2592 E AssistantConnector: java.lang.IllegalStateException: Failed to query AGSA value. This is most likely caused by a Google signature check failure. Please make sure both of the AGSA app and the client app are either release or dev builds.
10-18 08:52:31.261  1587  2592 E AssistantConnector: 	at bhtw.call(PG:17)
10-18 08:52:31.261  1587  2592 E AssistantConnector: 	at byyi.call(PG:3)
10-18 08:52:31.261  1587  2592 E AssistantConnector: 	at ceby.a(PG:1)
10-18 08:52:31.261  1587  2592 E AssistantConnector: 	at ceav.run(PG:4)
10-18 08:52:31.261  1587  2592 E AssistantConnector: 	at cebz.run(PG:1)
10-18 08:52:31.261  1587  2592 E AssistantConnector: 	at java.util.concurrent.ThreadPoolExecutor.runWorker(ThreadPoolExecutor.java:1137)
10-18 08:52:31.261  1587  2592 E AssistantConnector: 	at java.util.concurrent.ThreadPoolExecutor$Worker.run(ThreadPoolExecutor.java:637)
10-18 08:52:31.261  1587  2592 E AssistantConnector: 	at java.lang.Thread.run(Thread.java:1012)
10-18 08:52:31.428  2291  2340 E ImsService: createRcsFeatureInternal: null feature returned.
10-18 08:52:31.578  1430  1920 E AiAiEcho: EchoSearch: SettingsFetcherImpl: DB already exists.
10-18 08:52:31.779   521   549 E JobScheduler.JobStatus: App com.google.android.youtube became active but still in NEVER bucket
10-18 08:52:31.783   521   549 E JobScheduler.JobStatus: App com.google.android.youtube became active but still in NEVER bucket
10-18 08:52:31.789   521   549 E JobScheduler.JobStatus: App com.google.android.youtube became active but still in NEVER bucket
10-18 08:52:31.798   521  1013 E JobScheduler.JobStatus: App com.google.android.youtube became active but still in NEVER bucket
10-18 08:52:31.825   521   549 E JobScheduler.JobStatus: App com.google.android.youtube became active but still in NEVER bucket
10-18 08:52:31.882   521   874 E JobScheduler.JobStatus: App com.google.android.youtube became active but still in NEVER bucket
10-18 08:52:31.989   521   549 E JobScheduler.JobStatus: App com.google.android.youtube became active but still in NEVER bucket
10-18 08:52:32.029   521  1825 E JobScheduler.JobStatus: App com.google.android.youtube became active but still in NEVER bucket
10-18 08:52:32.103   521   856 E JobScheduler.JobStatus: App com.google.android.youtube became active but still in NEVER bucket
10-18 08:52:32.196   521   893 E JobScheduler.JobStatus: App com.google.android.youtube became active but still in NEVER bucket
10-18 08:52:32.204   521  1757 E JobScheduler.JobStatus: App com.google.android.youtube became active but still in NEVER bucket
10-18 08:52:32.229   521  2100 E JobScheduler.JobStatus: App com.google.android.youtube became active but still in NEVER bucket
10-18 08:52:32.723   521  1671 E JobScheduler.JobStatus: App com.google.android.youtube became active but still in NEVER bucket
10-18 08:52:32.978  1417  2575 E PhenotypeFlagCommitter: Retrieving snapshot for com.google.android.gms.playlog.uploader failed
10-18 08:52:32.978  1417  2575 E PhenotypeFlagCommitter: java.util.concurrent.TimeoutException: Timed out waiting for Task
10-18 08:52:32.978  1417  2575 E PhenotypeFlagCommitter: 	at cfsz.o(:com.google.android.gms@231818047@23.18.18 (190800-535401451):6)
10-18 08:52:32.978  1417  2575 E PhenotypeFlagCommitter: 	at bwch.e(:com.google.android.gms@231818047@23.18.18 (190800-535401451):2)
10-18 08:52:32.978  1417  2575 E PhenotypeFlagCommitter: 	at bwch.j(:com.google.android.gms@231818047@23.18.18 (190800-535401451):2)
10-18 08:52:32.978  1417  2575 E PhenotypeFlagCommitter: 	at bwch.h(:com.google.android.gms@231818047@23.18.18 (190800-535401451):0)
10-18 08:52:32.978  1417  2575 E PhenotypeFlagCommitter: 	at com.google.android.gms.clearcut.init.ClearcutInitChimeraIntentService.b(:com.google.android.gms@231818047@23.18.18 (190800-535401451):5)
10-18 08:52:32.978  1417  2575 E PhenotypeFlagCommitter: 	at zdm.onHandleIntent(:com.google.android.gms@231818047@23.18.18 (190800-535401451):8)
10-18 08:52:32.978  1417  2575 E PhenotypeFlagCommitter: 	at com.google.android.chimera.IntentOperation.onHandleIntent(:com.google.android.gms@231818047@23.18.18 (190800-535401451):2)
10-18 08:52:32.978  1417  2575 E PhenotypeFlagCommitter: 	at zhv.onHandleIntent(:com.google.android.gms@231818047@23.18.18 (190800-535401451):4)
10-18 08:52:32.978  1417  2575 E PhenotypeFlagCommitter: 	at hjm.run(:com.google.android.gms@231818047@23.18.18 (190800-535401451):3)
10-18 08:52:32.978  1417  2575 E PhenotypeFlagCommitter: 	at hjl.run(:com.google.android.gms@231818047@23.18.18 (190800-535401451):11)
10-18 08:52:32.978  1417  2575 E PhenotypeFlagCommitter: 	at dfhf.run(:com.google.android.gms@231818047@23.18.18 (190800-535401451):2)
10-18 08:52:32.978  1417  2575 E PhenotypeFlagCommitter: 	at java.util.concurrent.ThreadPoolExecutor.runWorker(ThreadPoolExecutor.java:1137)
10-18 08:52:32.978  1417  2575 E PhenotypeFlagCommitter: 	at java.util.concurrent.ThreadPoolExecutor$Worker.run(ThreadPoolExecutor.java:637)
10-18 08:52:32.978  1417  2575 E PhenotypeFlagCommitter: 	at java.lang.Thread.run(Thread.java:1012)
10-18 08:52:33.094   521  1013 E JobScheduler.JobStatus: App com.google.android.youtube became active but still in NEVER bucket
10-18 08:52:33.156   521  1671 E JobScheduler.JobStatus: App com.google.android.youtube became active but still in NEVER bucket
10-18 08:52:35.035   521   521 E JobScheduler.Quota: <0>com.google.android.apps.photos has 0 EJ quota without running anything
10-18 08:52:35.085   521   521 E JobScheduler.Quota: <0>com.google.android.apps.photos has 0 EJ quota without running anything
10-18 08:52:35.350  1186  1263 E CCTFlatFileLogStore: Failed to get boot count.
10-18 08:52:35.350  1186  1263 E CCTFlatFileLogStore: java.util.concurrent.TimeoutException: Timed out waiting for Task
10-18 08:52:35.350  1186  1263 E CCTFlatFileLogStore: 	at cfsz.o(:com.google.android.gms@231818047@23.18.18 (190800-535401451):6)
10-18 08:52:35.350  1186  1263 E CCTFlatFileLogStore: 	at aakb.s(:com.google.android.gms@231818047@23.18.18 (190800-535401451):3)
10-18 08:52:35.350  1186  1263 E CCTFlatFileLogStore: 	at aagr.run(:com.google.android.gms@231818047@23.18.18 (190800-535401451):3)
10-18 08:52:35.350  1186  1263 E CCTFlatFileLogStore: 	at aced.c(:com.google.android.gms@231818047@23.18.18 (190800-535401451):6)
10-18 08:52:35.350  1186  1263 E CCTFlatFileLogStore: 	at aced.run(:com.google.android.gms@231818047@23.18.18 (190800-535401451):7)
10-18 08:52:35.350  1186  1263 E CCTFlatFileLogStore: 	at java.util.concurrent.ThreadPoolExecutor.runWorker(ThreadPoolExecutor.java:1137)
10-18 08:52:35.350  1186  1263 E CCTFlatFileLogStore: 	at java.util.concurrent.ThreadPoolExecutor$Worker.run(ThreadPoolExecutor.java:637)
10-18 08:52:35.350  1186  1263 E CCTFlatFileLogStore: 	at acjn.run(:com.google.android.gms@231818047@23.18.18 (190800-535401451):0)
10-18 08:52:35.350  1186  1263 E CCTFlatFileLogStore: 	at java.lang.Thread.run(Thread.java:1012)
10-18 08:52:35.614  2209  2284 E PhFileGroupPop: Failed to add file group 
10-18 08:52:35.618  2209  2284 E PhFileGroupPop: Failed to add file group 
10-18 08:52:35.619  2209  2284 E PhFileGroupPop: Failed to add file group 
10-18 08:52:35.619  2209  2284 E PhFileGroupPop: Failed to add file group 
10-18 08:52:35.619  2209  2284 E PhFileGroupPop: Failed to add file group 
10-18 08:52:35.619  2209  2284 E PhFileGroupPop: Failed to add file group 
10-18 08:52:35.619  2209  2284 E PhFileGroupPop: Failed to add file group 
10-18 08:52:35.619  2209  2284 E PhFileGroupPop: Failed to add file group 
10-18 08:52:35.627  2209  2284 E PhFileGroupPop: Failed to add file group 
10-18 08:52:35.628  2209  2284 E PhFileGroupPop: Failed to add file group 
10-18 08:52:35.629  2209  2284 E PhFileGroupPop: Failed to add file group 
10-18 08:52:35.653  2209  2284 E PhFileGroupPop: Failed to add file group 
10-18 08:52:35.654  2209  2284 E PhFileGroupPop: Failed to add file group 
10-18 08:52:35.654  2209  2284 E PhFileGroupPop: Failed to add file group 
10-18 08:52:35.665  2209  2284 E cdxe    : RuntimeException while executing runnable ceab{byyq@ec4289e} with executor MoreExecutors.directExecutor()
10-18 08:52:35.665  2209  2284 E cdxe    : java.lang.NullPointerException: Attempt to read from field 'java.lang.String bmxl.b' on a null object reference in method 'void bocc.b(java.lang.Object)'
10-18 08:52:35.665  2209  2284 E cdxe    : 	at bocc.b(PG:2)
10-18 08:52:35.665  2209  2284 E cdxe    : 	at byyq.b(PG:3)
10-18 08:52:35.665  2209  2284 E cdxe    : 	at ceab.run(PG:7)
10-18 08:52:35.665  2209  2284 E cdxe    : 	at cdzf.execute(PG:1)
10-18 08:52:35.665  2209  2284 E cdxe    : 	at cdxe.o(PG:1)
10-18 08:52:35.665  2209  2284 E cdxe    : 	at cdxe.b(PG:5)
10-18 08:52:35.665  2209  2284 E cdxe    : 	at ceai.r(PG:2)
10-18 08:52:35.665  2209  2284 E cdxe    : 	at bzax.l(PG:1)
10-18 08:52:35.665  2209  2284 E cdxe    : 	at boce.a(PG:15)
10-18 08:52:35.665  2209  2284 E cdxe    : 	at aktj.a(PG:2)
10-18 08:52:35.665  2209  2284 E cdxe    : 	at bndg.n(PG:3)
10-18 08:52:35.665  2209  2284 E cdxe    : 	at bncv.a(Unknown Source:4)
10-18 08:52:35.665  2209  2284 E cdxe    : 	at byyh.a(PG:3)
10-18 08:52:35.665  2209  2284 E cdxe    : 	at cdxi.d(PG:2)
10-18 08:52:35.665  2209  2284 E cdxe    : 	at cdxk.run(PG:9)
10-18 08:52:35.665  2209  2284 E cdxe    : 	at cebo.run(PG:4)
10-18 08:52:35.665  2209  2284 E cdxe    : 	at bkac.run(PG:1)
10-18 08:52:35.665  2209  2284 E cdxe    : 	at java.util.concurrent.ThreadPoolExecutor.runWorker(ThreadPoolExecutor.java:1137)
10-18 08:52:35.665  2209  2284 E cdxe    : 	at java.util.concurrent.ThreadPoolExecutor$Worker.run(ThreadPoolExecutor.java:637)
10-18 08:52:35.665  2209  2284 E cdxe    : 	at bjzg.run(PG:2)
10-18 08:52:35.665  2209  2284 E cdxe    : 	at java.lang.Thread.run(Thread.java:1012)
10-18 08:52:35.665  2209  2284 E cdxe    : 	at bkam.run(PG:5)
10-18 08:52:35.666  2209  2284 E cdxe    : RuntimeException while executing runnable ceab{byyq@2bbcb4c} with executor MoreExecutors.directExecutor()
10-18 08:52:35.666  2209  2284 E cdxe    : java.lang.NullPointerException: Attempt to read from field 'java.lang.String bmxl.b' on a null object reference in method 'void bocc.b(java.lang.Object)'
10-18 08:52:35.666  2209  2284 E cdxe    : 	at bocc.b(PG:2)
10-18 08:52:35.666  2209  2284 E cdxe    : 	at byyq.b(PG:3)
10-18 08:52:35.666  2209  2284 E cdxe    : 	at ceab.run(PG:7)
10-18 08:52:35.666  2209  2284 E cdxe    : 	at cdzf.execute(PG:1)
10-18 08:52:35.666  2209  2284 E cdxe    : 	at cdxe.o(PG:1)
10-18 08:52:35.666  2209  2284 E cdxe    : 	at cdxe.b(PG:5)
10-18 08:52:35.666  2209  2284 E cdxe    : 	at ceai.r(PG:2)
10-18 08:52:35.666  2209  2284 E cdxe    : 	at bzax.l(PG:1)
10-18 08:52:35.666  2209  2284 E cdxe    : 	at boce.a(PG:15)
10-18 08:52:35.666  2209  2284 E cdxe    : 	at aktj.a(PG:2)
10-18 08:52:35.666  2209  2284 E cdxe    : 	at bndg.n(PG:3)
10-18 08:52:35.666  2209  2284 E cdxe    : 	at bncv.a(Unknown Source:4)
10-18 08:52:35.666  2209  2284 E cdxe    : 	at byyh.a(PG:3)
10-18 08:52:35.666  2209  2284 E cdxe    : 	at cdxi.d(PG:2)
10-18 08:52:35.666  2209  2284 E cdxe    : 	at cdxk.run(PG:9)
10-18 08:52:35.666  2209  2284 E cdxe    : 	at cebo.run(PG:4)
10-18 08:52:35.666  2209  2284 E cdxe    : 	at bkac.run(PG:1)
10-18 08:52:35.666  2209  2284 E cdxe    : 	at java.util.concurrent.ThreadPoolExecutor.runWorker(ThreadPoolExecutor.java:1137)
10-18 08:52:35.666  2209  2284 E cdxe    : 	at java.util.concurrent.ThreadPoolExecutor$Worker.run(ThreadPoolExecutor.java:637)
10-18 08:52:35.666  2209  2284 E cdxe    : 	at bjzg.run(PG:2)
10-18 08:52:35.666  2209  2284 E cdxe    : 	at java.lang.Thread.run(Thread.java:1012)
10-18 08:52:35.666  2209  2284 E cdxe    : 	at bkam.run(PG:5)
10-18 08:52:35.671  2209  2284 E cdxe    : RuntimeException while executing runnable ceab{byyq@94630aa} with executor MoreExecutors.directExecutor()
10-18 08:52:35.671  2209  2284 E cdxe    : java.lang.NullPointerException: Attempt to read from field 'java.lang.String bmxl.b' on a null object reference in method 'void bocc.b(java.lang.Object)'
10-18 08:52:35.671  2209  2284 E cdxe    : 	at bocc.b(PG:2)
10-18 08:52:35.671  2209  2284 E cdxe    : 	at byyq.b(PG:3)
10-18 08:52:35.671  2209  2284 E cdxe    : 	at ceab.run(PG:7)
10-18 08:52:35.671  2209  2284 E cdxe    : 	at cdzf.execute(PG:1)
10-18 08:52:35.671  2209  2284 E cdxe    : 	at cdxe.o(PG:1)
10-18 08:52:35.671  2209  2284 E cdxe    : 	at cdxe.b(PG:5)
10-18 08:52:35.671  2209  2284 E cdxe    : 	at ceai.r(PG:2)
10-18 08:52:35.671  2209  2284 E cdxe    : 	at bzax.l(PG:1)
10-18 08:52:35.671  2209  2284 E cdxe    : 	at boce.a(PG:15)
10-18 08:52:35.671  2209  2284 E cdxe    : 	at aktj.a(PG:2)
10-18 08:52:35.671  2209  2284 E cdxe    : 	at bndg.n(PG:3)
10-18 08:52:35.671  2209  2284 E cdxe    : 	at bncv.a(Unknown Source:4)
10-18 08:52:35.671  2209  2284 E cdxe    : 	at byyh.a(PG:3)
10-18 08:52:35.671  2209  2284 E cdxe    : 	at cdxi.d(PG:2)
10-18 08:52:35.671  2209  2284 E cdxe    : 	at cdxk.run(PG:9)
10-18 08:52:35.671  2209  2284 E cdxe    : 	at cebo.run(PG:4)
10-18 08:52:35.671  2209  2284 E cdxe    : 	at bkac.run(PG:1)
10-18 08:52:35.671  2209  2284 E cdxe    : 	at java.util.concurrent.ThreadPoolExecutor.runWorker(ThreadPoolExecutor.java:1137)
10-18 08:52:35.671  2209  2284 E cdxe    : 	at java.util.concurrent.ThreadPoolExecutor$Worker.run(ThreadPoolExecutor.java:637)
10-18 08:52:35.671  2209  2284 E cdxe    : 	at bjzg.run(PG:2)
10-18 08:52:35.671  2209  2284 E cdxe    : 	at java.lang.Thread.run(Thread.java:1012)
10-18 08:52:35.671  2209  2284 E cdxe    : 	at bkam.run(PG:5)
10-18 08:52:35.671  2209  2284 E cdxe    : RuntimeException while executing runnable ceab{byyq@a805038} with executor MoreExecutors.directExecutor()
10-18 08:52:35.671  2209  2284 E cdxe    : java.lang.NullPointerException: Attempt to read from field 'java.lang.String bmxl.b' on a null object reference in method 'void bocc.b(java.lang.Object)'
10-18 08:52:35.671  2209  2284 E cdxe    : 	at bocc.b(PG:2)
10-18 08:52:35.671  2209  2284 E cdxe    : 	at byyq.b(PG:3)
10-18 08:52:35.671  2209  2284 E cdxe    : 	at ceab.run(PG:7)
10-18 08:52:35.671  2209  2284 E cdxe    : 	at cdzf.execute(PG:1)
10-18 08:52:35.671  2209  2284 E cdxe    : 	at cdxe.o(PG:1)
10-18 08:52:35.671  2209  2284 E cdxe    : 	at cdxe.b(PG:5)
10-18 08:52:35.671  2209  2284 E cdxe    : 	at ceai.r(PG:2)
10-18 08:52:35.671  2209  2284 E cdxe    : 	at bzax.l(PG:1)
10-18 08:52:35.671  2209  2284 E cdxe    : 	at boce.a(PG:15)
10-18 08:52:35.671  2209  2284 E cdxe    : 	at aktj.a(PG:2)
10-18 08:52:35.671  2209  2284 E cdxe    : 	at bndg.n(PG:3)
10-18 08:52:35.671  2209  2284 E cdxe    : 	at bncv.a(Unknown Source:4)
10-18 08:52:35.671  2209  2284 E cdxe    : 	at byyh.a(PG:3)
10-18 08:52:35.671  2209  2284 E cdxe    : 	at cdxi.d(PG:2)
10-18 08:52:35.671  2209  2284 E cdxe    : 	at cdxk.run(PG:9)
10-18 08:52:35.671  2209  2284 E cdxe    : 	at cebo.run(PG:4)
10-18 08:52:35.671  2209  2284 E cdxe    : 	at bkac.run(PG:1)
10-18 08:52:35.671  2209  2284 E cdxe    : 	at java.util.concurrent.ThreadPoolExecutor.runWorker(ThreadPoolExecutor.java:1137)
10-18 08:52:35.671  2209  2284 E cdxe    : 	at java.util.concurrent.ThreadPoolExecutor$Worker.run(ThreadPoolExecutor.java:637)
10-18 08:52:35.671  2209  2284 E cdxe    : 	at bjzg.run(PG:2)
10-18 08:52:35.671  2209  2284 E cdxe    : 	at java.lang.Thread.run(Thread.java:1012)
10-18 08:52:35.671  2209  2284 E cdxe    : 	at bkam.run(PG:5)
10-18 08:52:35.671  2209  2284 E PhFileGroupPop: Failed to add file group 
10-18 08:52:35.673  2209  2284 E cdxe    : RuntimeException while executing runnable ceab{byyq@62ead76} with executor MoreExecutors.directExecutor()
10-18 08:52:35.673  2209  2284 E cdxe    : java.lang.NullPointerException: Attempt to read from field 'java.lang.String bmxl.b' on a null object reference in method 'void bocc.b(java.lang.Object)'
10-18 08:52:35.673  2209  2284 E cdxe    : 	at bocc.b(PG:2)
10-18 08:52:35.673  2209  2284 E cdxe    : 	at byyq.b(PG:3)
10-18 08:52:35.673  2209  2284 E cdxe    : 	at ceab.run(PG:7)
10-18 08:52:35.673  2209  2284 E cdxe    : 	at cdzf.execute(PG:1)
10-18 08:52:35.673  2209  2284 E cdxe    : 	at cdxe.o(PG:1)
10-18 08:52:35.673  2209  2284 E cdxe    : 	at cdxe.b(PG:5)
10-18 08:52:35.673  2209  2284 E cdxe    : 	at ceai.r(PG:2)
10-18 08:52:35.673  2209  2284 E cdxe    : 	at bzax.l(PG:1)
10-18 08:52:35.673  2209  2284 E cdxe    : 	at boce.a(PG:15)
10-18 08:52:35.673  2209  2284 E cdxe    : 	at aktj.a(PG:2)
10-18 08:52:35.673  2209  2284 E cdxe    : 	at bndg.n(PG:3)
10-18 08:52:35.673  2209  2284 E cdxe    : 	at bncv.a(Unknown Source:4)
10-18 08:52:35.673  2209  2284 E cdxe    : 	at byyh.a(PG:3)
10-18 08:52:35.673  2209  2284 E cdxe    : 	at cdxi.d(PG:2)
10-18 08:52:35.673  2209  2284 E cdxe    : 	at cdxk.run(PG:9)
10-18 08:52:35.673  2209  2284 E cdxe    : 	at cebo.run(PG:4)
10-18 08:52:35.673  2209  2284 E cdxe    : 	at bkac.run(PG:1)
10-18 08:52:35.673  2209  2284 E cdxe    : 	at java.util.concurrent.ThreadPoolExecutor.runWorker(ThreadPoolExecutor.java:1137)
10-18 08:52:35.673  2209  2284 E cdxe    : 	at java.util.concurrent.ThreadPoolExecutor$Worker.run(ThreadPoolExecutor.java:637)
10-18 08:52:35.673  2209  2284 E cdxe    : 	at bjzg.run(PG:2)
10-18 08:52:35.673  2209  2284 E cdxe    : 	at java.lang.Thread.run(Thread.java:1012)
10-18 08:52:35.673  2209  2284 E cdxe    : 	at bkam.run(PG:5)
10-18 08:52:35.673  2209  2284 E PhFileGroupPop: Failed to add file group 
10-18 08:52:35.674  2209  2284 E cdxe    : RuntimeException while executing runnable ceab{byyq@20637e4} with executor MoreExecutors.directExecutor()
10-18 08:52:35.674  2209  2284 E cdxe    : java.lang.NullPointerException: Attempt to read from field 'java.lang.String bmxl.b' on a null object reference in method 'void bocc.b(java.lang.Object)'
10-18 08:52:35.674  2209  2284 E cdxe    : 	at bocc.b(PG:2)
10-18 08:52:35.674  2209  2284 E cdxe    : 	at byyq.b(PG:3)
10-18 08:52:35.674  2209  2284 E cdxe    : 	at ceab.run(PG:7)
10-18 08:52:35.674  2209  2284 E cdxe    : 	at cdzf.execute(PG:1)
10-18 08:52:35.674  2209  2284 E cdxe    : 	at cdxe.o(PG:1)
10-18 08:52:35.674  2209  2284 E cdxe    : 	at cdxe.b(PG:5)
10-18 08:52:35.674  2209  2284 E cdxe    : 	at ceai.r(PG:2)
10-18 08:52:35.674  2209  2284 E cdxe    : 	at bzax.l(PG:1)
10-18 08:52:35.674  2209  2284 E cdxe    : 	at boce.a(PG:15)
10-18 08:52:35.674  2209  2284 E cdxe    : 	at aktj.a(PG:2)
10-18 08:52:35.674  2209  2284 E cdxe    : 	at bndg.n(PG:3)
10-18 08:52:35.674  2209  2284 E cdxe    : 	at bncv.a(Unknown Source:4)
10-18 08:52:35.674  2209  2284 E cdxe    : 	at byyh.a(PG:3)
10-18 08:52:35.674  2209  2284 E cdxe    : 	at cdxi.d(PG:2)
10-18 08:52:35.674  2209  2284 E cdxe    : 	at cdxk.run(PG:9)
10-18 08:52:35.674  2209  2284 E cdxe    : 	at cebo.run(PG:4)
10-18 08:52:35.674  2209  2284 E cdxe    : 	at bkac.run(PG:1)
10-18 08:52:35.674  2209  2284 E cdxe    : 	at java.util.concurrent.ThreadPoolExecutor.runWorker(ThreadPoolExecutor.java:1137)
10-18 08:52:35.674  2209  2284 E cdxe    : 	at java.util.concurrent.ThreadPoolExecutor$Worker.run(ThreadPoolExecutor.java:637)
10-18 08:52:35.674  2209  2284 E cdxe    : 	at bjzg.run(PG:2)
10-18 08:52:35.674  2209  2284 E cdxe    : 	at java.lang.Thread.run(Thread.java:1012)
10-18 08:52:35.674  2209  2284 E cdxe    : 	at bkam.run(PG:5)
10-18 08:52:35.677  2209  2284 E MDD     : FileGroupManager: Trying to add expired group webref-model-local-index.
10-18 08:52:35.678  2209  2284 E PhFileGroupPop: Failed to add file group
10-18 08:52:35.678  2209  2284 E PhFileGroupPop: bnit
10-18 08:52:35.678  2209  2284 E PhFileGroupPop: 	at bnpl.a(PG:90)
10-18 08:52:35.678  2209  2284 E PhFileGroupPop: 	at byyh.a(PG:3)
10-18 08:52:35.678  2209  2284 E PhFileGroupPop: 	at cdxi.d(PG:2)
10-18 08:52:35.678  2209  2284 E PhFileGroupPop: 	at cdxk.run(PG:9)
10-18 08:52:35.678  2209  2284 E PhFileGroupPop: 	at cebo.run(PG:4)
10-18 08:52:35.678  2209  2284 E PhFileGroupPop: 	at bkac.run(PG:1)
10-18 08:52:35.678  2209  2284 E PhFileGroupPop: 	at java.util.concurrent.ThreadPoolExecutor.runWorker(ThreadPoolExecutor.java:1137)
10-18 08:52:35.678  2209  2284 E PhFileGroupPop: 	at java.util.concurrent.ThreadPoolExecutor$Worker.run(ThreadPoolExecutor.java:637)
10-18 08:52:35.678  2209  2284 E PhFileGroupPop: 	at bjzg.run(PG:2)
10-18 08:52:35.678  2209  2284 E PhFileGroupPop: 	at java.lang.Thread.run(Thread.java:1012)
10-18 08:52:35.678  2209  2284 E PhFileGroupPop: 	at bkam.run(PG:5)
10-18 08:52:35.728  2209  2284 E PhFileGroupPop: Failed to add file group 
10-18 08:52:35.754  2209  2284 E PhFileGroupPop: Failed to add file group 
10-18 08:52:35.754  2209  2284 E PhFileGroupPop: Failed to add file group 
10-18 08:52:35.755  2209  2284 E PhFileGroupPop: Failed to add file group 
10-18 08:52:35.755  2209  2284 E PhFileGroupPop: Failed to add file group 
10-18 08:52:35.755  2209  2284 E PhFileGroupPop: Failed to add file group 
10-18 08:52:35.790  2209  2284 E PhFileGroupPop: Failed to add file group 
10-18 08:52:35.791  2209  2284 E PhFileGroupPop: Failed to add file group 
10-18 08:52:35.791  2209  2284 E PhFileGroupPop: Failed to add file group 
10-18 08:52:35.915  2209  2284 E PhFileGroupPop: Failed to add file group 
10-18 08:52:35.919  2209  2284 E PhFileGroupPop: Failed to add file group 
10-18 08:52:35.973  2209  2284 E PhFileGroupPop: Failed to add file group 
10-18 08:52:35.977  2209  2284 E PhFileGroupPop: Failed to add file group 
10-18 08:52:35.982  2209  2284 E PhFileGroupPop: Failed to add file group 
10-18 08:52:35.993  2209  2284 E cdxe    : RuntimeException while executing runnable ceab{byyq@537b467} with executor MoreExecutors.directExecutor()
10-18 08:52:35.993  2209  2284 E cdxe    : java.lang.NullPointerException: Attempt to read from field 'java.lang.String bmxl.b' on a null object reference in method 'void bocc.b(java.lang.Object)'
10-18 08:52:35.993  2209  2284 E cdxe    : 	at bocc.b(PG:2)
10-18 08:52:35.993  2209  2284 E cdxe    : 	at byyq.b(PG:3)
10-18 08:52:35.993  2209  2284 E cdxe    : 	at ceab.run(PG:7)
10-18 08:52:35.993  2209  2284 E cdxe    : 	at cdzf.execute(PG:1)
10-18 08:52:35.993  2209  2284 E cdxe    : 	at cdxe.o(PG:1)
10-18 08:52:35.993  2209  2284 E cdxe    : 	at cdxe.b(PG:5)
10-18 08:52:35.993  2209  2284 E cdxe    : 	at ceai.r(PG:2)
10-18 08:52:35.993  2209  2284 E cdxe    : 	at bzax.l(PG:1)
10-18 08:52:35.993  2209  2284 E cdxe    : 	at boce.a(PG:15)
10-18 08:52:35.993  2209  2284 E cdxe    : 	at aktj.a(PG:2)
10-18 08:52:35.993  2209  2284 E cdxe    : 	at bndg.n(PG:3)
10-18 08:52:35.993  2209  2284 E cdxe    : 	at bncv.a(Unknown Source:4)
10-18 08:52:35.993  2209  2284 E cdxe    : 	at byyh.a(PG:3)
10-18 08:52:35.993  2209  2284 E cdxe    : 	at cdxi.d(PG:2)
10-18 08:52:35.993  2209  2284 E cdxe    : 	at cdxk.run(PG:9)
10-18 08:52:35.993  2209  2284 E cdxe    : 	at cebo.run(PG:4)
10-18 08:52:35.993  2209  2284 E cdxe    : 	at bkac.run(PG:1)
10-18 08:52:35.993  2209  2284 E cdxe    : 	at java.util.concurrent.ThreadPoolExecutor.runWorker(ThreadPoolExecutor.java:1137)
10-18 08:52:35.993  2209  2284 E cdxe    : 	at java.util.concurrent.ThreadPoolExecutor$Worker.run(ThreadPoolExecutor.java:637)
10-18 08:52:35.993  2209  2284 E cdxe    : 	at bjzg.run(PG:2)
10-18 08:52:35.993  2209  2284 E cdxe    : 	at java.lang.Thread.run(Thread.java:1012)
10-18 08:52:35.993  2209  2284 E cdxe    : 	at bkam.run(PG:5)
10-18 08:52:35.998  2209  2284 E cdxe    : RuntimeException while executing runnable ceab{byyq@1690abd} with executor MoreExecutors.directExecutor()
10-18 08:52:35.998  2209  2284 E cdxe    : java.lang.NullPointerException: Attempt to read from field 'java.lang.String bmxl.b' on a null object reference in method 'void bocc.b(java.lang.Object)'
10-18 08:52:35.998  2209  2284 E cdxe    : 	at bocc.b(PG:2)
10-18 08:52:35.998  2209  2284 E cdxe    : 	at byyq.b(PG:3)
10-18 08:52:35.998  2209  2284 E cdxe    : 	at ceab.run(PG:7)
10-18 08:52:35.998  2209  2284 E cdxe    : 	at cdzf.execute(PG:1)
10-18 08:52:35.998  2209  2284 E cdxe    : 	at cdxe.o(PG:1)
10-18 08:52:35.998  2209  2284 E cdxe    : 	at cdxe.b(PG:5)
10-18 08:52:35.998  2209  2284 E cdxe    : 	at ceai.r(PG:2)
10-18 08:52:35.998  2209  2284 E cdxe    : 	at bzax.l(PG:1)
10-18 08:52:35.998  2209  2284 E cdxe    : 	at boce.a(PG:15)
10-18 08:52:35.998  2209  2284 E cdxe    : 	at aktj.a(PG:2)
10-18 08:52:35.998  2209  2284 E cdxe    : 	at bndg.n(PG:3)
10-18 08:52:35.998  2209  2284 E cdxe    : 	at bncv.a(Unknown Source:4)
10-18 08:52:35.998  2209  2284 E cdxe    : 	at byyh.a(PG:3)
10-18 08:52:35.998  2209  2284 E cdxe    : 	at cdxi.d(PG:2)
10-18 08:52:35.998  2209  2284 E cdxe    : 	at cdxk.run(PG:9)
10-18 08:52:35.998  2209  2284 E cdxe    : 	at cebo.run(PG:4)
10-18 08:52:35.998  2209  2284 E cdxe    : 	at bkac.run(PG:1)
10-18 08:52:35.998  2209  2284 E cdxe    : 	at java.util.concurrent.ThreadPoolExecutor.runWorker(ThreadPoolExecutor.java:1137)
10-18 08:52:35.998  2209  2284 E cdxe    : 	at java.util.concurrent.ThreadPoolExecutor$Worker.run(ThreadPoolExecutor.java:637)
10-18 08:52:35.998  2209  2284 E cdxe    : 	at bjzg.run(PG:2)
10-18 08:52:35.998  2209  2284 E cdxe    : 	at java.lang.Thread.run(Thread.java:1012)
10-18 08:52:35.998  2209  2284 E cdxe    : 	at bkam.run(PG:5)
10-18 08:52:36.000  2209  2284 E cdxe    : RuntimeException while executing runnable ceab{byyq@e013003} with executor MoreExecutors.directExecutor()
10-18 08:52:36.000  2209  2284 E cdxe    : java.lang.NullPointerException: Attempt to read from field 'java.lang.String bmxl.b' on a null object reference in method 'void bocc.b(java.lang.Object)'
10-18 08:52:36.000  2209  2284 E cdxe    : 	at bocc.b(PG:2)
10-18 08:52:36.000  2209  2284 E cdxe    : 	at byyq.b(PG:3)
10-18 08:52:36.000  2209  2284 E cdxe    : 	at ceab.run(PG:7)
10-18 08:52:36.000  2209  2284 E cdxe    : 	at cdzf.execute(PG:1)
10-18 08:52:36.000  2209  2284 E cdxe    : 	at cdxe.o(PG:1)
10-18 08:52:36.000  2209  2284 E cdxe    : 	at cdxe.b(PG:5)
10-18 08:52:36.000  2209  2284 E cdxe    : 	at ceai.r(PG:2)
10-18 08:52:36.000  2209  2284 E cdxe    : 	at bzax.l(PG:1)
10-18 08:52:36.000  2209  2284 E cdxe    : 	at boce.a(PG:15)
10-18 08:52:36.000  2209  2284 E cdxe    : 	at aktj.a(PG:2)
10-18 08:52:36.000  2209  2284 E cdxe    : 	at bndg.n(PG:3)
10-18 08:52:36.000  2209  2284 E cdxe    : 	at bncv.a(Unknown Source:4)
10-18 08:52:36.000  2209  2284 E cdxe    : 	at byyh.a(PG:3)
10-18 08:52:36.000  2209  2284 E cdxe    : 	at cdxi.d(PG:2)
10-18 08:52:36.000  2209  2284 E cdxe    : 	at cdxk.run(PG:9)
10-18 08:52:36.000  2209  2284 E cdxe    : 	at cebo.run(PG:4)
10-18 08:52:36.000  2209  2284 E cdxe    : 	at bkac.run(PG:1)
10-18 08:52:36.000  2209  2284 E cdxe    : 	at java.util.concurrent.ThreadPoolExecutor.runWorker(ThreadPoolExecutor.java:1137)
10-18 08:52:36.000  2209  2284 E cdxe    : 	at java.util.concurrent.ThreadPoolExecutor$Worker.run(ThreadPoolExecutor.java:637)
10-18 08:52:36.000  2209  2284 E cdxe    : 	at bjzg.run(PG:2)
10-18 08:52:36.000  2209  2284 E cdxe    : 	at java.lang.Thread.run(Thread.java:1012)
10-18 08:52:36.000  2209  2284 E cdxe    : 	at bkam.run(PG:5)
10-18 08:52:36.003  2209  2284 E cdxe    : RuntimeException while executing runnable ceab{byyq@12095b9} with executor MoreExecutors.directExecutor()
10-18 08:52:36.003  2209  2284 E cdxe    : java.lang.NullPointerException: Attempt to read from field 'java.lang.String bmxl.b' on a null object reference in method 'void bocc.b(java.lang.Object)'
10-18 08:52:36.003  2209  2284 E cdxe    : 	at bocc.b(PG:2)
10-18 08:52:36.003  2209  2284 E cdxe    : 	at byyq.b(PG:3)
10-18 08:52:36.003  2209  2284 E cdxe    : 	at ceab.run(PG:7)
10-18 08:52:36.003  2209  2284 E cdxe    : 	at cdzf.execute(PG:1)
10-18 08:52:36.003  2209  2284 E cdxe    : 	at cdxe.o(PG:1)
10-18 08:52:36.003  2209  2284 E cdxe    : 	at cdxe.b(PG:5)
10-18 08:52:36.003  2209  2284 E cdxe    : 	at ceai.r(PG:2)
10-18 08:52:36.003  2209  2284 E cdxe    : 	at bzax.l(PG:1)
10-18 08:52:36.003  2209  2284 E cdxe    : 	at boce.a(PG:15)
10-18 08:52:36.003  2209  2284 E cdxe    : 	at aktj.a(PG:2)
10-18 08:52:36.003  2209  2284 E cdxe    : 	at bndg.n(PG:3)
10-18 08:52:36.003  2209  2284 E cdxe    : 	at bncv.a(Unknown Source:4)
10-18 08:52:36.003  2209  2284 E cdxe    : 	at byyh.a(PG:3)
10-18 08:52:36.003  2209  2284 E cdxe    : 	at cdxi.d(PG:2)
10-18 08:52:36.003  2209  2284 E cdxe    : 	at cdxk.run(PG:9)
10-18 08:52:36.003  2209  2284 E cdxe    : 	at cebo.run(PG:4)
10-18 08:52:36.003  2209  2284 E cdxe    : 	at bkac.run(PG:1)
10-18 08:52:36.003  2209  2284 E cdxe    : 	at java.util.concurrent.ThreadPoolExecutor.runWorker(ThreadPoolExecutor.java:1137)
10-18 08:52:36.003  2209  2284 E cdxe    : 	at java.util.concurrent.ThreadPoolExecutor$Worker.run(ThreadPoolExecutor.java:637)
10-18 08:52:36.003  2209  2284 E cdxe    : 	at bjzg.run(PG:2)
10-18 08:52:36.003  2209  2284 E cdxe    : 	at java.lang.Thread.run(Thread.java:1012)
10-18 08:52:36.003  2209  2284 E cdxe    : 	at bkam.run(PG:5)
10-18 08:52:36.004  2209  2284 E PhFileGroupPop: Failed to add file group 
10-18 08:52:36.004  2209  2284 E cdxe    : RuntimeException while executing runnable ceab{byyq@55cc95f} with executor MoreExecutors.directExecutor()
10-18 08:52:36.004  2209  2284 E cdxe    : java.lang.NullPointerException: Attempt to read from field 'java.lang.String bmxl.b' on a null object reference in method 'void bocc.b(java.lang.Object)'
10-18 08:52:36.004  2209  2284 E cdxe    : 	at bocc.b(PG:2)
10-18 08:52:36.004  2209  2284 E cdxe    : 	at byyq.b(PG:3)
10-18 08:52:36.004  2209  2284 E cdxe    : 	at ceab.run(PG:7)
10-18 08:52:36.004  2209  2284 E cdxe    : 	at cdzf.execute(PG:1)
10-18 08:52:36.004  2209  2284 E cdxe    : 	at cdxe.o(PG:1)
10-18 08:52:36.004  2209  2284 E cdxe    : 	at cdxe.b(PG:5)
10-18 08:52:36.004  2209  2284 E cdxe    : 	at ceai.r(PG:2)
10-18 08:52:36.004  2209  2284 E cdxe    : 	at bzax.l(PG:1)
10-18 08:52:36.004  2209  2284 E cdxe    : 	at boce.a(PG:15)
10-18 08:52:36.004  2209  2284 E cdxe    : 	at aktj.a(PG:2)
10-18 08:52:36.004  2209  2284 E cdxe    : 	at bndg.n(PG:3)
10-18 08:52:36.004  2209  2284 E cdxe    : 	at bncv.a(Unknown Source:4)
10-18 08:52:36.004  2209  2284 E cdxe    : 	at byyh.a(PG:3)
10-18 08:52:36.004  2209  2284 E cdxe    : 	at cdxi.d(PG:2)
10-18 08:52:36.004  2209  2284 E cdxe    : 	at cdxk.run(PG:9)
10-18 08:52:36.004  2209  2284 E cdxe    : 	at cebo.run(PG:4)
10-18 08:52:36.004  2209  2284 E cdxe    : 	at bkac.run(PG:1)
10-18 08:52:36.004  2209  2284 E cdxe    : 	at java.util.concurrent.ThreadPoolExecutor.runWorker(ThreadPoolExecutor.java:1137)
10-18 08:52:36.004  2209  2284 E cdxe    : 	at java.util.concurrent.ThreadPoolExecutor$Worker.run(ThreadPoolExecutor.java:637)
10-18 08:52:36.004  2209  2284 E cdxe    : 	at bjzg.run(PG:2)
10-18 08:52:36.004  2209  2284 E cdxe    : 	at java.lang.Thread.run(Thread.java:1012)
10-18 08:52:36.004  2209  2284 E cdxe    : 	at bkam.run(PG:5)
10-18 08:52:36.005  2209  2284 E PhFileGroupPop: Failed to add file group 
10-18 08:52:36.005  2209  2284 E cdxe    : RuntimeException while executing runnable ceab{byyq@42bd475} with executor MoreExecutors.directExecutor()
10-18 08:52:36.005  2209  2284 E cdxe    : java.lang.NullPointerException: Attempt to read from field 'java.lang.String bmxl.b' on a null object reference in method 'void bocc.b(java.lang.Object)'
10-18 08:52:36.005  2209  2284 E cdxe    : 	at bocc.b(PG:2)
10-18 08:52:36.005  2209  2284 E cdxe    : 	at byyq.b(PG:3)
10-18 08:52:36.005  2209  2284 E cdxe    : 	at ceab.run(PG:7)
10-18 08:52:36.005  2209  2284 E cdxe    : 	at cdzf.execute(PG:1)
10-18 08:52:36.005  2209  2284 E cdxe    : 	at cdxe.o(PG:1)
10-18 08:52:36.005  2209  2284 E cdxe    : 	at cdxe.b(PG:5)
10-18 08:52:36.005  2209  2284 E cdxe    : 	at ceai.r(PG:2)
10-18 08:52:36.005  2209  2284 E cdxe    : 	at bzax.l(PG:1)
10-18 08:52:36.005  2209  2284 E cdxe    : 	at boce.a(PG:15)
10-18 08:52:36.005  2209  2284 E cdxe    : 	at aktj.a(PG:2)
10-18 08:52:36.005  2209  2284 E cdxe    : 	at bndg.n(PG:3)
10-18 08:52:36.005  2209  2284 E cdxe    : 	at bncv.a(Unknown Source:4)
10-18 08:52:36.005  2209  2284 E cdxe    : 	at byyh.a(PG:3)
10-18 08:52:36.005  2209  2284 E cdxe    : 	at cdxi.d(PG:2)
10-18 08:52:36.005  2209  2284 E cdxe    : 	at cdxk.run(PG:9)
10-18 08:52:36.005  2209  2284 E cdxe    : 	at cebo.run(PG:4)
10-18 08:52:36.005  2209  2284 E cdxe    : 	at bkac.run(PG:1)
10-18 08:52:36.005  2209  2284 E cdxe    : 	at java.util.concurrent.ThreadPoolExecutor.runWorker(ThreadPoolExecutor.java:1137)
10-18 08:52:36.005  2209  2284 E cdxe    : 	at java.util.concurrent.ThreadPoolExecutor$Worker.run(ThreadPoolExecutor.java:637)
10-18 08:52:36.005  2209  2284 E cdxe    : 	at bjzg.run(PG:2)
10-18 08:52:36.005  2209  2284 E cdxe    : 	at java.lang.Thread.run(Thread.java:1012)
10-18 08:52:36.005  2209  2284 E cdxe    : 	at bkam.run(PG:5)
10-18 08:52:36.098  2209  2284 E MDD     : FileGroupManager: Trying to add expired group webref-model-local-index.
10-18 08:52:36.098  2209  2284 E PhFileGroupPop: Failed to add file group
10-18 08:52:36.098  2209  2284 E PhFileGroupPop: bnit
10-18 08:52:36.098  2209  2284 E PhFileGroupPop: 	at bnpl.a(PG:90)
10-18 08:52:36.098  2209  2284 E PhFileGroupPop: 	at byyh.a(PG:3)
10-18 08:52:36.098  2209  2284 E PhFileGroupPop: 	at cdxi.d(PG:2)
10-18 08:52:36.098  2209  2284 E PhFileGroupPop: 	at cdxk.run(PG:9)
10-18 08:52:36.098  2209  2284 E PhFileGroupPop: 	at cebo.run(PG:4)
10-18 08:52:36.098  2209  2284 E PhFileGroupPop: 	at bkac.run(PG:1)
10-18 08:52:36.098  2209  2284 E PhFileGroupPop: 	at java.util.concurrent.ThreadPoolExecutor.runWorker(ThreadPoolExecutor.java:1137)
10-18 08:52:36.098  2209  2284 E PhFileGroupPop: 	at java.util.concurrent.ThreadPoolExecutor$Worker.run(ThreadPoolExecutor.java:637)
10-18 08:52:36.098  2209  2284 E PhFileGroupPop: 	at bjzg.run(PG:2)
10-18 08:52:36.098  2209  2284 E PhFileGroupPop: 	at java.lang.Thread.run(Thread.java:1012)
10-18 08:52:36.098  2209  2284 E PhFileGroupPop: 	at bkam.run(PG:5)
10-18 08:52:36.310  2209  2278 E BlockableFutures: Cannot block on non-blocking thread
10-18 08:52:36.310  2209  2278 E BlockableFutures: java.lang.IllegalStateException: Cannot block on non-blocking thread: BG Thread #3
10-18 08:52:36.310  2209  2278 E BlockableFutures: 	at bkbk.c(PG:11)
10-18 08:52:36.310  2209  2278 E BlockableFutures: 	at bkbk.a(PG:1)
10-18 08:52:36.310  2209  2278 E BlockableFutures: 	at ahiw.call(PG:324)
10-18 08:52:36.310  2209  2278 E BlockableFutures: 	at android.content.ContentProvider.call(ContentProvider.java:2511)
10-18 08:52:36.310  2209  2278 E BlockableFutures: 	at ahhi.call(PG:2)
10-18 08:52:36.310  2209  2278 E BlockableFutures: 	at android.content.ContentProvider$Transport.call(ContentProvider.java:525)
10-18 08:52:36.310  2209  2278 E BlockableFutures: 	at android.content.ContentResolver.call(ContentResolver.java:2450)
10-18 08:52:36.310  2209  2278 E BlockableFutures: 	at android.content.ContentResolver.call(ContentResolver.java:2430)
10-18 08:52:36.310  2209  2278 E BlockableFutures: 	at bhar.h(PG:9)
10-18 08:52:36.310  2209  2278 E BlockableFutures: 	at bhar.k(PG:3)
10-18 08:52:36.310  2209  2278 E BlockableFutures: 	at bhap.b(PG:1)
10-18 08:52:36.310  2209  2278 E BlockableFutures: 	at bgfx.g(PG:2)
10-18 08:52:36.310  2209  2278 E BlockableFutures: 	at vef.a(PG:1)
10-18 08:52:36.310  2209  2278 E BlockableFutures: 	at bgdi.b(PG:4)
10-18 08:52:36.310  2209  2278 E BlockableFutures: 	at vfm.create(PG:2)
10-18 08:52:36.310  2209  2278 E BlockableFutures: 	at android.util.LruCache.get(LruCache.java:135)
10-18 08:52:36.310  2209  2278 E BlockableFutures: 	at vfk.b(PG:1)
10-18 08:52:36.310  2209  2278 E BlockableFutures: 	at vfk.c(PG:1)
10-18 08:52:36.310  2209  2278 E BlockableFutures: 	at arkx.f(PG:5)
10-18 08:52:36.310  2209  2278 E BlockableFutures: 	at aoqj.m(PG:2)
10-18 08:52:36.310  2209  2278 E BlockableFutures: 	at aoqj.p(PG:1)
10-18 08:52:36.310  2209  2278 E BlockableFutures: 	at asio.run(Unknown Source:2)
10-18 08:52:36.310  2209  2278 E BlockableFutures: 	at byyc.run(PG:1)
10-18 08:52:36.310  2209  2278 E BlockableFutures: 	at java.util.concurrent.Executors$RunnableAdapter.call(Executors.java:463)
10-18 08:52:36.310  2209  2278 E BlockableFutures: 	at ceby.a(PG:1)
10-18 08:52:36.310  2209  2278 E BlockableFutures: 	at ceav.run(PG:4)
10-18 08:52:36.310  2209  2278 E BlockableFutures: 	at cebz.run(PG:1)
10-18 08:52:36.310  2209  2278 E BlockableFutures: 	at bkac.run(PG:1)
10-18 08:52:36.310  2209  2278 E BlockableFutures: 	at java.util.concurrent.ThreadPoolExecutor.runWorker(ThreadPoolExecutor.java:1137)
10-18 08:52:36.310  2209  2278 E BlockableFutures: 	at java.util.concurrent.ThreadPoolExecutor$Worker.run(ThreadPoolExecutor.java:637)
10-18 08:52:36.310  2209  2278 E BlockableFutures: 	at bjzl.run(PG:2)
10-18 08:52:36.310  2209  2278 E BlockableFutures: 	at java.lang.Thread.run(Thread.java:1012)
10-18 08:52:36.310  2209  2278 E BlockableFutures: 	at bkam.run(PG:5)
10-18 08:52:36.649  2209  2944 E AssistantConnector: Couldn't read whether gRPC is supported from public value
10-18 08:52:36.649  2209  2944 E AssistantConnector: java.lang.IllegalStateException: Failed to query AGSA value. This is most likely caused by a Google signature check failure. Please make sure both of the AGSA app and the client app are either release or dev builds.
10-18 08:52:36.649  2209  2944 E AssistantConnector: 	at bhtw.call(PG:17)
10-18 08:52:36.649  2209  2944 E AssistantConnector: 	at byyi.call(PG:3)
10-18 08:52:36.649  2209  2944 E AssistantConnector: 	at ceby.a(PG:1)
10-18 08:52:36.649  2209  2944 E AssistantConnector: 	at ceav.run(PG:4)
10-18 08:52:36.649  2209  2944 E AssistantConnector: 	at cebz.run(PG:1)
10-18 08:52:36.649  2209  2944 E AssistantConnector: 	at java.util.concurrent.ThreadPoolExecutor.runWorker(ThreadPoolExecutor.java:1137)
10-18 08:52:36.649  2209  2944 E AssistantConnector: 	at java.util.concurrent.ThreadPoolExecutor$Worker.run(ThreadPoolExecutor.java:637)
10-18 08:52:36.649  2209  2944 E AssistantConnector: 	at java.lang.Thread.run(Thread.java:1012)
10-18 08:52:36.774   521  2097 E JobScheduler.JobStatus: App com.google.android.dialer became active but still in NEVER bucket
10-18 08:52:36.937   521   874 E AppOps  : Bad call made by uid 10125. Package "com.google.android.gms" does not belong to uid 10125.
10-18 08:52:36.990   521   874 E AppOps  : Bad call made by uid 10125. Package "com.google.android.gms" does not belong to uid 10125.
10-18 08:52:36.998   521  2099 E AppOps  : Bad call made by uid 10125. Package "com.google.android.gms" does not belong to uid 10125.
10-18 08:52:37.252   521  2100 E JobScheduler.JobStatus: App com.google.android.dialer became active but still in NEVER bucket
10-18 08:52:37.410   521  1225 E JobScheduler.JobStatus: App com.google.android.dialer became active but still in NEVER bucket
10-18 08:52:38.639  2998  3037 E cr_ChromiumAndroidLinker: ReserveAddressWithHint: Address range starting at 0x740786c0e000 was not free to use
10-18 08:52:38.681  2998  3037 E cr_ChromiumAndroidLinker: RelroIsIdentical: Incoming RELRO size does not match RELRO of the loaded library
10-18 08:52:38.681  2998  3037 E cr_ChromiumAndroidLinker: CompareRelroAndReplaceItBy: RELRO is not identical
10-18 08:52:40.695  1186  2879 E GmsTaskScheduler: sendWakeUpEvent called on SchedulerClientBroadcastStrategy
10-18 08:52:41.145   521  1013 E JobScheduler.JobStatus: App com.google.android.dialer became active but still in NEVER bucket
10-18 08:52:41.658  1186  2879 E GmsTaskScheduler: sendWakeUpEvent called on SchedulerClientBroadcastStrategy
10-18 08:52:42.422  1417  2148 E constellation: [api_verify_phone_operation] Failed to generate Client Signature
10-18 08:52:42.422  1417  2148 E constellation: acwp: Stored private key deleted
10-18 08:52:42.422  1417  2148 E constellation: 	at acos.e(:com.google.android.gms@231818047@23.18.18 (190800-535401451):4)
10-18 08:52:42.422  1417  2148 E constellation: 	at acos.d(:com.google.android.gms@231818047@23.18.18 (190800-535401451):1)
10-18 08:52:42.422  1417  2148 E constellation: 	at acoa.c(:com.google.android.gms@231818047@23.18.18 (190800-535401451):22)
10-18 08:52:42.422  1417  2148 E constellation: 	at acoa.f(:com.google.android.gms@231818047@23.18.18 (190800-535401451):12)
10-18 08:52:42.422  1417  2148 E constellation: 	at avsy.eo(:com.google.android.gms@231818047@23.18.18 (190800-535401451):1)
10-18 08:52:42.422  1417  2148 E constellation: 	at avtf.run(:com.google.android.gms@231818047@23.18.18 (190800-535401451):14)
10-18 08:52:42.422  1417  2148 E constellation: 	at dfhf.run(:com.google.android.gms@231818047@23.18.18 (190800-535401451):2)
10-18 08:52:42.422  1417  2148 E constellation: 	at aced.c(:com.google.android.gms@231818047@23.18.18 (190800-535401451):6)
10-18 08:52:42.422  1417  2148 E constellation: 	at aced.run(:com.google.android.gms@231818047@23.18.18 (190800-535401451):7)
10-18 08:52:42.422  1417  2148 E constellation: 	at java.util.concurrent.ThreadPoolExecutor.runWorker(ThreadPoolExecutor.java:1137)
10-18 08:52:42.422  1417  2148 E constellation: 	at java.util.concurrent.ThreadPoolExecutor$Worker.run(ThreadPoolExecutor.java:637)
10-18 08:52:42.422  1417  2148 E constellation: 	at acjn.run(:com.google.android.gms@231818047@23.18.18 (190800-535401451):0)
10-18 08:52:42.422  1417  2148 E constellation: 	at java.lang.Thread.run(Thread.java:1012)
10-18 08:52:42.791  1186  1269 E bwfc    : Phenotype API error. Event # edax@564beab0, EventCode: 7 [CONTEXT service_id=51 ]
10-18 08:52:42.791  1186  1269 E bwfc    : bwdx: 29505: No config packages for log source, or config package not registered
10-18 08:52:42.791  1186  1269 E bwfc    : 	at bwfz.b(:com.google.android.gms@231818047@23.18.18 (190800-535401451):4)
10-18 08:52:42.791  1186  1269 E bwfc    : 	at bwfw.g(:com.google.android.gms@231818047@23.18.18 (190800-535401451):0)
10-18 08:52:42.791  1186  1269 E bwfc    : 	at bwfc.e(:com.google.android.gms@231818047@23.18.18 (190800-535401451):4)
10-18 08:52:42.791  1186  1269 E bwfc    : 	at bwfc.f(:com.google.android.gms@231818047@23.18.18 (190800-535401451):2)
10-18 08:52:42.791  1186  1269 E bwfc    : 	at avsy.eo(:com.google.android.gms@231818047@23.18.18 (190800-535401451):1)
10-18 08:52:42.791  1186  1269 E bwfc    : 	at avtf.run(:com.google.android.gms@231818047@23.18.18 (190800-535401451):14)
10-18 08:52:42.791  1186  1269 E bwfc    : 	at dfhf.run(:com.google.android.gms@231818047@23.18.18 (190800-535401451):2)
10-18 08:52:42.791  1186  1269 E bwfc    : 	at aced.c(:com.google.android.gms@231818047@23.18.18 (190800-535401451):6)
10-18 08:52:42.791  1186  1269 E bwfc    : 	at aced.run(:com.google.android.gms@231818047@23.18.18 (190800-535401451):8)
10-18 08:52:42.791  1186  1269 E bwfc    : 	at java.util.concurrent.ThreadPoolExecutor.runWorker(ThreadPoolExecutor.java:1137)
10-18 08:52:42.791  1186  1269 E bwfc    : 	at java.util.concurrent.ThreadPoolExecutor$Worker.run(ThreadPoolExecutor.java:637)
10-18 08:52:42.791  1186  1269 E bwfc    : 	at acjn.run(:com.google.android.gms@231818047@23.18.18 (190800-535401451):0)
10-18 08:52:42.791  1186  1269 E bwfc    : 	at java.lang.Thread.run(Thread.java:1012)
10-18 08:52:43.438   521   611 E JobScheduler.Quota: <0>com.google.android.apps.photos has 0 EJ quota without running anything
10-18 08:52:43.920   521  2626 E JobScheduler.JobStatus: App com.google.android.apps.photos became active but still in NEVER bucket
10-18 08:52:43.945   521   893 E JobScheduler.JobStatus: App com.google.android.apps.photos became active but still in NEVER bucket
10-18 08:52:43.949   521  2626 E JobScheduler.JobStatus: App com.google.android.apps.photos became active but still in NEVER bucket
10-18 08:52:43.974   521   856 E JobScheduler.JobStatus: App com.google.android.apps.photos became active but still in NEVER bucket
10-18 08:52:44.020   521  2099 E JobScheduler.JobStatus: App com.google.android.apps.photos became active but still in NEVER bucket
10-18 08:52:44.059   521   550 E JobScheduler.JobStatus: App com.google.android.apps.photos became active but still in NEVER bucket
10-18 08:52:44.226   521   856 E JobScheduler.JobStatus: App com.google.android.apps.photos became active but still in NEVER bucket
10-18 08:52:44.230   521   856 E JobScheduler.JobStatus: App com.google.android.apps.photos became active but still in NEVER bucket
10-18 08:52:44.243   521  2626 E JobScheduler.JobStatus: App com.google.android.apps.photos became active but still in NEVER bucket
10-18 08:52:44.264   521  2626 E JobScheduler.JobStatus: App com.google.android.apps.photos became active but still in NEVER bucket
10-18 08:52:44.505   521  1757 E JobScheduler.JobStatus: App com.google.android.apps.photos became active but still in NEVER bucket
10-18 08:52:44.574   521   559 E GnssUtilsJni: IGnss injectLocation() failed.
10-18 08:52:44.957  3240  3262 E Traceur : traceService:stderr: Warning: No PTY. CTRL+C won't gracefully stop the trace. If you are running perfetto via adb shell, use the -tt arg (adb shell -t perfetto ...) or consider using the helper script tools/record_android_trace from the Perfetto repository.
10-18 08:52:44.957  3240  3262 E Traceur : traceService:stderr: 
10-18 08:52:44.960   409   409 E perfetto: ing_service_impl.cc:556 Failed to attach consumer, session 'traceur' not found for uid 10101
10-18 08:52:47.162  2812  2812 E cr_BTSPrefs: No data found for task id: 53
10-18 08:52:47.162  2812  2812 E cr_BkgrdTaskScheduler: Task cannot be canceled because no data was found instorage or data was invalid
10-18 08:52:47.491   521   521 E NearbyManager: Cannot stop scan with this callback because it is never registered.
10-18 08:52:48.129   787   952 E SystemServiceRegistry: No service published for: ethernet
10-18 08:52:48.129   787   952 E SystemServiceRegistry: android.os.ServiceManager$ServiceNotFoundException: No service published for: ethernet
10-18 08:52:48.129   787   952 E SystemServiceRegistry: 	at android.os.ServiceManager.getServiceOrThrow(ServiceManager.java:166)
10-18 08:52:48.129   787   952 E SystemServiceRegistry: 	at android.app.SystemServiceRegistry$136.createService(SystemServiceRegistry.java:1809)
10-18 08:52:48.129   787   952 E SystemServiceRegistry: 	at android.app.SystemServiceRegistry$CachedServiceFetcher.getService(SystemServiceRegistry.java:1908)
10-18 08:52:48.129   787   952 E SystemServiceRegistry: 	at android.app.SystemServiceRegistry.getSystemService(SystemServiceRegistry.java:1585)
10-18 08:52:48.129   787   952 E SystemServiceRegistry: 	at android.app.ContextImpl.getSystemService(ContextImpl.java:2120)
10-18 08:52:48.129   787   952 E SystemServiceRegistry: 	at android.content.ContextWrapper.getSystemService(ContextWrapper.java:900)
10-18 08:52:48.129   787   952 E SystemServiceRegistry: 	at com.android.networkstack.tethering.Tethering.isEthernetSupported(Tethering.java:1590)
10-18 08:52:48.129   787   952 E SystemServiceRegistry: 	at com.android.networkstack.tethering.Tethering.makeSupportedDownstreams(Tethering.java:2556)
